--------- beginning of system
04-06 00:53:12.596  1264  1264 I vold    : Vold 3.0 (the awakening) firing up
04-06 00:53:12.596  1264  1264 V vold    : Detected support for: ext4 vfat
04-06 00:53:12.867  1264  1267 D vold    : Recognized experimental block major ID 253 as virtio-blk (emulator's virtual SD card device)
04-06 00:53:12.867  1264  1267 V vold    : /system/bin/sgdisk
04-06 00:53:12.867  1264  1267 V vold    :     --android-dump
04-06 00:53:12.867  1264  1267 V vold    :     /dev/block/vold/disk:253,64
04-06 00:53:12.891  1264  1300 D vold    : e4crypt_init_user0
04-06 00:53:12.891  1264  1300 D vold    : e4crypt_prepare_user_storage for volume null, user 0, serial 0, flags 1
04-06 00:53:12.891  1264  1300 D vold    : Preparing: /data/system/users/0
04-06 00:53:12.891  1264  1300 E vold    : Failed to prepare /data/system/users/0: No such file or directory
04-06 00:53:12.891  1264  1300 E vold    : Failed to prepare user 0 storage
04-06 00:53:12.906  1264  1267 V vold    : DISK mbr
04-06 00:53:12.906  1264  1267 V vold    : 
04-06 00:53:12.906  1264  1267 W vold    : disk:253,64 has unknown partition table; trying entire device
04-06 00:53:12.906  1264  1267 V vold    : /system/bin/blkid
04-06 00:53:12.906  1264  1267 V vold    :     -c
04-06 00:53:12.907  1264  1267 V vold    :     /dev/null
04-06 00:53:12.907  1264  1267 V vold    :     -s
04-06 00:53:12.907  1264  1267 V vold    :     TYPE
04-06 00:53:12.907  1264  1267 V vold    :     -s
04-06 00:53:12.907  1264  1267 V vold    :     UUID
04-06 00:53:12.907  1264  1267 V vold    :     -s
04-06 00:53:12.907  1264  1267 V vold    :     LABEL
04-06 00:53:12.907  1264  1267 V vold    :     /dev/block/vold/disk:253,64
04-06 00:53:12.936  1264  1267 V vold    : /dev/block/vold/disk:253,64: LABEL="SDCARD" UUID="0F15-3906" TYPE="vfat" 
04-06 00:53:12.937  1264  1267 V vold    : 
04-06 00:53:13.000  1264  1317 E Cryptfs : Bad magic for real block device /dev/block/vdd
04-06 00:53:13.018  1264  1317 D Cryptfs : Just asked init to shut down class main
04-06 00:53:13.018  1264  1317 W vold    : emulated unmount requires state mounted
04-06 00:53:13.018  1264  1317 W vold    : public:253,64 unmount requires state mounted
04-06 00:53:13.032  1264  1317 D Cryptfs : Just triggered post_fs_data
04-06 00:53:13.096  1264  1300 D vold    : e4crypt_init_user0
04-06 00:53:13.096  1264  1300 D vold    : e4crypt_prepare_user_storage for volume null, user 0, serial 0, flags 1
04-06 00:53:13.096  1264  1300 D vold    : Preparing: /data/system/users/0
04-06 00:53:13.096  1264  1300 D vold    : Preparing: /data/misc/profiles/cur/0
04-06 00:53:13.096  1264  1300 D vold    : Preparing: /data/misc/profiles/cur/0/foreign-dex
04-06 00:53:13.097  1264  1300 D vold    : Preparing: /data/system_de/0
04-06 00:53:13.097  1264  1300 D vold    : Preparing: /data/misc_de/0
04-06 00:53:13.097  1264  1300 D vold    : Preparing: /data/user_de/0
04-06 00:53:13.097  1264  1300 D vold    : e4crypt_unlock_user_key 0 serial=0 token_present=0
04-06 00:53:13.097  1264  1300 E vold    : Failed to chmod /data/system_ce/0: No such file or directory
04-06 00:53:13.097  1264  1300 E vold    : Failed to chmod /data/misc_ce/0: No such file or directory
04-06 00:53:13.097  1264  1300 E vold    : Failed to chmod /data/media/0: No such file or directory
04-06 00:53:13.135  1264  1317 D Cryptfs : post_fs_data done
04-06 00:53:15.140  1264  1317 I Cryptfs : keymaster module name is Keymaster OpenSSL HAL
04-06 00:53:15.140  1264  1317 I Cryptfs : keymaster version is 2
04-06 00:53:15.140  1264  1317 I Cryptfs : Found keymaster0 module, using keymaster0 API.
04-06 00:53:15.140  1264  1317 I Cryptfs : Using scrypt for cryptfs KDF
04-06 00:53:15.588  1264  1317 I Cryptfs : Using scrypt for cryptfs KDF
04-06 00:53:15.787  1264  1317 I Cryptfs : Enabling support for allow_discards in dmcrypt.
04-06 00:53:15.793  1264  1267 D vold    : Disk at 252:0 changed
04-06 00:53:15.794  1264  1317 I Cryptfs : Encrypting ext4 filesystem in place...
04-06 00:53:15.795  1264  1317 I Cryptfs : Encrypting group 0
04-06 00:53:15.795  1264  1317 I Cryptfs : Encrypting from sector 0
04-06 00:53:16.467  1264  1317 I Cryptfs : Encrypting group 1
04-06 00:53:16.471  1264  1317 I Cryptfs : Encrypted to sector 1019392
04-06 00:53:16.471  1264  1317 I Cryptfs : Encrypting from sector 16777216
04-06 00:53:17.110  1264  1317 I Cryptfs : Encrypting group 2
04-06 00:53:17.114  1264  1317 I Cryptfs : Encrypted to sector 17041920
04-06 00:53:17.114  1264  1317 I Cryptfs : Encrypting from sector 33554432
04-06 00:53:17.734  1264  1317 I Cryptfs : Encrypting group 3
04-06 00:53:17.738  1264  1317 I Cryptfs : Encrypted to sector 33789952
04-06 00:53:17.738  1264  1317 I Cryptfs : Encrypting from sector 50331648
04-06 00:53:18.400  1264  1317 I Cryptfs : Encrypting group 4
04-06 00:53:18.404  1264  1317 I Cryptfs : Encrypted to sector 50596352
04-06 00:53:18.404  1264  1317 I Cryptfs : Encrypting from sector 67108864
04-06 00:53:19.073  1264  1317 I Cryptfs : Encrypting group 5
04-06 00:53:19.077  1264  1317 I Cryptfs : Encrypted to sector 67344384
04-06 00:53:19.077  1264  1317 I Cryptfs : Encrypting from sector 83886080
04-06 00:53:19.750  1264  1317 I Cryptfs : Encrypting group 6
04-06 00:53:19.757  1264  1317 I Cryptfs : Encrypted to sector 84150784
04-06 00:53:19.757  1264  1317 I Cryptfs : Encrypting from sector 100663296
04-06 00:53:20.570  1264  1317 I Cryptfs : Encrypted to sector 104693248
04-06 00:53:20.761  1264  1317 I Cryptfs : cryptfs_check_passwd
04-06 00:53:20.761  1264  1317 D Cryptfs : crypt_ftr->fs_size = 1638400
04-06 00:53:20.761  1264  1317 I Cryptfs : Using scrypt for cryptfs KDF
04-06 00:53:20.992  1264  1317 I Cryptfs : Enabling support for allow_discards in dmcrypt.
04-06 00:53:20.996  1264  1267 D vold    : Disk at 252:0 changed
04-06 00:53:21.196  1264  1317 I Cryptfs : Password matches
04-06 00:53:21.197  1264  1317 D Cryptfs : test_mount_encrypted_fs(): Master key saved
04-06 00:53:21.197  1264  1317 I Cryptfs : keymaster module name is Keymaster OpenSSL HAL
04-06 00:53:21.197  1264  1317 I Cryptfs : keymaster version is 2
04-06 00:53:21.197  1264  1317 I Cryptfs : Found keymaster0 module, using keymaster0 API.
04-06 00:53:21.198  1264  1317 D Cryptfs : Just asked init to shut down class main
04-06 00:53:23.201  1264  1317 D Cryptfs : unmounting /data succeeded
04-06 00:53:23.344  1264  1317 D Cryptfs : Just triggered post_fs_data
04-06 00:53:23.370  1264  1300 D vold    : e4crypt_init_user0
04-06 00:53:23.370  1264  1300 D vold    : e4crypt_prepare_user_storage for volume null, user 0, serial 0, flags 1
04-06 00:53:23.370  1264  1300 D vold    : Preparing: /data/system/users/0
04-06 00:53:23.370  1264  1300 D vold    : Preparing: /data/misc/profiles/cur/0
04-06 00:53:23.370  1264  1300 D vold    : Preparing: /data/misc/profiles/cur/0/foreign-dex
04-06 00:53:23.370  1264  1300 D vold    : Preparing: /data/system_de/0
04-06 00:53:23.370  1264  1300 D vold    : Preparing: /data/misc_de/0
04-06 00:53:23.370  1264  1300 D vold    : Preparing: /data/user_de/0
04-06 00:53:23.370  1264  1300 D vold    : e4crypt_unlock_user_key 0 serial=0 token_present=0
04-06 00:53:23.370  1264  1300 E vold    : Failed to chmod /data/system_ce/0: No such file or directory
04-06 00:53:23.370  1264  1300 E vold    : Failed to chmod /data/misc_ce/0: No such file or directory
04-06 00:53:23.370  1264  1300 E vold    : Failed to chmod /data/media/0: No such file or directory
04-06 00:53:23.447  1264  1317 D Cryptfs : post_fs_data done
04-06 00:53:23.448  1264  1317 D Cryptfs : Just triggered restart_framework
04-06 00:53:23.941  1402  1402 D         : Assuming that device has multi-user storage layout; upgrade no longer supported
04-06 00:53:29.831  1650  1650 I InstallerConnection: connecting...
04-06 00:53:29.870  1650  1650 I InstallerConnection: disconnecting...
04-06 00:53:29.947  1650  1650 I SystemServer: Entered the Android system server!
04-06 00:53:30.310  1650  1650 I SystemServiceManager: Starting com.android.server.pm.Installer
04-06 00:53:30.321  1650  1650 I Installer: Waiting for installd to be ready.
04-06 00:53:30.321  1650  1650 I InstallerConnection: connecting...
04-06 00:53:30.322  1650  1650 I SystemServiceManager: Starting com.android.server.am.ActivityManagerService$Lifecycle
04-06 00:53:30.385  1650  1650 I ActivityManager: Memory class: 384
04-06 00:53:30.398  1650  1666 I ServiceThread: Enabled StrictMode logging for ActivityManager looper.
04-06 00:53:30.405  1650  1667 I ServiceThread: Enabled StrictMode logging for android.ui looper.
04-06 00:53:30.470  1650  1650 D BatteryStatsImpl: Reading daily items from /data/system/batterystats-daily.xml
04-06 00:53:30.527  1650  1650 I AppOps  : No existing app ops /data/system/appops.xml; starting empty
04-06 00:53:30.576  1650  1650 I IntentFirewall: Read new rules (A:0 B:0 S:0)
04-06 00:53:30.592  1650  1673 I ServiceThread: Enabled StrictMode logging for android.display looper.
04-06 00:53:30.604  1650  1650 D AppOps  : AppOpsService published
04-06 00:53:30.605  1650  1650 I SystemServiceManager: Starting com.android.server.power.PowerManagerService
04-06 00:53:30.612  1650  1675 I ServiceThread: Enabled StrictMode logging for PowerManagerService looper.
04-06 00:53:30.618  1650  1650 I SystemServiceManager: Starting com.android.server.lights.LightsService
04-06 00:53:30.633  1650  1650 I SystemServiceManager: Starting com.android.server.display.DisplayManagerService
04-06 00:53:30.649  1650  1673 I DisplayManagerService: Display device added: DisplayDeviceInfo{"Built-in Screen": uniqueId="local:0", 1080 x 1920, modeId 1, defaultModeId 1, supportedModes [{id=1, width=1080, height=1920, fps=60.000004}], colorTransformId 1, defaultColorTransformId 1, supportedColorTransforms [{id=1, colorTransform=0}], HdrCapabilities android.view.Display$HdrCapabilities@c5aeebc, density 420, 420.0 x 420.0 dpi, appVsyncOff 0, presDeadline 17666666, touch INTERNAL, rotation 0, type BUILT_IN, state UNKNOWN, FLAG_DEFAULT_DISPLAY, FLAG_ROTATES_WITH_CONTENT, FLAG_SECURE, FLAG_SUPPORTS_PROTECTED_BUFFERS}
04-06 00:53:30.651  1650  1673 I DisplayManagerService: Display device changed state: "Built-in Screen", ON
04-06 00:53:30.653  1650  1650 I SystemServiceManager: Starting phase 100
04-06 00:53:30.653  1650  1650 I SystemServer: StartPackageManagerService
04-06 00:53:30.737  1650  1650 W FileUtils: Failed to chmod(/data/system/packages.list): android.system.ErrnoException: chmod failed: ENOENT (No such file or directory)
04-06 00:53:30.847  1650  1650 D SELinuxMMAC: Using policy file /system/etc/security/mac_permissions.xml
04-06 00:53:30.857  1650  1650 I PackageManager: No settings file; creating initial state
04-06 00:53:30.912  1650  1650 W PackageManager: Library not found: /system/framework/org.apache.http.legacy.jar
04-06 00:53:31.356  1650  1650 W PackageManager: Failed to parse /system/framework/oat: Missing base APK in /system/framework/oat
04-06 00:53:31.357  1650  1650 W PackageManager: Failed to parse /system/framework/x86: Missing base APK in /system/framework/x86
04-06 00:53:31.479  1650  1650 W PackageParser: No actions in intent filter at /system/priv-app/Contacts/Contacts.apk Binary XML file line #403
04-06 00:53:31.663  1650  1650 W PackageParser: No actions in intent filter at /system/priv-app/Dialer/Dialer.apk Binary XML file line #185
04-06 00:53:31.839  1650  1650 W PackageManager: Permission android.permission.DOWNLOAD_WITHOUT_NOTIFICATION from package com.android.providers.downloads in an unknown group android.permission-group.NETWORK
04-06 00:53:31.978  1650  1650 W PackageParser: Unknown element under <manifest>: uses-library at /system/priv-app/GoogleFeedback/GoogleFeedback.apk Binary XML file line #33
04-06 00:53:32.258  1650  1650 W PackageParser: Ignoring duplicate uses-permissions/uses-permissions-sdk-m: com.google.android.providers.gsf.permission.READ_GSERVICES in package: com.google.android.partnersetup at: Binary XML file line #32
04-06 00:53:32.363  1650  1650 W PackageManager: Permission com.google.android.googleapps.permission.GOOGLE_AUTH from package com.google.android.gsf in an unknown group android.permission-group.ACCOUNTS
04-06 00:53:32.363  1650  1650 W PackageManager: Permission com.google.android.googleapps.permission.GOOGLE_AUTH.ALL_SERVICES from package com.google.android.gsf in an unknown group android.permission-group.ACCOUNTS
04-06 00:53:32.363  1650  1650 W PackageManager: Permission com.google.android.googleapps.permission.GOOGLE_AUTH.OTHER_SERVICES from package com.google.android.gsf in an unknown group android.permission-group.ACCOUNTS
04-06 00:53:32.363  1650  1650 W PackageManager: Permission com.google.android.googleapps.permission.GOOGLE_AUTH.mail from package com.google.android.gsf in an unknown group android.permission-group.ACCOUNTS
04-06 00:53:32.363  1650  1650 W PackageManager: Permission com.google.android.googleapps.permission.GOOGLE_AUTH.cl from package com.google.android.gsf in an unknown group android.permission-group.ACCOUNTS
04-06 00:53:32.363  1650  1650 W PackageManager: Permission com.google.android.googleapps.permission.GOOGLE_AUTH.android from package com.google.android.gsf in an unknown group android.permission-group.ACCOUNTS
04-06 00:53:32.363  1650  1650 W PackageManager: Permission com.google.android.googleapps.permission.GOOGLE_AUTH.androidsecure from package com.google.android.gsf in an unknown group android.permission-group.ACCOUNTS
04-06 00:53:32.363  1650  1650 W PackageManager: Permission com.google.android.googleapps.permission.GOOGLE_AUTH.sierra from package com.google.android.gsf in an unknown group android.permission-group.ACCOUNTS
04-06 00:53:32.363  1650  1650 W PackageManager: Permission com.google.android.googleapps.permission.GOOGLE_AUTH.sierraqa from package com.google.android.gsf in an unknown group android.permission-group.ACCOUNTS
04-06 00:53:32.363  1650  1650 W PackageManager: Permission com.google.android.googleapps.permission.GOOGLE_AUTH.sierrasandbox from package com.google.android.gsf in an unknown group android.permission-group.ACCOUNTS
04-06 00:53:32.363  1650  1650 W PackageManager: Permission com.google.android.googleapps.permission.GOOGLE_AUTH.youtube from package com.google.android.gsf in an unknown group android.permission-group.ACCOUNTS
04-06 00:53:32.364  1650  1650 W PackageManager: Permission com.google.android.googleapps.permission.GOOGLE_AUTH.YouTubeUser from package com.google.android.gsf in an unknown group android.permission-group.ACCOUNTS
04-06 00:53:32.364  1650  1650 W PackageManager: Permission com.google.android.googleapps.permission.GOOGLE_AUTH.talk from package com.google.android.gsf in an unknown group android.permission-group.ACCOUNTS
04-06 00:53:32.364  1650  1650 W PackageManager: Permission com.google.android.googleapps.permission.GOOGLE_AUTH.ig from package com.google.android.gsf in an unknown group android.permission-group.ACCOUNTS
04-06 00:53:32.364  1650  1650 W PackageManager: Permission com.google.android.googleapps.permission.GOOGLE_AUTH.lh2 from package com.google.android.gsf in an unknown group android.permission-group.ACCOUNTS
04-06 00:53:32.364  1650  1650 W PackageManager: Permission com.google.android.googleapps.permission.GOOGLE_AUTH.mobile from package com.google.android.gsf in an unknown group android.permission-group.ACCOUNTS
04-06 00:53:32.364  1650  1650 W PackageManager: Permission com.google.android.googleapps.permission.GOOGLE_AUTH.cp from package com.google.android.gsf in an unknown group android.permission-group.ACCOUNTS
04-06 00:53:32.364  1650  1650 W PackageManager: Permission com.google.android.googleapps.permission.GOOGLE_AUTH.adsense from package com.google.android.gsf in an unknown group android.permission-group.ACCOUNTS
04-06 00:53:32.364  1650  1650 W PackageManager: Permission com.google.android.googleapps.permission.GOOGLE_AUTH.adwords from package com.google.android.gsf in an unknown group android.permission-group.ACCOUNTS
04-06 00:53:32.364  1650  1650 W PackageManager: Permission com.google.android.googleapps.permission.GOOGLE_AUTH.blogger from package com.google.android.gsf in an unknown group android.permission-group.ACCOUNTS
04-06 00:53:32.364  1650  1650 W PackageManager: Permission com.google.android.googleapps.permission.GOOGLE_AUTH.dodgeball from package com.google.android.gsf in an unknown group android.permission-group.ACCOUNTS
04-06 00:53:32.364  1650  1650 W PackageManager: Permission com.google.android.googleapps.permission.GOOGLE_AUTH.gbase from package com.google.android.gsf in an unknown group android.permission-group.ACCOUNTS
04-06 00:53:32.364  1650  1650 W PackageManager: Permission com.google.android.googleapps.permission.GOOGLE_AUTH.groups2 from package com.google.android.gsf in an unknown group android.permission-group.ACCOUNTS
04-06 00:53:32.364  1650  1650 W PackageManager: Permission com.google.android.googleapps.permission.GOOGLE_AUTH.health from package com.google.android.gsf in an unknown group android.permission-group.ACCOUNTS
04-06 00:53:32.364  1650  1650 W PackageManager: Permission com.google.android.googleapps.permission.GOOGLE_AUTH.jotspot from package com.google.android.gsf in an unknown group android.permission-group.ACCOUNTS
04-06 00:53:32.364  1650  1650 W PackageManager: Permission com.google.android.googleapps.permission.GOOGLE_AUTH.knol from package com.google.android.gsf in an unknown group android.permission-group.ACCOUNTS
04-06 00:53:32.364  1650  1650 W PackageManager: Permission com.google.android.googleapps.permission.GOOGLE_AUTH.news from package com.google.android.gsf in an unknown group android.permission-group.ACCOUNTS
04-06 00:53:32.364  1650  1650 W PackageManager: Permission com.google.android.googleapps.permission.GOOGLE_AUTH.orkut from package com.google.android.gsf in an unknown group android.permission-group.ACCOUNTS
04-06 00:53:32.364  1650  1650 W PackageManager: Permission com.google.android.googleapps.permission.GOOGLE_AUTH.print from package com.google.android.gsf in an unknown group android.permission-group.ACCOUNTS
04-06 00:53:32.364  1650  1650 W PackageManager: Permission com.google.android.googleapps.permission.GOOGLE_AUTH.sitemaps from package com.google.android.gsf in an unknown group android.permission-group.ACCOUNTS
04-06 00:53:32.364  1650  1650 W PackageManager: Permission com.google.android.googleapps.permission.GOOGLE_AUTH.wifi from package com.google.android.gsf in an unknown group android.permission-group.ACCOUNTS
04-06 00:53:32.364  1650  1650 W PackageManager: Permission com.google.android.googleapps.permission.GOOGLE_AUTH.finance from package com.google.android.gsf in an unknown group android.permission-group.ACCOUNTS
04-06 00:53:32.364  1650  1650 W PackageManager: Permission com.google.android.googleapps.permission.GOOGLE_AUTH.local from package com.google.android.gsf in an unknown group android.permission-group.ACCOUNTS
04-06 00:53:32.364  1650  1650 W PackageManager: Permission com.google.android.googleapps.permission.GOOGLE_AUTH.ah from package com.google.android.gsf in an unknown group android.permission-group.ACCOUNTS
04-06 00:53:32.365  1650  1650 W PackageManager: Permission com.google.android.googleapps.permission.GOOGLE_AUTH.notebook from package com.google.android.gsf in an unknown group android.permission-group.ACCOUNTS
04-06 00:53:32.365  1650  1650 W PackageManager: Permission com.google.android.googleapps.permission.GOOGLE_AUTH.writely from package com.google.android.gsf in an unknown group android.permission-group.ACCOUNTS
04-06 00:53:32.365  1650  1650 W PackageManager: Permission com.google.android.googleapps.permission.GOOGLE_AUTH.wise from package com.google.android.gsf in an unknown group android.permission-group.ACCOUNTS
04-06 00:53:32.365  1650  1650 W PackageManager: Permission com.google.android.googleapps.permission.GOOGLE_AUTH.grandcentral from package com.google.android.gsf in an unknown group android.permission-group.ACCOUNTS
04-06 00:53:32.365  1650  1650 W PackageManager: Permission com.google.android.googleapps.permission.GOOGLE_AUTH.speechpersonalization from package com.google.android.gsf in an unknown group android.permission-group.ACCOUNTS
04-06 00:53:32.365  1650  1650 W PackageManager: Permission com.google.android.googleapps.permission.GOOGLE_AUTH.speech from package com.google.android.gsf in an unknown group android.permission-group.ACCOUNTS
04-06 00:53:32.365  1650  1650 W PackageManager: Permission com.google.android.providers.talk.permission.READ_ONLY from package com.google.android.gsf in an unknown group android.permission-group.MESSAGES
04-06 00:53:32.365  1650  1650 W PackageManager: Permission com.google.android.providers.talk.permission.WRITE_ONLY from package com.google.android.gsf in an unknown group android.permission-group.MESSAGES
04-06 00:53:32.365  1650  1650 W PackageManager: Permission com.google.android.gtalkservice.permission.GTALK_SERVICE from package com.google.android.gsf in an unknown group android.permission-group.MESSAGES
04-06 00:53:32.365  1650  1650 W PackageManager: Permission com.google.android.gtalkservice.permission.SEND_HEARTBEAT from package com.google.android.gsf in an unknown group android.permission-group.NETWORK
04-06 00:53:32.365  1650  1650 W PackageManager: Permission com.google.android.permission.BROADCAST_DATA_MESSAGE from package com.google.android.gsf in an unknown group android.permission-group.NETWORK
04-06 00:53:32.365  1650  1650 W PackageManager: Permission com.google.android.c2dm.permission.SEND from package com.google.android.gsf in an unknown group android.permission-group.NETWORK
04-06 00:53:32.365  1650  1650 W PackageManager: Permission com.google.android.c2dm.permission.RECEIVE from package com.google.android.gsf in an unknown group android.permission-group.NETWORK
04-06 00:53:32.365  1650  1650 W PackageManager: Permission com.google.android.xmpp.permission.BROADCAST from package com.google.android.gsf in an unknown group android.permission-group.NETWORK
04-06 00:53:32.365  1650  1650 W PackageManager: Permission com.google.android.xmpp.permission.SEND_RECEIVE from package com.google.android.gsf in an unknown group android.permission-group.NETWORK
04-06 00:53:32.365  1650  1650 W PackageManager: Permission com.google.android.xmpp.permission.XMPP_ENDPOINT_BROADCAST from package com.google.android.gsf in an unknown group android.permission-group.NETWORK
04-06 00:53:32.365  1650  1650 W PackageManager: Permission com.google.android.xmpp.permission.USE_XMPP_ENDPOINT from package com.google.android.gsf in an unknown group android.permission-group.NETWORK
04-06 00:53:32.365  1650  1650 W PackageManager: Permission com.google.android.providers.gsf.permission.READ_GSERVICES from package com.google.android.gsf in an unknown group android.permission-group.ACCOUNTS
04-06 00:53:32.447  1650  1650 W PackageManager: Permission com.android.launcher.permission.INSTALL_SHORTCUT from package com.android.launcher3 in an unknown group android.permission-group.SYSTEM_TOOLS
04-06 00:53:32.447  1650  1650 W PackageManager: Permission com.android.launcher3.permission.READ_SETTINGS from package com.android.launcher3 in an unknown group android.permission-group.SYSTEM_TOOLS
04-06 00:53:32.447  1650  1650 W PackageManager: Permission com.android.launcher3.permission.WRITE_SETTINGS from package com.android.launcher3 in an unknown group android.permission-group.SYSTEM_TOOLS
04-06 00:53:33.278  1650  1650 W PackageManager: Permission com.google.android.gms.permission.ACTIVITY_RECOGNITION from package com.google.android.gms in an unknown group android.permission-group.PERSONAL_INFO
04-06 00:53:33.366  1650  1650 W PackageParser: Ignoring duplicate uses-permissions/uses-permissions-sdk-m: android.permission.USE_CREDENTIALS in package: com.android.settings at: Binary XML file line #53
04-06 00:53:33.366  1650  1650 W PackageParser: Ignoring duplicate uses-permissions/uses-permissions-sdk-m: android.permission.READ_SYNC_SETTINGS in package: com.android.settings at: Binary XML file line #58
04-06 00:53:33.366  1650  1650 W PackageParser: Ignoring duplicate uses-permissions/uses-permissions-sdk-m: android.permission.WRITE_SYNC_SETTINGS in package: com.android.settings at: Binary XML file line #59
04-06 00:53:33.865  1650  1650 W PackageParser: Ignoring duplicate uses-permissions/uses-permissions-sdk-m: android.permission.INSTALL_GRANT_RUNTIME_PERMISSIONS in package: com.android.shell at: Binary XML file line #102
04-06 00:53:33.946  1650  1650 W PackageParser: Ignoring duplicate uses-permissions/uses-permissions-sdk-m: android.permission.CONFIGURE_WIFI_DISPLAY in package: com.android.systemui at: Binary XML file line #123
04-06 00:53:34.342  1650  1650 W PackageParser: Ignoring duplicate uses-permissions/uses-permissions-sdk-m: android.permission.READ_PHONE_STATE in package: com.google.android.googlequicksearchbox at: Binary XML file line #935
04-06 00:53:34.342  1650  1650 W PackageParser: Ignoring duplicate uses-permissions/uses-permissions-sdk-m: android.permission.CAMERA in package: com.google.android.googlequicksearchbox at: Binary XML file line #936
04-06 00:53:34.711  1650  1650 W PackageManager: Permission com.google.android.launcher.permission.READ_SETTINGS from package com.google.android.googlequicksearchbox in an unknown group android.permission-group.SYSTEM_TOOLS
04-06 00:53:34.711  1650  1650 W PackageManager: Permission com.google.android.launcher.permission.WRITE_SETTINGS from package com.google.android.googlequicksearchbox in an unknown group android.permission-group.SYSTEM_TOOLS
04-06 00:53:34.711  1650  1650 W PackageManager: Permission com.android.launcher.permission.INSTALL_SHORTCUT from package com.google.android.googlequicksearchbox in an unknown group android.permission-group.SYSTEM_TOOLS
04-06 00:53:35.262  1650  1650 W PackageManager: Non-privileged app; cap priority to 0; package: com.google.android.calendar activity: com.android.calendar.event.LaunchInfoActivity origPrio: 50
04-06 00:53:37.409  1650  1650 W PackageManager: Permission com.android.chrome.permission.DEBUG from package com.android.chrome in an unknown group android.permission-group.DEVELOPMENT_TOOLS
04-06 00:53:37.418  1650  1650 W PackageManager: Non-privileged app; cap priority to 0; package: com.android.cts.ctsshim activity: com.android.cts.ctsshim.InstallPriority origPrio: 100
04-06 00:53:37.419  1650  1650 W PackageManager: Non-privileged app; cap priority to 0; package: com.android.cts.ctsshim activity: com.android.cts.ctsshim.InstallPriority origPrio: 100
04-06 00:53:37.419  1650  1650 W PackageManager: Non-privileged app; cap priority to 0; package: com.android.cts.ctsshim activity: com.android.cts.ctsshim.InstallPriority origPrio: 100
04-06 00:53:37.419  1650  1650 W PackageManager: Non-privileged app; cap priority to 0; package: com.android.cts.ctsshim activity: com.android.cts.ctsshim.InstallPriority origPrio: 100
04-06 00:53:37.419  1650  1650 W PackageManager: Non-privileged app; cap priority to 0; package: com.android.cts.ctsshim activity: com.android.cts.ctsshim.InstallPriority origPrio: 100
04-06 00:53:37.977  1650  1650 W PackageManager: Permission com.google.android.apps.docs.permission.READ_MY_DATA from package com.google.android.apps.docs in an unknown group android.permission-group.PERSONAL_INFO
04-06 00:53:37.977  1650  1650 W PackageManager: Permission com.google.android.apps.docs.permission.SYNC_STATUS from package com.google.android.apps.docs in an unknown group android.permission-group.PERSONAL_INFO
04-06 00:53:38.024  1650  1650 W PackageParser: Ignoring duplicate uses-permissions/uses-permissions-sdk-m: android.permission.GET_ACCOUNTS in package: com.google.android.apps.tachyon at: Binary XML file line #58
04-06 00:53:38.746  1650  1650 W PackageParser: Unknown element under <application>: permission at /system/app/Gallery2/Gallery2.apk Binary XML file line #238
04-06 00:53:38.746  1650  1650 W PackageParser: Unknown element under <application>: permission at /system/app/Gallery2/Gallery2.apk Binary XML file line #241
04-06 00:53:40.030  1650  1650 W PackageManager: Non-privileged app; cap priority to 0; package: com.google.android.talk activity: com.google.android.apps.hangouts.phone.BabelHomeActivity origPrio: 999
04-06 00:53:40.030  1650  1650 W PackageManager: Non-privileged app; cap priority to 0; package: com.google.android.talk activity: com.google.android.apps.hangouts.phone.HangoutUrlHandlerActivity origPrio: 999
04-06 00:53:40.030  1650  1650 W PackageManager: Non-privileged app; cap priority to 0; package: com.google.android.talk activity: com.google.android.apps.hangouts.phone.HangoutUrlHandlerActivity origPrio: 999
04-06 00:53:40.030  1650  1650 W PackageManager: Non-privileged app; cap priority to 0; package: com.google.android.talk activity: com.google.android.apps.hangouts.phone.ConversationUrlHandlerActivity origPrio: 999
04-06 00:53:40.554  1650  1650 W PackageManager: Permission com.android.vending.CHECK_LICENSE from package com.android.vending in an unknown group android.permission-group.NETWORK
04-06 00:53:40.648  1650  1650 W PackageParser: Ignoring duplicate uses-permissions/uses-permissions-sdk-m: android.permission.WAKE_LOCK in package: com.google.android.apps.maps at: Binary XML file line #115
04-06 00:53:41.683  1650  1650 W PackageParser: Problem in package /system/app/Photos/Photos.apk:
04-06 00:53:41.683  1650  1650 W PackageParser: Unknown element under <activity>: category at /system/app/Photos/Photos.apk Binary XML file line #1170
04-06 00:53:42.704  1650  1650 W PackageManager: Non-privileged app; cap priority to 0; package: com.google.android.play.games activity: com.google.android.gms.games.ui.restricted.matches.RestrictedParticipantListActivity origPrio: 10
04-06 00:53:42.704  1650  1650 W PackageManager: Non-privileged app; cap priority to 0; package: com.google.android.play.games activity: com.google.android.gms.games.ui.client.achievements.ClientAchievementListActivity origPrio: 10
04-06 00:53:42.704  1650  1650 W PackageManager: Non-privileged app; cap priority to 0; package: com.google.android.play.games activity: com.google.android.gms.games.ui.client.achievements.ClientAchievementListActivity origPrio: 10
04-06 00:53:42.704  1650  1650 W PackageManager: Non-privileged app; cap priority to 0; package: com.google.android.play.games activity: com.google.android.gms.games.ui.restricted.achievements.RestrictedAchievementDescriptionActivity origPrio: 10
04-06 00:53:42.704  1650  1650 W PackageManager: Non-privileged app; cap priority to 0; package: com.google.android.play.games activity: com.google.android.gms.games.ui.client.leaderboards.ClientLeaderboardListActivity origPrio: 10
04-06 00:53:42.704  1650  1650 W PackageManager: Non-privileged app; cap priority to 0; package: com.google.android.play.games activity: com.google.android.gms.games.ui.client.leaderboards.ClientLeaderboardListActivity origPrio: 10
04-06 00:53:42.705  1650  1650 W PackageManager: Non-privileged app; cap priority to 0; package: com.google.android.play.games activity: com.google.android.gms.games.ui.client.leaderboards.ClientLeaderboardScoreActivity origPrio: 10
04-06 00:53:42.705  1650  1650 W PackageManager: Non-privileged app; cap priority to 0; package: com.google.android.play.games activity: com.google.android.gms.games.ui.client.leaderboards.ClientLeaderboardScoreActivity origPrio: 10
04-06 00:53:42.705  1650  1650 W PackageManager: Non-privileged app; cap priority to 0; package: com.google.android.play.games activity: com.google.android.gms.games.ui.client.matches.SelectOpponentsActivity origPrio: 10
04-06 00:53:42.705  1650  1650 W PackageManager: Non-privileged app; cap priority to 0; package: com.google.android.play.games activity: com.google.android.gms.games.ui.client.matches.SelectOpponentsActivity origPrio: 10
04-06 00:53:42.705  1650  1650 W PackageManager: Non-privileged app; cap priority to 0; package: com.google.android.play.games activity: com.google.android.gms.games.ui.client.matches.SelectOpponentsActivity origPrio: 10
04-06 00:53:42.705  1650  1650 W PackageManager: Non-privileged app; cap priority to 0; package: com.google.android.play.games activity: com.google.android.gms.games.ui.client.matches.SelectOpponentsActivity origPrio: 10
04-06 00:53:42.705  1650  1650 W PackageManager: Non-privileged app; cap priority to 0; package: com.google.android.play.games activity: com.google.android.gms.games.ui.client.players.ClientPlayerSearchActivity origPrio: 10
04-06 00:53:42.705  1650  1650 W PackageManager: Non-privileged app; cap priority to 0; package: com.google.android.play.games activity: com.google.android.gms.games.ui.client.players.ClientPlayerSearchActivity origPrio: 10
04-06 00:53:42.705  1650  1650 W PackageManager: Non-privileged app; cap priority to 0; package: com.google.android.play.games activity: com.google.android.gms.games.ui.client.matches.RealTimeWaitingRoomActivity origPrio: 10
04-06 00:53:42.705  1650  1650 W PackageManager: Non-privileged app; cap priority to 0; package: com.google.android.play.games activity: com.google.android.gms.games.ui.client.matches.RealTimeWaitingRoomActivity origPrio: 10
04-06 00:53:42.705  1650  1650 W PackageManager: Non-privileged app; cap priority to 0; package: com.google.android.play.games activity: com.google.android.gms.games.ui.client.matches.ClientMultiplayerInboxActivity origPrio: 10
04-06 00:53:42.705  1650  1650 W PackageManager: Non-privileged app; cap priority to 0; package: com.google.android.play.games activity: com.google.android.gms.games.ui.client.matches.ClientMultiplayerInboxActivity origPrio: 10
04-06 00:53:42.705  1650  1650 W PackageManager: Non-privileged app; cap priority to 0; package: com.google.android.play.games activity: com.google.android.gms.games.ui.client.matches.ClientMultiplayerInboxActivity origPrio: 10
04-06 00:53:42.705  1650  1650 W PackageManager: Non-privileged app; cap priority to 0; package: com.google.android.play.games activity: com.google.android.gms.games.ui.client.matches.ClientPublicInvitationActivity origPrio: 10
04-06 00:53:42.705  1650  1650 W PackageManager: Non-privileged app; cap priority to 0; package: com.google.android.play.games activity: com.google.android.gms.games.ui.client.requests.SendRequestActivity origPrio: 10
04-06 00:53:42.705  1650  1650 W PackageManager: Non-privileged app; cap priority to 0; package: com.google.android.play.games activity: com.google.android.gms.games.ui.client.requests.ClientRequestInboxActivity origPrio: 10
04-06 00:53:42.705  1650  1650 W PackageManager: Non-privileged app; cap priority to 0; package: com.google.android.play.games activity: com.google.android.gms.games.ui.client.requests.ClientPublicRequestActivity origPrio: 10
04-06 00:53:42.705  1650  1650 W PackageManager: Non-privileged app; cap priority to 0; package: com.google.android.play.games activity: com.google.android.gms.games.ui.client.main.ClientSettingsActivity origPrio: 10
04-06 00:53:42.705  1650  1650 W PackageManager: Non-privileged app; cap priority to 0; package: com.google.android.play.games activity: com.google.android.gms.games.ui.client.main.ClientSettingsActivity origPrio: 10
04-06 00:53:42.705  1650  1650 W PackageManager: Non-privileged app; cap priority to 0; package: com.google.android.play.games activity: com.google.android.gms.games.ui.client.snapshots.ClientSnapshotListActivity origPrio: 10
04-06 00:53:42.705  1650  1650 W PackageManager: Non-privileged app; cap priority to 0; package: com.google.android.play.games activity: com.google.android.gms.games.ui.client.quests.ClientQuestListActivity origPrio: 10
04-06 00:53:42.705  1650  1650 W PackageManager: Non-privileged app; cap priority to 0; package: com.google.android.play.games activity: com.google.android.gms.games.ui.client.quests.ClientQuestDetailActivity origPrio: 10
04-06 00:53:42.705  1650  1650 W PackageManager: Non-privileged app; cap priority to 0; package: com.google.android.play.games activity: com.google.android.gms.games.ui.dialog.InterstitialVideoDialogLauncher origPrio: 10
04-06 00:53:42.705  1650  1650 W PackageManager: Non-privileged app; cap priority to 0; package: com.google.android.play.games activity: com.google.android.gms.games.ui.dialog.InterstitialVideoDialogLauncher origPrio: 10
04-06 00:53:42.705  1650  1650 W PackageManager: Non-privileged app; cap priority to 0; package: com.google.android.play.games activity: com.google.android.gms.games.ui.restricted.videos.RestrictedVideoCapturedActivity origPrio: 10
04-06 00:53:42.705  1650  1650 W PackageManager: Non-privileged app; cap priority to 0; package: com.google.android.play.games activity: com.google.android.gms.games.testcompat.ParcelTestCompatActivity origPrio: 10
04-06 00:53:42.705  1650  1650 W PackageManager: Non-privileged app; cap priority to 0; package: com.google.android.play.games activity: com.google.android.gms.games.testcompat.ParcelTestCompatActivity origPrio: 10
04-06 00:53:42.705  1650  1650 W PackageManager: Non-privileged app; cap priority to 0; package: com.google.android.play.games activity: com.google.android.gms.games.ui.GamesSettingsActivity origPrio: 10
04-06 00:53:42.705  1650  1650 W PackageManager: Non-privileged app; cap priority to 0; package: com.google.android.play.games activity: com.google.android.gms.games.ui.GamesSettingsDebugActivity origPrio: 10
04-06 00:53:42.706  1650  1650 W PackageManager: Non-privileged app; cap priority to 0; package: com.google.android.play.games activity: com.google.android.gms.games.ui.signin.SignInActivity origPrio: 10
04-06 00:53:43.117  1650  1650 W PackageParser: No actions in intent filter at /system/app/PrebuiltGmail/PrebuiltGmail.apk Binary XML file line #260
04-06 00:53:43.355  1650  1650 W PackageManager: Permission com.google.android.gm.email.permission.READ_ATTACHMENT from package com.google.android.gm in an unknown group android.permission-group.MESSAGES
04-06 00:53:43.355  1650  1650 W PackageManager: Permission com.google.android.gm.permission.READ_GMAIL from package com.google.android.gm in an unknown group android.permission-group.MESSAGES
04-06 00:53:43.355  1650  1650 W PackageManager: Permission com.google.android.gm.permission.WRITE_GMAIL from package com.google.android.gm in an unknown group android.permission-group.MESSAGES
04-06 00:53:43.355  1650  1650 W PackageManager: Permission com.google.android.gm.permission.AUTO_SEND from package com.google.android.gm in an unknown group android.permission-group.MESSAGES
04-06 00:53:43.355  1650  1650 W PackageManager: Permission com.google.android.gm.permission.READ_CONTENT_PROVIDER from package com.google.android.gm in an unknown group android.permission-group.MESSAGES
04-06 00:53:45.656  1650  1650 W PackageParser: No actions in intent filter at /data/app/ApiDemos/ApiDemos.apk Binary XML file line #3144
04-06 00:53:45.656  1650  1650 W PackageParser: No actions in intent filter at /data/app/ApiDemos/ApiDemos.apk Binary XML file line #3150
04-06 00:53:45.752  1650  1650 W PackageManager: Package com.example.android.apis desires unavailable shared library com.example.will.never.exist; ignoring!
04-06 00:53:45.752  1650  1650 E PackageManager: Unable to get canonical file java.io.IOException: Cannot create /data/app/ApiDemos/lib
04-06 00:53:45.782  1650  1650 E PackageManager: Unable to get canonical file java.io.IOException: Cannot create /data/app/CubeLiveWallpapers/lib
04-06 00:53:45.796  1650  1650 E PackageManager: Unable to get canonical file java.io.IOException: Cannot create /data/app/GestureBuilder/lib
04-06 00:53:45.817  1650  1650 E PackageManager: Unable to get canonical file java.io.IOException: Cannot create /data/app/SmokeTest/lib
04-06 00:53:45.837  1650  1650 E PackageManager: Unable to get canonical file java.io.IOException: Cannot create /data/app/SmokeTestApp/lib
04-06 00:53:45.856  1650  1650 E PackageManager: Unable to get canonical file java.io.IOException: Cannot create /data/app/SoftKeyboard/lib
04-06 00:53:45.877  1650  1650 E PackageManager: Unable to get canonical file java.io.IOException: Cannot create /data/app/WidgetPreview/lib
04-06 00:53:45.878  1650  1650 W PackageManager: Protected action; cap priority to 0; package: com.android.cts.priv.ctsshim activity: com.android.cts.priv.ctsshim.InstallPriority origPrio: 100
04-06 00:53:45.878  1650  1650 W PackageManager: Protected action; cap priority to 0; package: com.android.cts.priv.ctsshim activity: com.android.cts.priv.ctsshim.InstallPriority origPrio: 100
04-06 00:53:45.878  1650  1650 W PackageManager: Protected action; cap priority to 0; package: com.android.cts.priv.ctsshim activity: com.android.cts.priv.ctsshim.InstallPriority origPrio: 100
04-06 00:53:45.878  1650  1650 W PackageManager: Protected action; cap priority to 0; package: com.android.cts.priv.ctsshim activity: com.android.cts.priv.ctsshim.InstallPriority origPrio: 100
04-06 00:53:45.878  1650  1650 W PackageManager: Protected action; cap priority to 0; package: com.google.android.gms activity: com.google.android.gms.appinvite.AppInviteAcceptInvitationActivity origPrio: 900
04-06 00:53:45.878  1650  1650 W PackageManager: Protected action; cap priority to 0; package: com.google.android.gms activity: com.google.android.gms.appinvite.AppInviteAcceptInvitationActivity origPrio: 900
04-06 00:53:45.879  1650  1650 W PackageManager: Protected action; cap priority to 0; package: com.google.android.gms activity: com.google.android.gms.tapandpay.tokenization.AddNewCardThroughBrowserActivity origPrio: 999
04-06 00:53:45.879  1650  1650 W PackageManager: Protected action; cap priority to 0; package: com.google.android.gms activity: com.google.android.gms.walletp2p.feature.transfer.TransferMoneyActivity origPrio: 900
04-06 00:53:45.879  1650  1650 W PackageManager: Package com.google.android.gms desires unavailable shared library com.google.android.ble; ignoring!
04-06 00:53:45.879  1650  1650 W PackageManager: Package com.google.android.videos desires unavailable shared library com.google.widevine.software.drm; ignoring!
04-06 00:53:45.879  1650  1650 W PackageManager: Package com.example.android.apis desires unavailable shared library com.example.will.never.exist; ignoring!
04-06 00:53:45.879  1650  1650 I PackageManager: Adjusting ABI for com.android.providers.media to x86 (requirer=com.android.mtp, scannedPackage=null)
04-06 00:53:45.879  1650  1650 I PackageManager: Adjusting ABI for com.android.providers.downloads to x86 (requirer=com.android.mtp, scannedPackage=null)
04-06 00:53:45.879  1650  1650 I PackageManager: Adjusting ABI for com.android.providers.downloads.ui to x86 (requirer=com.android.mtp, scannedPackage=null)
04-06 00:53:45.879  1650  1650 I PackageManager: Adjusting ABI for com.google.android.backuptransport to x86 (requirer=com.google.android.gms, scannedPackage=null)
04-06 00:53:45.880  1650  1650 I PackageManager: Adjusting ABI for com.google.android.gsf to x86 (requirer=com.google.android.gms, scannedPackage=null)
04-06 00:53:45.880  1650  1650 I PackageManager: Adjusting ABI for com.google.android.gsf.login to x86 (requirer=com.google.android.gms, scannedPackage=null)
04-06 00:53:45.881  1650  1650 I PackageManager: Adjusting ABI for com.android.settings to x86 (requirer=android, scannedPackage=null)
04-06 00:53:45.881  1650  1650 I PackageManager: Adjusting ABI for com.android.server.telecom to x86 (requirer=android, scannedPackage=null)
04-06 00:53:45.881  1650  1650 I PackageManager: Adjusting ABI for com.android.location.fused to x86 (requirer=android, scannedPackage=null)
04-06 00:53:45.881  1650  1650 I PackageManager: Adjusting ABI for com.android.keychain to x86 (requirer=android, scannedPackage=null)
04-06 00:53:45.881  1650  1650 I PackageManager: Adjusting ABI for com.android.inputdevices to x86 (requirer=android, scannedPackage=null)
04-06 00:53:45.882  1650  1650 I PackageManager: Adjusting ABI for com.android.providers.settings to x86 (requirer=android, scannedPackage=null)
04-06 00:53:45.882  1650  1650 I PackageManager: Adjusting ABI for com.android.wallpaperbackup to x86 (requirer=android, scannedPackage=null)
04-06 00:53:45.882  1650  1650 I PackageManager: Time to scan packages: 15.022 seconds
04-06 00:53:45.883  1650  1650 W PackageManager: Not granting permission android.permission.MANAGE_DOCUMENTS to package com.google.android.youtube (protectionLevel=2 flags=0x38583e45)
04-06 00:53:45.883  1650  1650 W PackageManager: Unknown permission com.google.android.launcher.permission.CONTENT_REDIRECT in package com.google.android.googlequicksearchbox
04-06 00:53:45.883  1650  1650 W PackageManager: Unknown permission com.google.android.voicesearch.SHORTCUTS_ACCESS in package com.google.android.googlequicksearchbox
04-06 00:53:45.883  1650  1650 W PackageManager: Unknown permission com.google.android.voicesearch.ACCESS_SETTINGS in package com.google.android.googlequicksearchbox
04-06 00:53:45.883  1650  1650 W PackageManager: Unknown permission com.android.browser.permission.PRELOAD in package com.google.android.googlequicksearchbox
04-06 00:53:45.883  1650  1650 W PackageManager: Unknown permission com.google.android.ears.permission.WRITE in package com.google.android.googlequicksearchbox
04-06 00:53:45.883  1650  1650 W PackageManager: Unknown permission com.google.android.apps.googlevoice.permission.AUTO_SEND in package com.google.android.googlequicksearchbox
04-06 00:53:45.883  1650  1650 W PackageManager: Unknown permission com.android.chrome.PRERENDER_URL in package com.google.android.googlequicksearchbox
04-06 00:53:45.883  1650  1650 W PackageManager: Not granting permission com.google.android.googleapps.permission.GOOGLE_AUTH to package com.android.providers.calendar (protectionLevel=2 flags=0x30083e45)
04-06 00:53:45.883  1650  1650 W PackageManager: Not granting permission com.google.android.googleapps.permission.GOOGLE_AUTH.cl to package com.android.providers.calendar (protectionLevel=2 flags=0x30083e45)
04-06 00:53:45.884  1650  1650 W PackageManager: Unknown permission com.android.launcher.permission.READ_SETTINGS in package com.android.launcher3
04-06 00:53:45.884  1650  1650 W PackageManager: Unknown permission com.android.launcher.permission.WRITE_SETTINGS in package com.android.launcher3
04-06 00:53:45.884  1650  1650 W PackageManager: Unknown permission com.google.android.email.permission.ACCESS_PROVIDER in package com.google.android.gm
04-06 00:53:45.884  1650  1650 W PackageManager: Unknown permission com.google.android.gm.exchange.BIND in package com.google.android.gm
04-06 00:53:45.884  1650  1650 W PackageManager: Unknown permission com.android.email.partnerprovider.PARTNER_PROVIDER in package com.google.android.gm
04-06 00:53:45.884  1650  1650 W PackageManager: Unknown permission com.android.vending.TOS_ACKED in package com.google.android.setupwizard
04-06 00:53:45.884  1650  1650 W PackageManager: Unknown permission com.android.vending.setup.PLAY_SETUP_SERVICE in package com.google.android.setupwizard
04-06 00:53:45.884  1650  1650 W PackageManager: Unknown permission android.permission.WRITE_SYNC_STATS in package com.google.android.apps.docs
04-06 00:53:45.884  1650  1650 W PackageManager: Not granting permission android.permission.INTERACT_ACROSS_USERS to package com.google.android.syncadapters.contacts (protectionLevel=50 flags=0x38083e45)
04-06 00:53:45.884  1650  1650 W PackageManager: Unknown permission com.google.android.syncadapters.contacts.permission.GAL_SEARCH in package com.google.android.syncadapters.contacts
04-06 00:53:45.884  1650  1650 W PackageManager: Unknown permission com.chrome.permission.DEVICE_EXTRAS in package com.android.chrome
04-06 00:53:45.884  1650  1650 W PackageManager: Unknown permission com.sec.enterprise.knox.MDM_CONTENT_PROVIDER in package com.android.chrome
04-06 00:53:45.885  1650  1650 W PackageManager: Not granting permission android.permission.CLEAR_APP_USER_DATA to package com.google.android.packageinstaller (protectionLevel=258 flags=0x38483e45)
04-06 00:53:45.885  1650  1650 W PackageManager: Not granting permission android.permission.GRANT_RUNTIME_PERMISSIONS to package com.google.android.packageinstaller (protectionLevel=770 flags=0x38483e45)
04-06 00:53:45.885  1650  1650 W PackageManager: Not granting permission android.permission.REVOKE_RUNTIME_PERMISSIONS to package com.google.android.packageinstaller (protectionLevel=770 flags=0x38483e45)
04-06 00:53:45.885  1650  1650 W PackageManager: Not granting permission android.permission.INSTALL_GRANT_RUNTIME_PERMISSIONS to package com.google.android.packageinstaller (protectionLevel=770 flags=0x38483e45)
04-06 00:53:45.885  1650  1650 W PackageManager: Not granting permission android.permission.INTERACT_ACROSS_USERS_FULL to package com.google.android.packageinstaller (protectionLevel=258 flags=0x38483e45)
04-06 00:53:45.885  1650  1650 W PackageManager: Not granting permission android.permission.KILL_UID to package com.google.android.packageinstaller (protectionLevel=258 flags=0x38483e45)
04-06 00:53:45.885  1650  1650 W PackageManager: Not granting permission android.permission.MANAGE_APP_OPS_RESTRICTIONS to package com.google.android.packageinstaller (protectionLevel=258 flags=0x38483e45)
04-06 00:53:45.885  1650  1650 W PackageManager: Unknown permission com.google.android.permission.INSTALL_WEARABLE_PACKAGES in package com.google.android.packageinstaller
04-06 00:53:45.885  1650  1650 W PackageManager: Unknown permission com.google.android.apps.enterprise.dmagent.permission.AutoSyncPermission in package com.google.android.gms
04-06 00:53:45.885  1650  1650 W PackageManager: Unknown permission android.permission.CONNECTIVITY_USE_RESTRICTED_NETWORKS in package com.google.android.gms
04-06 00:53:45.886  1650  1650 W PackageManager: Unknown permission com.google.android.wearable.READ_SETTINGS in package com.google.android.gms
