04-06 00:54:26.119  1405  1405 W WVCdm   : Could not load liboemcrypto.so. Falling back to L3.  dlopen failed: library "liboemcrypto.so" not found
04-06 00:54:26.119  1405  1405 W WVCdm   : DeviceFiles::RetrieveHashedFile: /data/mediadrm/IDM1013/L3/cert.bin does not exist
04-06 00:54:26.121  1405  1431 I WVCdm   : Level3 Library 4464 Mar 30 2016 13:26:29
04-06 00:54:26.121  1405  1431 W WVCdm   : Could not read /data/mediadrm/IDM1013/ay64.dat2: No such file or directory
04-06 00:54:26.122  1405  1431 W WVCdm   : Could not load liboemcrypto.so. Falling back to L3.  dlopen failed: library "liboemcrypto.so" not found
04-06 00:54:26.123  2921  3712 I chatty  : uid=10013 com.google.android.gms.unstable expire 2 lines
04-06 00:54:26.124  1405  1431 I WVCdm   : Level3 Library 4464 Mar 30 2016 13:26:29
04-06 00:54:26.125  1405  1431 W WVCdm   : Could not load liboemcrypto.so. Falling back to L3.  dlopen failed: library "liboemcrypto.so" not found
04-06 00:54:26.274  1407  1844 E MetadataRetrieverClient: failed to extract an album art
04-06 00:54:26.279  2600  3528 W MediaProvider: Missing volume for /system/media/audio/alarms/Alarm_Beep_01.ogg; assuming invalid
04-06 00:54:26.280  2600  3528 W MediaProvider: Missing volume for /system/media/audio/alarms/Alarm_Beep_02.ogg; assuming invalid
04-06 00:54:26.288  2600  3528 W MediaProvider: Missing volume for /system/media/audio/alarms/Alarm_Beep_03.ogg; assuming invalid
04-06 00:54:26.291  2600  3528 W MediaProvider: Missing volume for /system/media/audio/alarms/Alarm_Buzzer.ogg; assuming invalid
04-06 00:54:26.343  2396  3575 I chatty  : uid=10013(com.google.android.gms) expire 4 lines
04-06 00:54:26.354  3656  3718 E SQLiteLog: (1) no such table: video_formats
04-06 00:54:26.382  2171  2562 I chatty  : uid=10013(com.google.android.gms) Binder:2171_3 expire 5 lines
04-06 00:54:26.390  2921  2934 I chatty  : uid=10013 com.google.android.gms.unstable expire 1 line
04-06 00:54:26.394  2600  3528 W MediaProvider: Missing volume for /system/media/audio/alarms/Alarm_Classic.ogg; assuming invalid
04-06 00:54:26.416  3656  3721 D NetworkSecurityConfig: No Network Security Config specified, using platform default
04-06 00:54:26.435  1405  1405 I WVCdm   : CdmEngine::OpenSession
04-06 00:54:26.435  1405  1405 I WVCdm   : Level3 Library 4464 Mar 30 2016 13:26:29
04-06 00:54:26.447  1405  1405 W WVCdm   : Could not load liboemcrypto.so. Falling back to L3.  dlopen failed: library "liboemcrypto.so" not found
04-06 00:54:26.457  1405  1405 I WVCdm   : CdmEngine::QueryKeyControlInfo
04-06 00:54:26.457  1405  3714 I WVCdm   : CdmEngine::GenerateKeyRequest
04-06 00:54:26.458  3509  3509 I AlarmClock: Detected change to system default alarm ringtone; clearing caches
04-06 00:54:26.464  1405  3714 D WVCdm   : PrepareKeyRequest: nonce=3853633034
04-06 00:54:26.547  2921  2932 I chatty  : uid=10013 com.google.android.gms.unstable expire 1 line
04-06 00:54:26.662  2921  3715 I chatty  : uid=10013 com.google.android.gms.unstable expire 1 line
04-06 00:54:26.682  1405  1431 I WVCdm   : CdmEngine::CloseSession
04-06 00:54:26.756  1650  1985 W ActivityManager: Unable to start service Intent { act=com.android.vending.contentfilters.IContentFiltersService.BIND pkg=com.android.vending } U=0: not found
04-06 00:54:26.933  3735  3735 W art     : Unexpected CPU variant for X86 using defaults: x86
04-06 00:54:26.939  1650  2149 I ActivityManager: Start proc 3735:com.google.android.youtube/u0a71 for broadcast com.google.android.youtube/com.google.android.libraries.youtube.upload.service.UploadService$BootReceiver
04-06 00:54:26.965  3656  3656 D PlayMovies: VideosGlobals.configureMobileNetworkUsageActivity:816 Enabling network usage management
04-06 00:54:26.965  3656  3656 D PlayMovies: 
04-06 00:54:26.971  2171  2584 I chatty  : uid=10013 com.google.android.gms.persistent expire 2 lines
04-06 00:54:27.006  3735  3735 W System  : ClassLoader referenced unknown path: /system/app/YouTube/lib/x86
04-06 00:54:27.067  3656  3729 D PlayMovies: PersistentCache.cleanup:106 Cache is below limit, no need to shrink: [size=0, limit=5242880]
04-06 00:54:27.067  3656  3729 D PlayMovies: 
04-06 00:54:27.074  3656  3656 D PlayMovies: TransferService.onCreate:60 creating transfer service
04-06 00:54:27.074  3656  3656 D PlayMovies: 
04-06 00:54:27.167  3656  3756 I VideoCapabilities: Unsupported profile 4 for video/mp4v-es
04-06 00:54:27.177  1650  2149 D VoldConnector: SND -> {37 volume mkdirs /storage/emulated/0/Android/data/com.google.android.videos/files/Movies/}
04-06 00:54:27.178  1650  1724 D VoldConnector: RCV <- {200 37 Command succeeded}
04-06 00:54:27.184  1650  1985 D VoldConnector: SND -> {38 volume mkdirs /storage/0F15-3906/Android/data/com.google.android.videos/files/Movies/}
04-06 00:54:27.194  1650  1724 D VoldConnector: RCV <- {200 38 Command succeeded}
04-06 00:54:27.206  3656  3758 I PlayMovies: GservicesConfig.preferModularDrm:1080 force_prefer_modular_drm
04-06 00:54:27.206  3656  3758 I PlayMovies: 
04-06 00:54:27.206  3656  3758 I PlayMovies: GservicesConfig.supportsAdaptivePlayback:1122 decoderInfo.adaptive true
04-06 00:54:27.206  3656  3758 I PlayMovies: 
04-06 00:54:27.206  3656  3758 I PlayMovies: GservicesConfig.useDashForStreaming:1055 true
04-06 00:54:27.206  3656  3758 I PlayMovies: 
04-06 00:54:27.224  3656  3758 I PlayMovies: GservicesConfig.preferModularDrm:1080 force_prefer_modular_drm
04-06 00:54:27.224  3656  3758 I PlayMovies: 
04-06 00:54:27.224  3656  3758 I PlayMovies: GservicesConfig.supportsAdaptivePlayback:1122 decoderInfo.adaptive true
04-06 00:54:27.224  3656  3758 I PlayMovies: 
04-06 00:54:27.224  3656  3758 I PlayMovies: GservicesConfig.useDashForStreaming:1055 true
04-06 00:54:27.224  3656  3758 I PlayMovies: 
04-06 00:54:27.492  3735  3760 W System  : ClassLoader referenced unknown path: /system/priv-app/PrebuiltGmsCore/lib/x86
04-06 00:54:27.533  3735  3760 W linker  : /system/priv-app/PrebuiltGmsCore/PrebuiltGmsCore.apk!/lib/x86/libgmscore.so: unused DT entry: type 0x7ffffffd arg 0x754
04-06 00:54:27.564  2396  2654 I chatty  : uid=10013(com.google.android.gms) lowpool[1] expire 2 lines
04-06 00:54:27.580  3735  3760 W linker  : /system/priv-app/PrebuiltGmsCore/PrebuiltGmsCore.apk!/lib/x86/libconscrypt_gmscore_jni.so: unused DT entry: type 0x7ffffffd arg 0x174
04-06 00:54:27.582  3735  3760 V JNIHelp : Registering com/google/android/gms/org/conscrypt/NativeCrypto's 242 native methods...
04-06 00:54:27.615  3735  3760 D NetworkSecurityConfig: No Network Security Config specified, using platform default
04-06 00:54:27.616  3735  3760 I ProviderInstaller: Installed default security provider GmsCore_OpenSSL
04-06 00:54:28.014  1650  1799 I ActivityManager: Killing 2232:com.google.android.setupwizard/u0a23 (adj 906): empty #17
04-06 00:54:28.061  1650  2150 D ActivityManager: cleanUpApplicationRecord -- 2232
04-06 00:54:28.331  3184  3201 W Babel   : bcq TOOK TOO LONG! (15033ms > 10000ms)
04-06 00:54:28.332  3184  3202 W Babel   : bcq TOOK TOO LONG! (15001ms > 10000ms)
04-06 00:54:28.339  1650  1799 I Telecom : PhoneAccountRegistrar: SimCallManager queried, returning: null: TSI.gSCM@AE0
04-06 00:54:28.352  3184  3184 I Babel_telephony: TeleModule.updateConnectionManagerRegistration, registration preference changed from false to false
04-06 00:54:28.354  3184  3184 W Babel   : BAM#gBA: invalid account id: -1
04-06 00:54:28.354  3184  3184 W Babel   : BAM#gBA: invalid account id: -1
04-06 00:54:28.354  3184  3184 I Babel_telephony: TeleModule.updateIncomingCallRegistration, preferred account for incoming calls changed from: null to null
04-06 00:54:28.357  1650  2300 I Telecom : PhoneAccountRegistrar: SimCallManager queried, returning: null: TSI.gSCM@AE8
04-06 00:54:28.428  2396  2705 I chatty  : uid=10013(com.google.android.gms) lowpool[3] expire 6 lines
04-06 00:54:28.531  3184  3202 I BabelGcmRegistration: Start registration for accounts on the device with registration string APA91bFmF0Wbap4jQ79NOv6YawTnkUf30rKrOMdWjpEbvMq7VMoA6Ce8vdZpIq2SIUnSZ3mJApDvMfK0jjxn-uvxwWr6S-C37iahUXUdx3EMWKf9jEM9ger2iVZp8tw21x8IonF3QXE7
04-06 00:54:28.540  3184  3202 I Babel   : Skipping registration for SMS only account
04-06 00:54:28.541  3735  3783 W System  : ClassLoader referenced unknown path: 
04-06 00:54:28.541  3735  3783 W System  : ClassLoader referenced unknown path: /system/priv-app/PrebuiltGmsCore/lib/x86
04-06 00:54:28.572  3735  3783 W DynamiteUtils: Failed to load module: module com.google.android.gms.ads.dynamite not found
04-06 00:54:28.572  3735  3783 W DynamiteUtils: Attempt 1 failed.
04-06 00:54:28.661  1650  1661 D VoldConnector: SND -> {39 volume mkdirs /storage/emulated/0/Android/media/com.google.android.talk/}
04-06 00:54:28.662  3735  3735 V MediaRouter: Adding route: RouteInfo{ name=Phone, description=null, status=null, category=RouteCategory{ name=null types=ROUTE_TYPE_LIVE_AUDIO ROUTE_TYPE_LIVE_VIDEO  groupable=false }, supportedTypes=ROUTE_TYPE_LIVE_AUDIO ROUTE_TYPE_LIVE_VIDEO , presentationDisplay=null }
04-06 00:54:28.663  1650  1724 D VoldConnector: RCV <- {200 39 Command succeeded}
04-06 00:54:28.666  3735  3735 V MediaRouter: Updating audio routes: AudioRoutesInfo{ type=SPEAKER }
04-06 00:54:28.667  1650  1799 D VoldConnector: SND -> {40 volume mkdirs /storage/0F15-3906/Android/media/com.google.android.talk/}
04-06 00:54:28.669  3735  3735 V MediaRouter: Selecting route: RouteInfo{ name=Phone, description=null, status=null, category=RouteCategory{ name=null types=ROUTE_TYPE_LIVE_AUDIO ROUTE_TYPE_LIVE_VIDEO  groupable=false }, supportedTypes=ROUTE_TYPE_LIVE_AUDIO ROUTE_TYPE_LIVE_VIDEO , presentationDisplay=null }
04-06 00:54:28.674  1650  1724 D VoldConnector: RCV <- {200 40 Command succeeded}
04-06 00:54:28.714  3735  3783 W DynamiteUtils: Failed to load module: module com.google.android.gms.ads.dynamite not found
04-06 00:54:28.714  3735  3783 W DynamiteUtils: Attempt 2 failed.
04-06 00:54:28.796  3735  3735 W InstanceID/Rpc: Found 10013
04-06 00:54:28.855  2396  2396 I chatty  : uid=10013(com.google.android.gms) expire 5 lines
04-06 00:54:28.870  3735  3783 W DynamiteUtils: Failed to load module: module com.google.android.gms.ads.dynamite not found
04-06 00:54:28.870  3735  3783 W DynamiteUtils: Attempt 3 failed.
04-06 00:54:28.873  3735  3735 V MediaRouter: Selecting route: RouteInfo{ name=Phone, description=null, status=null, category=RouteCategory{ name=null types=ROUTE_TYPE_LIVE_AUDIO ROUTE_TYPE_LIVE_VIDEO  groupable=false }, supportedTypes=ROUTE_TYPE_LIVE_AUDIO ROUTE_TYPE_LIVE_VIDEO , presentationDisplay=null }
04-06 00:54:28.888  3735  3783 E ChimeraCfgMgr: Error while diagnosing module failure.
04-06 00:54:28.888  3735  3783 E ChimeraCfgMgr: java.lang.IllegalArgumentException: null reference
04-06 00:54:28.888  3735  3783 E ChimeraCfgMgr: 	at cal.b(:com.google.android.gms:42)
04-06 00:54:28.888  3735  3783 E ChimeraCfgMgr: 	at com.google.android.chimera.container.FileApkManager.a(:com.google.android.gms:251)
04-06 00:54:28.888  3735  3783 E ChimeraCfgMgr: 	at com.google.android.chimera.container.ConfigurationManager.b(:com.google.android.gms:551)
04-06 00:54:28.888  3735  3783 E ChimeraCfgMgr: 	at jjl.a(:com.google.android.gms:104)
04-06 00:54:28.888  3735  3783 E ChimeraCfgMgr: 	at czs.<init>(:com.google.android.gms:1118)
04-06 00:54:28.888  3735  3783 E ChimeraCfgMgr: 	at czs.a(:com.google.android.gms:23)
04-06 00:54:28.888  3735  3783 E ChimeraCfgMgr: 	at com.google.android.gms.ads.adshield.AdShieldCreatorImpl.newAdShieldClient(:com.google.android.gms:30)
04-06 00:54:28.888  3735  3783 E ChimeraCfgMgr: 	at com.google.android.gms.ads.adshield.internal.g.onTransact(:com.google.android.gms:55)
04-06 00:54:28.888  3735  3783 E ChimeraCfgMgr: 	at android.os.Binder.transact(Binder.java:499)
04-06 00:54:28.888  3735  3783 E ChimeraCfgMgr: 	at hig.a(Unknown Source)
04-06 00:54:28.888  3735  3783 E ChimeraCfgMgr: 	at hhy.b(Unknown Source)
04-06 00:54:28.888  3735  3783 E ChimeraCfgMgr: 	at hhy.a(Unknown Source)
04-06 00:54:28.888  3735  3783 E ChimeraCfgMgr: 	at gkc.<init>(Unknown Source)
04-06 00:54:28.888  3735  3783 E ChimeraCfgMgr: 	at ihu.<init>(SourceFile:39)
04-06 00:54:28.888  3735  3783 E ChimeraCfgMgr: 	at ihv.a(SourceFile:1017)
04-06 00:54:28.888  3735  3783 E ChimeraCfgMgr: 	at ihv.a(SourceFile:27)
04-06 00:54:28.888  3735  3783 E ChimeraCfgMgr: 	at juy.b(SourceFile:299)
04-06 00:54:28.888  3735  3783 E ChimeraCfgMgr: 	at juy.a(SourceFile:272)
04-06 00:54:28.888  3735  3783 E ChimeraCfgMgr: 	at juz.b(SourceFile:1057)
04-06 00:54:28.888  3735  3783 E ChimeraCfgMgr: 	at juz.a(SourceFile:228)
04-06 00:54:28.888  3735  3783 E ChimeraCfgMgr: 	at lfi.get(SourceFile:136)
04-06 00:54:28.888  3735  3783 E ChimeraCfgMgr: 	at jvi.d(SourceFile:118)
04-06 00:54:28.888  3735  3783 E ChimeraCfgMgr: 	at jvi.c(SourceFile:63)
04-06 00:54:28.888  3735  3783 E ChimeraCfgMgr: 	at jvl.g(SourceFile:214)
04-06 00:54:28.888  3735  3783 E ChimeraCfgMgr: 	at jvl.c(SourceFile:124)
04-06 00:54:28.888  3735  3783 E ChimeraCfgMgr: 	at jvl.a(SourceFile:92)
04-06 00:54:28.888  3735  3783 E ChimeraCfgMgr: 	at jvc.run(SourceFile:314)
04-06 00:54:28.888  3735  3783 E ChimeraCfgMgr: 	at java.util.concurrent.Executors$RunnableAdapter.call(Executors.java:428)
04-06 00:54:28.888  3735  3783 E ChimeraCfgMgr: 	at java.util.concurrent.FutureTask.run(FutureTask.java:237)
04-06 00:54:28.888  3735  3783 E ChimeraCfgMgr: 	at java.util.concurrent.ScheduledThreadPoolExecutor$ScheduledFutureTask.run(ScheduledThreadPoolExecutor.java:272)
04-06 00:54:28.888  3735  3783 E ChimeraCfgMgr: 	at java.util.concurrent.ThreadPoolExecutor.runWorker(ThreadPoolExecutor.java:1133)
04-06 00:54:28.888  3735  3783 E ChimeraCfgMgr: 	at java.util.concurrent.ThreadPoolExecutor$Worker.run(ThreadPoolExecutor.java:607)
04-06 00:54:28.888  3735  3783 E ChimeraCfgMgr: 	at lgd.run(SourceFile:40)
04-06 00:54:28.888  3735  3783 E ChimeraCfgMgr: 	at java.lang.Thread.run(Thread.java:761)
04-06 00:54:28.888  3735  3783 W DynamiteUtils: Client module failure reason: 4
04-06 00:54:28.896  3735  3783 D DynamitePackage: Module could not be loaded.
04-06 00:54:28.897  3735  3783 E DynamitePackage: Failed to load ads dynamite module.
04-06 00:54:28.897  3735  3783 E DynamitePackage: android.os.RemoteException
04-06 00:54:28.897  3735  3783 E DynamitePackage: 	at czs.<init>(:com.google.android.gms:37)
04-06 00:54:28.897  3735  3783 E DynamitePackage: 	at czs.a(:com.google.android.gms:23)
04-06 00:54:28.897  3735  3783 E DynamitePackage: 	at com.google.android.gms.ads.adshield.AdShieldCreatorImpl.newAdShieldClient(:com.google.android.gms:30)
04-06 00:54:28.897  3735  3783 E DynamitePackage: 	at com.google.android.gms.ads.adshield.internal.g.onTransact(:com.google.android.gms:55)
04-06 00:54:28.897  3735  3783 E DynamitePackage: 	at android.os.Binder.transact(Binder.java:499)
04-06 00:54:28.897  3735  3783 E DynamitePackage: 	at hig.a(Unknown Source)
04-06 00:54:28.897  3735  3783 E DynamitePackage: 	at hhy.b(Unknown Source)
04-06 00:54:28.897  3735  3783 E DynamitePackage: 	at hhy.a(Unknown Source)
04-06 00:54:28.897  3735  3783 E DynamitePackage: 	at gkc.<init>(Unknown Source)
04-06 00:54:28.897  3735  3783 E DynamitePackage: 	at ihu.<init>(SourceFile:39)
04-06 00:54:28.897  3735  3783 E DynamitePackage: 	at ihv.a(SourceFile:1017)
04-06 00:54:28.897  3735  3783 E DynamitePackage: 	at ihv.a(SourceFile:27)
04-06 00:54:28.897  3735  3783 E DynamitePackage: 	at juy.b(SourceFile:299)
04-06 00:54:28.897  3735  3783 E DynamitePackage: 	at juy.a(SourceFile:272)
04-06 00:54:28.897  3735  3783 E DynamitePackage: 	at juz.b(SourceFile:1057)
04-06 00:54:28.897  3735  3783 E DynamitePackage: 	at juz.a(SourceFile:228)
04-06 00:54:28.897  3735  3783 E DynamitePackage: 	at lfi.get(SourceFile:136)
04-06 00:54:28.897  3735  3783 E DynamitePackage: 	at jvi.d(SourceFile:118)
04-06 00:54:28.897  3735  3783 E DynamitePackage: 	at jvi.c(SourceFile:63)
04-06 00:54:28.897  3735  3783 E DynamitePackage: 	at jvl.g(SourceFile:214)
04-06 00:54:28.897  3735  3783 E DynamitePackage: 	at jvl.c(SourceFile:124)
04-06 00:54:28.897  3735  3783 E DynamitePackage: 	at jvl.a(SourceFile:92)
04-06 00:54:28.897  3735  3783 E DynamitePackage: 	at jvc.run(SourceFile:314)
04-06 00:54:28.897  3735  3783 E DynamitePackage: 	at java.util.concurrent.Executors$RunnableAdapter.call(Executors.java:428)
04-06 00:54:28.897  3735  3783 E DynamitePackage: 	at java.util.concurrent.FutureTask.run(FutureTask.java:237)
04-06 00:54:28.897  3735  3783 E DynamitePackage: 	at java.util.concurrent.ScheduledThreadPoolExecutor$ScheduledFutureTask.run(ScheduledThreadPoolExecutor.java:272)
04-06 00:54:28.897  3735  3783 E DynamitePackage: 	at java.util.concurrent.ThreadPoolExecutor.runWorker(ThreadPoolExecutor.java:1133)
04-06 00:54:28.897  3735  3783 E DynamitePackage: 	at java.util.concurrent.ThreadPoolExecutor$Worker.run(ThreadPoolExecutor.java:607)
04-06 00:54:28.897  3735  3783 E DynamitePackage: 	at lgd.run(SourceFile:40)
04-06 00:54:28.897  3735  3783 E DynamitePackage: 	at java.lang.Thread.run(Thread.java:761)
04-06 00:54:28.897  3735  3783 D DynamitePackage: Instantiated singleton DynamitePackage.
04-06 00:54:28.955  1896  1896 I OmtpVvmCarrierCfgHlpr: Requesting VVM activation for subId: 1
04-06 00:54:28.992  2676  2676 D MusicLifecycle: com.google.android.music.store.MediaStoreImportService$Receiver generated event: Broadcast received with context android.app.ReceiverRestrictedContext@1395ad4 and intent Intent { act=android.intent.action.MEDIA_SCANNER_STARTED dat=file:///system/media flg=0x10 cmp=com.google.android.music/.store.MediaStoreImportService$Receiver }
04-06 00:54:29.092  1650  2301 W ActivityManager: Permission Denial: Accessing service ComponentInfo{com.google.android.music/com.google.android.music.dial.DialMediaRouteProviderService} from pid=3735, uid=10071 that is not exported from uid 10058
04-06 00:54:29.203  3827  3827 W art     : Unexpected CPU variant for X86 using defaults: x86
04-06 00:54:29.206  1650  2149 I ActivityManager: Start proc 3827:com.google.android.talk:matchstick/u0a52 for broadcast com.google.android.talk/com.google.android.libraries.matchstick.net.MatchstickInProcessReceiver
04-06 00:54:29.270  2600  3528 W MediaScanner: forcing rescan of /system/media/audio/notifications/OnTheHunt.oggsince ringtone setting didn't finish
04-06 00:54:29.277  3827  3827 W System  : ClassLoader referenced unknown path: /system/app/Hangouts/lib/x86
04-06 00:54:29.364  2600  3528 W MediaProvider: Missing volume for /system/media/audio/notifications; assuming invalid
04-06 00:54:29.396  1650  1799 I ActivityManager: Killing 1988:com.android.settings/1000 (adj 906): empty #17
04-06 00:54:29.397  3735  3822 W MessageQueue: Handler (android.os.Handler) {a2822fa} sending message to a Handler on a dead thread
04-06 00:54:29.397  3735  3822 W MessageQueue: java.lang.IllegalStateException: Handler (android.os.Handler) {a2822fa} sending message to a Handler on a dead thread
04-06 00:54:29.397  3735  3822 W MessageQueue: 	at android.os.MessageQueue.enqueueMessage(MessageQueue.java:543)
04-06 00:54:29.397  3735  3822 W MessageQueue: 	at android.os.Handler.enqueueMessage(Handler.java:643)
04-06 00:54:29.397  3735  3822 W MessageQueue: 	at android.os.Handler.sendMessageAtTime(Handler.java:612)
04-06 00:54:29.397  3735  3822 W MessageQueue: 	at android.os.Handler.sendMessageDelayed(Handler.java:582)
04-06 00:54:29.397  3735  3822 W MessageQueue: 	at android.os.Handler.post(Handler.java:338)
04-06 00:54:29.397  3735  3822 W MessageQueue: 	at nos.b(SourceFile:353)
04-06 00:54:29.397  3735  3822 W MessageQueue: 	at vch.d(SourceFile:298)
04-06 00:54:29.397  3735  3822 W MessageQueue: 	at vch.a(SourceFile:166)
04-06 00:54:29.397  3735  3822 W MessageQueue: 	at vff.run(SourceFile:1431)
04-06 00:54:29.397  3735  3822 W MessageQueue: 	at android.os.Handler.handleCallback(Handler.java:751)
04-06 00:54:29.397  3735  3822 W MessageQueue: 	at android.os.Handler.dispatchMessage(Handler.java:95)
04-06 00:54:29.397  3735  3822 W MessageQueue: 	at android.os.Looper.loop(Looper.java:154)
04-06 00:54:29.397  3735  3822 W MessageQueue: 	at android.os.HandlerThread.run(HandlerThread.java:61)
04-06 00:54:29.397  3735  3822 W MessageQueue: Handler (android.os.Handler) {a2822fa} sending message to a Handler on a dead thread
04-06 00:54:29.397  3735  3822 W MessageQueue: java.lang.IllegalStateException: Handler (android.os.Handler) {a2822fa} sending message to a Handler on a dead thread
04-06 00:54:29.397  3735  3822 W MessageQueue: 	at android.os.MessageQueue.enqueueMessage(MessageQueue.java:543)
04-06 00:54:29.397  3735  3822 W MessageQueue: 	at android.os.Handler.enqueueMessage(Handler.java:643)
04-06 00:54:29.397  3735  3822 W MessageQueue: 	at android.os.Handler.sendMessageAtTime(Handler.java:612)
04-06 00:54:29.397  3735  3822 W MessageQueue: 	at android.os.Handler.sendMessageDelayed(Handler.java:582)
04-06 00:54:29.397  3735  3822 W MessageQueue: 	at android.os.Handler.post(Handler.java:338)
04-06 00:54:29.397  3735  3822 W MessageQueue: 	at nos.a(SourceFile:332)
04-06 00:54:29.397  3735  3822 W MessageQueue: 	at vch.a(SourceFile:167)
04-06 00:54:29.397  3735  3822 W MessageQueue: 	at vff.run(SourceFile:1431)
04-06 00:54:29.397  3735  3822 W MessageQueue: 	at android.os.Handler.handleCallback(Handler.java:751)
04-06 00:54:29.397  3735  3822 W MessageQueue: 	at android.os.Handler.dispatchMessage(Handler.java:95)
04-06 00:54:29.397  3735  3822 W MessageQueue: 	at android.os.Looper.loop(Looper.java:154)
04-06 00:54:29.397  3735  3822 W MessageQueue: 	at android.os.HandlerThread.run(HandlerThread.java:61)
04-06 00:54:29.406  2600  3528 W MediaProvider: Missing volume for /system/media/audio/alarms/Alarm_Rooster_02.ogg; assuming invalid
04-06 00:54:29.426  2600  3528 W MediaProvider: Missing volume for /system/media/audio/alarms/Argon.ogg; assuming invalid
04-06 00:54:29.432  1650  2299 D ActivityManager: cleanUpApplicationRecord -- 1988
04-06 00:54:29.435  2600  3528 W MediaProvider: Missing volume for /system/media/audio/alarms/Barium.ogg; assuming invalid
04-06 00:54:29.439  3846  3846 W dex2oat : Unexpected CPU variant for X86 using defaults: x86
04-06 00:54:29.439  3846  3846 W dex2oat : Mismatch between dex2oat instruction set features (ISA: X86 Feature string: smp,-ssse3,-sse4.1,-sse4.2,-avx,-avx2,-lock_add,-popcnt) and those of dex2oat executable (ISA: X86 Feature string: smp,ssse3,-sse4.1,-sse4.2,-avx,-avx2,-lock_add,-popcnt) for the command line:
04-06 00:54:29.439  3846  3846 W dex2oat : /system/bin/dex2oat --runtime-arg -classpath --runtime-arg & --instruction-set=x86 --instruction-set-features=smp,ssse3,-sse4.1,-sse4.2,-avx,-avx2,-lock_add,-popcnt --runtime-arg -Xrelocate --boot-image=/system/framework/boot.art --runtime-arg -Xms64m --runtime-arg -Xmx512m --instruction-set-variant=x86 --instruction-set-features=default --dex-file=/data/user/0/com.google.android.youtube/cache/ads2092902877.jar --oat-fd=61 --oat-location=/data/user/0/com.google.android.youtube/cache/ads2092902877.dex --compiler-filter=speed
04-06 00:54:29.439  3846  3846 I dex2oat : /system/bin/dex2oat --dex-file=/data/user/0/com.google.android.youtube/cache/ads2092902877.jar --oat-fd=61 --oat-location=/data/user/0/com.google.android.youtube/cache/ads2092902877.dex --compiler-filter=speed
04-06 00:54:29.449  2600  3528 W MediaProvider: Missing volume for /system/media/audio/alarms/Carbon.ogg; assuming invalid
04-06 00:54:29.452  1650  3653 D GraphicsStats: Buffer count: 2
04-06 00:54:29.460  2600  3528 W MediaProvider: Missing volume for /system/media/audio/alarms/Cesium.ogg; assuming invalid
04-06 00:54:29.487  2600  3528 W MediaProvider: Missing volume for /system/media/audio/alarms/Fermium.ogg; assuming invalid
04-06 00:54:29.489  2600  3528 W MediaProvider: Missing volume for /system/media/audio/alarms/Hassium.ogg; assuming invalid
04-06 00:54:29.507  2600  3528 W MediaProvider: Missing volume for /system/media/audio/alarms/Helium.ogg; assuming invalid
04-06 00:54:29.532  2600  3528 W MediaProvider: Missing volume for /system/media/audio/alarms/Krypton.ogg; assuming invalid
04-06 00:54:29.552  2600  3528 W MediaProvider: Missing volume for /system/media/audio/alarms/Neon.ogg; assuming invalid
04-06 00:54:29.564  2600  3528 W MediaProvider: Missing volume for /system/media/audio/alarms/Neptunium.ogg; assuming invalid
04-06 00:54:29.567  2600  3528 W MediaProvider: Missing volume for /system/media/audio/alarms/Nobelium.ogg; assuming invalid
04-06 00:54:29.575  2600  3528 W MediaProvider: Missing volume for /system/media/audio/alarms/Osmium.ogg; assuming invalid
04-06 00:54:29.594  2600  3528 W MediaProvider: Missing volume for /system/media/audio/alarms/Oxygen.ogg; assuming invalid
04-06 00:54:29.595  3592  3646 I GAV2    : Thread[GAThread,5,main]: No campaign data found.
04-06 00:54:29.629  3184  3184 D Babel   : Idle: Shutdown runnable posted in release with a delay of 5000 ms.
04-06 00:54:29.637  2600  3528 W MediaProvider: Missing volume for /system/media/audio/alarms/Platinum.ogg; assuming invalid
04-06 00:54:29.657  2600  3528 W MediaProvider: Missing volume for /system/media/audio/alarms/Plutonium.ogg; assuming invalid
04-06 00:54:29.661  2600  3528 W MediaProvider: Missing volume for /system/media/audio/alarms/Promethium.ogg; assuming invalid
04-06 00:54:29.661  3827  3852 I MS_RegisterService: RegisterService intent:Intent { act=register_intent_action flg=0x10 cmp=com.google.android.talk/com.google.android.libraries.matchstick.net.SilentRegisterService } isPeriodic:false
04-06 00:54:29.668  3827  3852 W System  : ClassLoader referenced unknown path: /system/priv-app/PrebuiltGmsCore/lib/x86
04-06 00:54:29.680  3827  3852 W linker  : /system/priv-app/PrebuiltGmsCore/PrebuiltGmsCore.apk!/lib/x86/libgmscore.so: unused DT entry: type 0x7ffffffd arg 0x754
04-06 00:54:29.700  3827  3852 W linker  : /system/priv-app/PrebuiltGmsCore/PrebuiltGmsCore.apk!/lib/x86/libconscrypt_gmscore_jni.so: unused DT entry: type 0x7ffffffd arg 0x174
04-06 00:54:29.700  3827  3852 V JNIHelp : Registering com/google/android/gms/org/conscrypt/NativeCrypto's 242 native methods...
04-06 00:54:29.713  2600  2600 D MediaScannerReceiver: action: android.intent.action.MEDIA_SCANNER_SCAN_FILE path: /storage/emulated/0/Android/media/com.google.android.talk/Notifications/hangouts_message.ogg
04-06 00:54:29.715  2600  3528 W MediaProvider: Missing volume for /system/media/audio/alarms/Scandium.ogg; assuming invalid
04-06 00:54:29.718  2171  2855 I chatty  : uid=10013(com.google.android.gms) netscheduler-qu expire 1 line
04-06 00:54:29.720  2600  2600 D MediaScannerReceiver: action: android.intent.action.MEDIA_SCANNER_SCAN_FILE path: /storage/emulated/0/Android/media/com.google.android.talk/Ringtones/hangouts_incoming_call.ogg
04-06 00:54:29.758  3827  3852 D NetworkSecurityConfig: No Network Security Config specified, using platform default
04-06 00:54:29.762  3827  3852 I ProviderInstaller: Installed default security provider GmsCore_OpenSSL
04-06 00:54:29.767  3827  3852 I MS_RegisterService: Not registered and not enabled. Doing nothing.
04-06 00:54:29.769  3827  3852 I MS_RegisterService: RegisterService intent:Intent { act=register_intent_action flg=0x10 cmp=com.google.android.talk/com.google.android.libraries.matchstick.net.SilentRegisterService } isPeriodic:false
04-06 00:54:29.777  3827  3852 I MS_RegisterService: Not registered and not enabled. Doing nothing.
04-06 00:54:29.780  1650  2149 I ActivityManager: Killing 3485:com.android.dialer/u0a8 (adj 906): empty #17
04-06 00:54:29.791  2600  3528 W MediaProvider: Missing volume for /system/media/audio/notifications/Adara.ogg; assuming invalid
04-06 00:54:29.806  1407  1433 E MetadataRetrieverClient: failed to extract an album art
04-06 00:54:29.809  2600  3528 W MediaProvider: Missing volume for /system/media/audio/notifications/Aldebaran.ogg; assuming invalid
04-06 00:54:29.812  2600  3528 W MediaProvider: Missing volume for /system/media/audio/notifications/Altair.ogg; assuming invalid
04-06 00:54:29.823  1650  1799 D ActivityManager: cleanUpApplicationRecord -- 3485
04-06 00:54:29.836  2859  2859 I chatty  : uid=10013 com.google.android.gms.ui expire 1 line
04-06 00:54:29.842  2600  3528 W MediaProvider: Missing volume for /system/media/audio/notifications/Alya.ogg; assuming invalid
04-06 00:54:29.855  2600  3528 W MediaProvider: Missing volume for /system/media/audio/notifications/Antares.ogg; assuming invalid
04-06 00:54:29.875  2600  3528 W MediaProvider: Missing volume for /system/media/audio/notifications/Antimony.ogg; assuming invalid
04-06 00:54:29.878  2600  3528 W MediaProvider: Missing volume for /system/media/audio/notifications/Arcturus.ogg; assuming invalid
04-06 00:54:29.883  2600  3528 W MediaProvider: Missing volume for /system/media/audio/notifications/Argon.ogg; assuming invalid
04-06 00:54:29.892  2600  3528 W MediaProvider: Missing volume for /system/media/audio/notifications/Beat_Box_Android.ogg; assuming invalid
04-06 00:54:29.897  2600  3528 W MediaProvider: Missing volume for /system/media/audio/notifications/Bellatrix.ogg; assuming invalid
04-06 00:54:29.905  2600  3528 W MediaProvider: Missing volume for /system/media/audio/notifications/Beryllium.ogg; assuming invalid
04-06 00:54:29.911  3846  3846 I dex2oat : dex2oat took 470.986ms (threads: 2) arena alloc=440KB (450832B) java alloc=41KB (42248B) native alloc=836KB (856408B) free=1723KB (1765032B)
04-06 00:54:29.913  2600  3528 W MediaProvider: Missing volume for /system/media/audio/notifications/Betelgeuse.ogg; assuming invalid
04-06 00:54:29.918  2600  3528 W MediaProvider: Missing volume for /system/media/audio/notifications/CaffeineSnake.ogg; assuming invalid
04-06 00:54:29.922  2600  3528 W MediaProvider: Missing volume for /system/media/audio/notifications/Canopus.ogg; assuming invalid
04-06 00:54:29.932  2600  3528 W MediaProvider: Missing volume for /system/media/audio/notifications/Capella.ogg; assuming invalid
04-06 00:54:29.943  2600  3528 W MediaProvider: Missing volume for /system/media/audio/notifications/Castor.ogg; assuming invalid
04-06 00:54:29.945  2600  3528 W MediaProvider: Missing volume for /system/media/audio/notifications/CetiAlpha.ogg; assuming invalid
04-06 00:54:29.958  2600  3528 W MediaProvider: Missing volume for /system/media/audio/notifications/Cobalt.ogg; assuming invalid
04-06 00:54:29.969  2600  3528 W MediaProvider: Missing volume for /system/media/audio/notifications/Cricket.ogg; assuming invalid
04-06 00:54:29.979  2600  3528 W MediaProvider: Missing volume for /system/media/audio/notifications/DearDeer.ogg; assuming invalid
04-06 00:54:29.982  2600  3528 W MediaProvider: Missing volume for /system/media/audio/notifications/Deneb.ogg; assuming invalid
04-06 00:54:29.986  2600  3528 W MediaProvider: Missing volume for /system/media/audio/notifications/Doink.ogg; assuming invalid
04-06 00:54:29.994  2600  3528 W MediaProvider: Missing volume for /system/media/audio/notifications/DontPanic.ogg; assuming invalid
04-06 00:54:30.002  2600  3528 W MediaProvider: Missing volume for /system/media/audio/notifications/Drip.ogg; assuming invalid
04-06 00:54:30.007  2600  3528 W MediaProvider: Missing volume for /system/media/audio/notifications/Electra.ogg; assuming invalid
04-06 00:54:30.021  2600  3528 W MediaProvider: Missing volume for /system/media/audio/notifications/F1_MissedCall.ogg; assuming invalid
04-06 00:54:30.025  2600  3528 W MediaProvider: Missing volume for /system/media/audio/notifications/F1_New_MMS.ogg; assuming invalid
04-06 00:54:30.031  2600  3528 W MediaProvider: Missing volume for /system/media/audio/notifications/F1_New_SMS.ogg; assuming invalid
04-06 00:54:30.035  2600  3528 W MediaProvider: Missing volume for /system/media/audio/notifications/Fluorine.ogg; assuming invalid
04-06 00:54:30.048  2600  3528 W MediaProvider: Missing volume for /system/media/audio/notifications/Fomalhaut.ogg; assuming invalid
04-06 00:54:30.056  2600  3528 W MediaProvider: Missing volume for /system/media/audio/notifications/Gallium.ogg; assuming invalid
04-06 00:54:30.062  2600  3528 W MediaProvider: Missing volume for /system/media/audio/notifications/Heaven.ogg; assuming invalid
04-06 00:54:30.072  2600  3528 W MediaProvider: Missing volume for /system/media/audio/notifications/Helium.ogg; assuming invalid
04-06 00:54:30.074  2600  3528 W MediaProvider: Missing volume for /system/media/audio/notifications/Highwire.ogg; assuming invalid
04-06 00:54:30.090  2600  3528 W MediaProvider: Missing volume for /system/media/audio/notifications/Hojus.ogg; assuming invalid
04-06 00:54:30.092  2600  3528 W MediaProvider: Missing volume for /system/media/audio/notifications/Iridium.ogg; assuming invalid
04-06 00:54:30.095  2600  3528 W MediaProvider: Missing volume for /system/media/audio/notifications/Krypton.ogg; assuming invalid
04-06 00:54:30.099  2600  3528 W MediaProvider: Missing volume for /system/media/audio/notifications/KzurbSonar.ogg; assuming invalid
04-06 00:54:30.113  2600  3528 W MediaProvider: Missing volume for /system/media/audio/notifications/Lalande.ogg; assuming invalid
04-06 00:54:30.115  2600  3528 W MediaProvider: Missing volume for /system/media/audio/notifications/Merope.ogg; assuming invalid
04-06 00:54:30.117  2600  3528 W MediaProvider: Missing volume for /system/media/audio/notifications/Mira.ogg; assuming invalid
04-06 00:54:30.143  2600  3528 W MediaProvider: Missing volume for /system/media/audio/notifications/OnTheHunt.ogg; assuming invalid
04-06 00:54:30.988  3879  3879 I chatty  : uid=10013(com.google.android.gms) /system/bin/dex2oat expire 8 lines
04-06 00:54:30.989  2600  3528 W MediaProvider: Missing volume for /system/media/audio/ringtones; assuming invalid
04-06 00:54:30.994  2600  3528 W MediaProvider: Missing volume for /system/media/audio/notifications/Palladium.ogg; assuming invalid
04-06 00:54:30.996  2600  3528 W MediaProvider: Missing volume for /system/media/audio/notifications/Plastic_Pipe.ogg; assuming invalid
04-06 00:54:30.998  2600  3528 W MediaProvider: Missing volume for /system/media/audio/notifications/Polaris.ogg; assuming invalid
04-06 00:54:31.003  2600  3528 W MediaProvider: Missing volume for /system/media/audio/notifications/Pollux.ogg; assuming invalid
04-06 00:54:31.005  1407  1433 E MetadataRetrieverClient: failed to extract an album art
04-06 00:54:31.006  2600  3528 W MediaProvider: Missing volume for /system/media/audio/notifications/Procyon.ogg; assuming invalid
04-06 00:54:31.008  2600  3528 W MediaProvider: Missing volume for /system/media/audio/notifications/Proxima.ogg; assuming invalid
04-06 00:54:31.012  2600  3528 W MediaProvider: Missing volume for /system/media/audio/notifications/Radon.ogg; assuming invalid
04-06 00:54:31.014  2600  3528 W MediaProvider: Missing volume for /system/media/audio/notifications/Rubidium.ogg; assuming invalid
04-06 00:54:31.016  2600  3528 W MediaProvider: Missing volume for /system/media/audio/notifications/Selenium.ogg; assuming invalid
04-06 00:54:31.017  2600  3528 W MediaProvider: Missing volume for /system/media/audio/notifications/Shaula.ogg; assuming invalid
04-06 00:54:31.019  2600  3528 W MediaProvider: Missing volume for /system/media/audio/notifications/Sirrah.ogg; assuming invalid
04-06 00:54:31.020  2600  3528 W MediaProvider: Missing volume for /system/media/audio/notifications/SpaceSeed.ogg; assuming invalid
04-06 00:54:31.021  2600  3528 W MediaProvider: Missing volume for /system/media/audio/notifications/Spica.ogg; assuming invalid
04-06 00:54:31.023  2600  3528 W MediaProvider: Missing volume for /system/media/audio/notifications/Strontium.ogg; assuming invalid
04-06 00:54:31.025  2600  3528 W MediaProvider: Missing volume for /system/media/audio/notifications/Syrma.ogg; assuming invalid
04-06 00:54:31.027  2600  3528 W MediaProvider: Missing volume for /system/media/audio/notifications/TaDa.ogg; assuming invalid
04-06 00:54:31.031  2600  3528 W MediaProvider: Missing volume for /system/media/audio/notifications/Talitha.ogg; assuming invalid
04-06 00:54:31.033  2600  3528 W MediaProvider: Missing volume for /system/media/audio/notifications/Tejat.ogg; assuming invalid
04-06 00:54:31.035  2600  3528 W MediaProvider: Missing volume for /system/media/audio/notifications/Thallium.ogg; assuming invalid
04-06 00:54:31.039  2600  3528 W MediaProvider: Missing volume for /system/media/audio/notifications/Tinkerbell.ogg; assuming invalid
04-06 00:54:31.042  2600  3528 W MediaProvider: Missing volume for /system/media/audio/notifications/Upsilon.ogg; assuming invalid
04-06 00:54:31.044  2600  3528 W MediaProvider: Missing volume for /system/media/audio/notifications/Vega.ogg; assuming invalid
04-06 00:54:31.049  2600  3528 W MediaProvider: Missing volume for /system/media/audio/notifications/Voila.ogg; assuming invalid
04-06 00:54:31.052  2600  3528 W MediaProvider: Missing volume for /system/media/audio/notifications/Xenon.ogg; assuming invalid
04-06 00:54:31.054  2600  3528 W MediaProvider: Missing volume for /system/media/audio/notifications/Zirconium.ogg; assuming invalid
04-06 00:54:31.058  2600  3528 W MediaProvider: Missing volume for /system/media/audio/notifications/arcturus.ogg; assuming invalid
04-06 00:54:31.063  2600  3528 W MediaProvider: Missing volume for /system/media/audio/notifications/moonbeam.ogg; assuming invalid
04-06 00:54:31.067  2600  3528 W MediaProvider: Missing volume for /system/media/audio/notifications/pixiedust.ogg; assuming invalid
04-06 00:54:31.068  2600  3528 W MediaProvider: Missing volume for /system/media/audio/notifications/pizzicato.ogg; assuming invalid
04-06 00:54:31.069  2600  3528 W MediaProvider: Missing volume for /system/media/audio/notifications/regulus.ogg; assuming invalid
04-06 00:54:31.070  2600  3528 W MediaProvider: Missing volume for /system/media/audio/notifications/sirius.ogg; assuming invalid
04-06 00:54:31.072  2600  3528 W MediaProvider: Missing volume for /system/media/audio/notifications/tweeters.ogg; assuming invalid
04-06 00:54:31.074  2600  3528 W MediaProvider: Missing volume for /system/media/audio/notifications/vega.ogg; assuming invalid
04-06 00:54:31.085  1407  3753 E MetadataRetrieverClient: failed to extract an album art
04-06 00:54:31.088  2600  3528 W MediaProvider: Missing volume for /system/media/audio/ringtones/ANDROMEDA.ogg; assuming invalid
04-06 00:54:31.906  1650  3569 I ActivityManager: Killing 3509:com.android.deskclock/u0a38 (adj 906): empty #17
04-06 00:54:31.909  1650  2300 D ActivityManager: cleanUpApplicationRecord -- 3509
04-06 00:54:34.016  2600  3528 I art     : Waiting for a blocking GC DisableMovingGc
04-06 00:54:34.017  2600  3528 I art     : Starting a blocking GC DisableMovingGc
04-06 00:54:34.137  2396  2534 I chatty  : uid=10013(com.google.android.gms) expire 1 line
04-06 00:54:34.137  2396  2621 I chatty  : uid=10013(com.google.android.gms) expire 1 line
04-06 00:54:34.163  1650  2301 W ActivityManager: Permission Denial: getIntentSender() from pid=3735, uid=10071, (need uid=10013) is not allowed to send as package com.google.android.gms
04-06 00:54:34.359  2600  3528 W MediaScanner: Error opening directory '/oem/media/', skipping: No such file or directory.
04-06 00:54:34.367  2600  3528 W MediaProvider: Missing volume for /system/media/audio/ui; assuming invalid
04-06 00:54:34.373  2600  3528 W MediaProvider: Missing volume for /system/media/audio/ringtones/Andromeda.ogg; assuming invalid
04-06 00:54:34.375  2600  3528 W MediaProvider: Missing volume for /system/media/audio/ringtones/Aquila.ogg; assuming invalid
04-06 00:54:34.377  2600  3528 W MediaProvider: Missing volume for /system/media/audio/ringtones/ArgoNavis.ogg; assuming invalid
04-06 00:54:34.379  2600  3528 W MediaProvider: Missing volume for /system/media/audio/ringtones/Atria.ogg; assuming invalid
04-06 00:54:34.381  2600  3528 W MediaProvider: Missing volume for /system/media/audio/ringtones/BOOTES.ogg; assuming invalid
04-06 00:54:34.382  2600  3528 W MediaProvider: Missing volume for /system/media/audio/ringtones/Backroad.ogg; assuming invalid
04-06 00:54:34.383  2600  3528 W MediaProvider: Missing volume for /system/media/audio/ringtones/BeatPlucker.ogg; assuming invalid
04-06 00:54:34.385  2600  3528 W MediaProvider: Missing volume for /system/media/audio/ringtones/BentleyDubs.ogg; assuming invalid
04-06 00:54:34.387  2600  3528 W MediaProvider: Missing volume for /system/media/audio/ringtones/Big_Easy.ogg; assuming invalid
04-06 00:54:34.388  2600  3528 W MediaProvider: Missing volume for /system/media/audio/ringtones/BirdLoop.ogg; assuming invalid
04-06 00:54:34.390  2600  3528 W MediaProvider: Missing volume for /system/media/audio/ringtones/Bollywood.ogg; assuming invalid
04-06 00:54:34.391  2600  3528 W MediaProvider: Missing volume for /system/media/audio/ringtones/BussaMove.ogg; assuming invalid
04-06 00:54:34.393  2600  3528 W MediaProvider: Missing volume for /system/media/audio/ringtones/CANISMAJOR.ogg; assuming invalid
04-06 00:54:34.394  2600  3528 W MediaProvider: Missing volume for /system/media/audio/ringtones/CASSIOPEIA.ogg; assuming invalid
04-06 00:54:34.395  2600  3528 W MediaProvider: Missing volume for /system/media/audio/ringtones/Cairo.ogg; assuming invalid
04-06 00:54:34.397  2600  3528 W MediaProvider: Missing volume for /system/media/audio/ringtones/Calypso_Steel.ogg; assuming invalid
04-06 00:54:34.398  2600  3528 W MediaProvider: Missing volume for /system/media/audio/ringtones/CanisMajor.ogg; assuming invalid
04-06 00:54:34.400  2600  3528 W MediaProvider: Missing volume for /system/media/audio/ringtones/CaribbeanIce.ogg; assuming invalid
04-06 00:54:34.402  2600  3528 W MediaProvider: Missing volume for /system/media/audio/ringtones/Carina.ogg; assuming invalid
04-06 00:54:34.405  2600  3528 W MediaProvider: Missing volume for /system/media/audio/ringtones/Centaurus.ogg; assuming invalid
04-06 00:54:34.406  2600  3528 W MediaProvider: Missing volume for /system/media/audio/ringtones/Champagne_Edition.ogg; assuming invalid
04-06 00:54:34.408  2600  3528 W MediaProvider: Missing volume for /system/media/audio/ringtones/Club_Cubano.ogg; assuming invalid
04-06 00:54:34.409  2600  3528 W MediaProvider: Missing volume for /system/media/audio/ringtones/CrayonRock.ogg; assuming invalid
04-06 00:54:34.410  2600  3528 W MediaProvider: Missing volume for /system/media/audio/ringtones/CrazyDream.ogg; assuming invalid
04-06 00:54:34.412  2600  3528 W MediaProvider: Missing volume for /system/media/audio/ringtones/CurveBall.ogg; assuming invalid
04-06 00:54:34.414  2600  3528 W MediaProvider: Missing volume for /system/media/audio/ringtones/Cygnus.ogg; assuming invalid
04-06 00:54:34.415  2600  3528 W MediaProvider: Missing volume for /system/media/audio/ringtones/DancinFool.ogg; assuming invalid
04-06 00:54:34.416  2600  3528 W MediaProvider: Missing volume for /system/media/audio/ringtones/Ding.ogg; assuming invalid
04-06 00:54:34.418  2600  3528 W MediaProvider: Missing volume for /system/media/audio/ringtones/DonMessWivIt.ogg; assuming invalid
04-06 00:54:34.421  2600  3528 W MediaProvider: Missing volume for /system/media/audio/ringtones/Draco.ogg; assuming invalid
04-06 00:54:34.423  2600  3528 W MediaProvider: Missing volume for /system/media/audio/ringtones/DreamTheme.ogg; assuming invalid
04-06 00:54:34.424  2600  3528 W MediaProvider: Missing volume for /system/media/audio/ringtones/Eastern_Sky.ogg; assuming invalid
04-06 00:54:34.425  2600  3528 W MediaProvider: Missing volume for /system/media/audio/ringtones/Enter_the_Nexus.ogg; assuming invalid
04-06 00:54:34.426  2600  3528 W MediaProvider: Missing volume for /system/media/audio/ringtones/Eridani.ogg; assuming invalid
04-06 00:54:34.428  2600  3528 W MediaProvider: Missing volume for /system/media/audio/ringtones/EtherShake.ogg; assuming invalid
04-06 00:54:34.429  2600  3528 W MediaProvider: Missing volume for /system/media/audio/ringtones/FreeFlight.ogg; assuming invalid
04-06 00:54:34.430  2600  3528 W MediaProvider: Missing volume for /system/media/audio/ringtones/FriendlyGhost.ogg; assuming invalid
04-06 00:54:34.432  2600  3528 W MediaProvider: Missing volume for /system/media/audio/ringtones/Funk_Yall.ogg; assuming invalid
04-06 00:54:34.433  2600  3528 W MediaProvider: Missing volume for /system/media/audio/ringtones/GameOverGuitar.ogg; assuming invalid
04-06 00:54:34.435  2600  3528 W MediaProvider: Missing volume for /system/media/audio/ringtones/Gimme_Mo_Town.ogg; assuming invalid
04-06 00:54:34.437  2600  3528 W MediaProvider: Missing volume for /system/media/audio/ringtones/Girtab.ogg; assuming invalid
04-06 00:54:34.438  2600  3528 W MediaProvider: Missing volume for /system/media/audio/ringtones/Glacial_Groove.ogg; assuming invalid
04-06 00:54:34.440  2600  3528 W MediaProvider: Missing volume for /system/media/audio/ringtones/Growl.ogg; assuming invalid
04-06 00:54:34.441  2600  3528 W MediaProvider: Missing volume for /system/media/audio/ringtones/HalfwayHome.ogg; assuming invalid
04-06 00:54:34.443  2600  3528 W MediaProvider: Missing volume for /system/media/audio/ringtones/Hydra.ogg; assuming invalid
04-06 00:54:34.445  2600  3528 W MediaProvider: Missing volume for /system/media/audio/ringtones/InsertCoin.ogg; assuming invalid
04-06 00:54:34.447  2600  3528 W MediaProvider: Missing volume for /system/media/audio/ringtones/Kuma.ogg; assuming invalid
04-06 00:54:34.448  2600  3528 W MediaProvider: Missing volume for /system/media/audio/ringtones/LoopyLounge.ogg; assuming invalid
04-06 00:54:34.450  2600  3528 W MediaProvider: Missing volume for /system/media/audio/ringtones/LoveFlute.ogg; assuming invalid
04-06 00:54:34.451  2600  3528 W MediaProvider: Missing volume for /system/media/audio/ringtones/Lyra.ogg; assuming invalid
04-06 00:54:34.453  2600  3528 W MediaProvider: Missing volume for /system/media/audio/ringtones/Machina.ogg; assuming invalid
04-06 00:54:34.455  2600  3528 W MediaProvider: Missing volume for /system/media/audio/ringtones/MidEvilJaunt.ogg; assuming invalid
04-06 00:54:34.456  2600  3528 W MediaProvider: Missing volume for /system/media/audio/ringtones/MildlyAlarming.ogg; assuming invalid
04-06 00:54:34.457  2600  3528 W MediaProvider: Missing volume for /system/media/audio/ringtones/Nairobi.ogg; assuming invalid
04-06 00:54:34.459  2600  3528 W MediaProvider: Missing volume for /system/media/audio/ringtones/Nassau.ogg; assuming invalid
04-06 00:54:34.460  2600  3528 W MediaProvider: Missing volume for /system/media/audio/ringtones/NewPlayer.ogg; assuming invalid
04-06 00:54:34.461  2600  3528 W MediaProvider: Missing volume for /system/media/audio/ringtones/No_Limits.ogg; assuming invalid
04-06 00:54:34.464  2600  3528 W MediaProvider: Missing volume for /system/media/audio/ringtones/Noises1.ogg; assuming invalid
04-06 00:54:34.465  2600  3528 W MediaProvider: Missing volume for /system/media/audio/ringtones/Noises2.ogg; assuming invalid
04-06 00:54:34.466  2600  3528 W MediaProvider: Missing volume for /system/media/audio/ringtones/Noises3.ogg; assuming invalid
04-06 00:54:34.468  2600  3528 W MediaProvider: Missing volume for /system/media/audio/ringtones/OrganDub.ogg; assuming invalid
04-06 00:54:34.469  2600  3528 W MediaProvider: Missing volume for /system/media/audio/ringtones/Orion.ogg; assuming invalid
04-06 00:54:34.473  2600  3528 W MediaProvider: Missing volume for /system/media/audio/ringtones/PERSEUS.ogg; assuming invalid
04-06 00:54:34.474  2600  3528 W MediaProvider: Missing volume for /system/media/audio/ringtones/Paradise_Island.ogg; assuming invalid
04-06 00:54:34.476  2600  3528 W MediaProvider: Missing volume for /system/media/audio/ringtones/Pegasus.ogg; assuming invalid
04-06 00:54:34.477  1407  3753 E MetadataRetrieverClient: failed to extract an album art
04-06 00:54:34.479  2600  3528 W MediaProvider: Missing volume for /system/media/audio/ringtones/Perseus.ogg; assuming invalid
04-06 00:54:34.484  2600  3528 W MediaProvider: Missing volume for /system/media/audio/ringtones/Playa.ogg; assuming invalid
04-06 00:54:34.486  2600  3528 W MediaProvider: Missing volume for /system/media/audio/ringtones/Pyxis.ogg; assuming invalid
04-06 00:54:34.487  2600  3528 W MediaProvider: Missing volume for /system/media/audio/ringtones/Rasalas.ogg; assuming invalid
04-06 00:54:34.488  2600  3528 W MediaProvider: Missing volume for /system/media/audio/ringtones/Revelation.ogg; assuming invalid
04-06 00:54:34.490  2600  3528 W MediaProvider: Missing volume for /system/media/audio/ringtones/Rigel.ogg; assuming invalid
04-06 00:54:34.492  2600  3528 W MediaProvider: Missing volume for /system/media/audio/ringtones/Ring_Classic_02.ogg; assuming invalid
04-06 00:54:34.494  2600  3528 W MediaProvider: Missing volume for /system/media/audio/ringtones/Ring_Digital_02.ogg; assuming invalid
04-06 00:54:34.495  2600  3528 W MediaProvider: Missing volume for /system/media/audio/ringtones/Ring_Synth_02.ogg; assuming invalid
04-06 00:54:34.497  2600  3528 W MediaProvider: Missing volume for /system/media/audio/ringtones/Ring_Synth_04.ogg; assuming invalid
04-06 00:54:34.498  2600  3528 W MediaProvider: Missing volume for /system/media/audio/ringtones/Road_Trip.ogg; assuming invalid
04-06 00:54:34.500  2600  3528 W MediaProvider: Missing volume for /system/media/audio/ringtones/RomancingTheTone.ogg; assuming invalid
04-06 00:54:34.501  2600  3528 W MediaProvider: Missing volume for /system/media/audio/ringtones/Safari.ogg; assuming invalid
04-06 00:54:34.502  2600  3528 W MediaProvider: Missing volume for /system/media/audio/ringtones/Savannah.ogg; assuming invalid
04-06 00:54:34.504  2600  3528 W MediaProvider: Missing volume for /system/media/audio/ringtones/Scarabaeus.ogg; assuming invalid
04-06 00:54:34.505  2600  3528 W MediaProvider: Missing volume for /system/media/audio/ringtones/Sceptrum.ogg; assuming invalid
