04-06 00:53:45.886  1650  1650 W PackageManager: Unknown permission com.android.vending.setup.PLAY_SETUP_SERVICE in package com.google.android.gms
04-06 00:53:45.886  1650  1650 W PackageManager: Unknown permission com.google.android.vending.verifier.ACCESS_VERIFIER in package com.google.android.gms
04-06 00:53:45.886  1650  1650 W PackageManager: Unknown permission com.android.launcher.permission.PRELOAD_WORKSPACE in package com.google.android.partnersetup
04-06 00:53:45.886  1650  1650 W PackageManager: Not granting permission com.google.android.googleapps.permission.GOOGLE_AUTH to package com.google.android.videos (protectionLevel=2 flags=0x385bbe45)
04-06 00:53:45.886  1650  1650 W PackageManager: Unknown permission android.permission.RUN_INSTRUMENTATION in package org.chromium.webview_shell
04-06 00:53:45.886  1650  1650 W PackageManager: Unknown permission com.google.android.gallery3d.permission.PICASA_STORE in package com.google.android.apps.photos
04-06 00:53:45.886  1650  1650 W PackageManager: Not granting permission android.permission.WRITE_MEDIA_STORAGE to package com.google.android.apps.photos (protectionLevel=18 flags=0x3858be45)
04-06 00:53:45.886  1650  1650 W PackageManager: Unknown permission com.google.android.gm.exchange.BIND in package com.google.android.calendar
04-06 00:53:45.887  1650  1650 W PackageManager: Not granting permission android.permission.CONTROL_KEYGUARD to package com.google.android.gsf.login (protectionLevel=2 flags=0x3048be45)
04-06 00:53:45.887  1650  1650 W PackageManager: Unknown permission com.android.vending.billing.BILLING_ACCOUNT_SERVICE in package com.google.android.gsf.login
04-06 00:53:45.887  1650  1650 W PackageManager: Unknown permission com.android.vending.billing.ADD_CREDIT_CARD in package com.google.android.gsf.login
04-06 00:53:45.887  1650  1650 W PackageManager: Unknown permission com.android.vending.billing.IBillingAccountService.BIND2 in package com.google.android.gsf.login
04-06 00:53:45.887  1650  1650 W PackageManager: Unknown permission com.android.vending.TOS_ACKED in package com.google.android.gsf.login
04-06 00:53:45.887  1650  1650 W PackageManager: Unknown permission com.android.launcher.permission.READ_SETTINGS in package com.android.settings
04-06 00:53:45.887  1650  1650 W PackageManager: Unknown permission com.android.launcher.permission.WRITE_SETTINGS in package com.android.settings
04-06 00:53:45.887  1650  1650 W PackageManager: Not granting permission android.permission.REGISTER_CONNECTION_MANAGER to package com.google.android.talk (protectionLevel=18 flags=0x3049be45)
04-06 00:53:45.887  1650  1650 W PackageManager: Unknown permission com.android.smspush.WAPPUSH_MANAGER_BIND in package com.android.phone
04-06 00:53:45.888  1650  1650 W PackageManager: Not granting permission android.permission.BIND_APPWIDGET to package com.android.widgetpreview (protectionLevel=18 flags=0x3808be44)
04-06 00:53:45.889  1650  1650 W PackageManager: Unknown package com.google.android.apps.docs.editors.docs in sysconfig <app-link>
04-06 00:53:45.889  1650  1650 W PackageManager: Unknown package com.google.android.apps.docs.editors.sheets in sysconfig <app-link>
04-06 00:53:45.889  1650  1650 W PackageManager: Unknown package com.google.android.apps.docs.editors.slides in sysconfig <app-link>
04-06 00:53:45.889  1650  1650 W PackageManager: Sysconfig <app-link> package 'com.android.vending' does not handle web links
04-06 00:53:45.890  1650  1650 W PackageManager: Unknown package com.google.android.apps.plus in sysconfig <app-link>
04-06 00:53:45.890  1650  1650 W PackageManager: Unknown package com.google.android.apps.tycho in sysconfig <app-link>
04-06 00:53:45.890  1650  1650 V PackageManager: reconcileAppsData for null u0 0x3
04-06 00:53:46.040  1650  1650 V PackageManager: reconcileAppsData finished 99 packages; restoreconNeeded was true
04-06 00:53:46.362  1650  1650 I SystemServer: StartOtaDexOptService
04-06 00:53:46.368  1650  1650 I SystemServer: StartUserManagerService
04-06 00:53:46.368  1650  1650 I SystemServiceManager: Starting com.android.server.pm.UserManagerService$LifeCycle
04-06 00:53:46.407  1650  1650 I SystemServiceManager: Starting com.android.server.BatteryService
04-06 00:53:46.421  1650  1650 I SystemServiceManager: Starting com.android.server.usage.UsageStatsService
04-06 00:53:46.461  1650  1650 I SystemServiceManager: Starting com.android.server.webkit.WebViewUpdateService
04-06 00:53:46.479  1650  1650 I SystemServer: Reading configuration...
04-06 00:53:46.479  1650  1650 I SystemServer: StartSchedulingPolicyService
04-06 00:53:46.480  1650  1650 I SystemServiceManager: Starting com.android.server.telecom.TelecomLoaderService
04-06 00:53:46.482  1650  1650 I SystemServer: StartTelephonyRegistry
04-06 00:53:46.488  1650  1650 I SystemServer: StartEntropyMixer
04-06 00:53:46.489  1650  1650 W EntropyMixer: No existing entropy file -- first boot?
04-06 00:53:46.493  1650  1650 I EntropyMixer: Writing entropy...
04-06 00:53:46.503  1650  1650 I SystemServer: Camera Service
04-06 00:53:46.503  1650  1650 I SystemServiceManager: Starting com.android.server.camera.CameraService
04-06 00:53:46.511  1650  1712 I ServiceThread: Enabled StrictMode logging for CameraService_proxy looper.
04-06 00:53:46.512  1650  1650 I SystemServer: StartAccountManagerService
04-06 00:53:46.515  1650  1650 I SystemServiceManager: Starting com.android.server.accounts.AccountManagerService$Lifecycle
04-06 00:53:46.522  1650  1650 I SystemServer: StartContentService
04-06 00:53:46.523  1650  1650 I SystemServiceManager: Starting com.android.server.content.ContentService$Lifecycle
04-06 00:53:46.528  1650  1650 I SystemServer: InstallSystemProviders
04-06 00:53:46.672  1650  1650 D SettingsProvider: Generated and saved new ANDROID_ID [21ce4fee4c17a122] for user 0
04-06 00:53:46.687  1650  1650 I SystemServer: StartVibratorService
04-06 00:53:46.688  1650  1650 I SystemServer: StartConsumerIrService
04-06 00:53:46.689  1650  1650 I SystemServer: StartAlarmManagerService
04-06 00:53:46.689  1650  1650 I SystemServiceManager: Starting com.android.server.AlarmManagerService
04-06 00:53:46.694  1650  1650 I SystemServer: InitWatchdog
04-06 00:53:46.695  1650  1650 I SystemServer: StartInputManagerService
04-06 00:53:46.696  1650  1650 I InputManager: Initializing input manager, mUseDevInputEventForAudioJack=true
04-06 00:53:46.696  1650  1650 I SystemServer: StartWindowManagerService
04-06 00:53:46.697  1650  1665 I SyncManager: No initial accounts
04-06 00:53:46.697  1650  1665 I SyncManager: No initial status
04-06 00:53:46.697  1650  1665 I SyncManager: No initial statistics
04-06 00:53:46.762  1650  1673 I WindowManager: No existing display settings /data/system/display_settings.xml; starting empty
04-06 00:53:46.822  1650  1650 I SystemServer: StartVrManagerService
04-06 00:53:46.822  1650  1650 I SystemServiceManager: Starting com.android.server.vr.VrManagerService
04-06 00:53:46.828  1650  1650 I VrManagerService: No VR packages found, disabling VR components
04-06 00:53:46.832  1650  1650 I InputManager: Starting input manager
04-06 00:53:46.876  1650  1650 I SystemServer: No Bluetooth Service (emulator)
04-06 00:53:46.876  1650  1650 I SystemServer: ConnectivityMetricsLoggerService
04-06 00:53:46.877  1650  1650 I SystemServiceManager: Starting com.android.server.connectivity.MetricsLoggerService
04-06 00:53:46.885  1650  1650 I SystemServer: PinnerService
04-06 00:53:46.885  1650  1650 I SystemServiceManager: Starting com.android.server.PinnerService
04-06 00:53:46.885  1650  1650 E PinnerService: Starting PinnerService
04-06 00:53:46.886  1650  1650 I SystemServiceManager: Starting com.android.server.InputMethodManagerService$Lifecycle
04-06 00:53:46.947  1650  1650 W InputMethodManagerService: No IME selected. Choose the most applicable IME.
04-06 00:53:46.948  1650  1650 I InputMethodManagerService: Default found, using com.android.inputmethod.latin/.LatinIME
04-06 00:53:46.950  1650  1650 I SystemServer: StartAccessibilityManagerService
04-06 00:53:46.964  1650  1650 I ActivityManager: Config changes=1df8 {1.0 ?mcc?mnc [en_US] ldltr sw411dp w411dp h731dp 420dpi nrml long port ?uimode ?night -touch -keyb/h/h -nav/h s.2}
04-06 00:53:46.972  1650  1665 I UsageStatsDatabase: Upgrading from version 0 to 3
04-06 00:53:46.972  1650  1665 I UsageStatsDatabase: Deleting all usage stats files
04-06 00:53:46.979  1650  1721 I ActivityManager: Config changes=570 {1.0 ?mcc?mnc [en_US] ldltr sw411dp w411dp h659dp 420dpi nrml port ?uimode ?night -touch qwerty/v/v dpad/v s.3}
04-06 00:53:46.984  1650  1665 I UsageStatsService: User[0] Rollover scheduled @ 2017-04-07 07:53:46(1491551626965)
04-06 00:53:46.984  1650  1673 I ActivityManager: Config changes=8 {1.0 ?mcc?mnc [en_US] ldltr sw411dp w411dp h659dp 420dpi nrml port ?uimode ?night finger qwerty/v/v dpad/v s.4}
04-06 00:53:46.988  1650  1665 D UsageStatsService: Initializing defaults for system apps on user 0
04-06 00:53:46.992  1650  1665 E AppIdleHistory: Unable to read app idle file for user 0
04-06 00:53:46.994  1650  1650 I SystemServiceManager: Starting com.android.server.MountService$Lifecycle
04-06 00:53:47.008  1650  1650 I SystemServiceManager: Starting com.android.server.UiModeManagerService
04-06 00:53:47.009  1650  1650 I ActivityManager: Config changes=200 {1.0 ?mcc?mnc [en_US] ldltr sw411dp w411dp h659dp 420dpi nrml port finger qwerty/v/v dpad/v s.5}
04-06 00:53:47.011  1650  1723 D MountService: Thinking about init, mSystemReady=false, mDaemonConnected=true
04-06 00:53:47.011  1650  1723 D MountService: Thinking about reset, mSystemReady=false, mDaemonConnected=true
04-06 00:53:47.012  1650  1723 D MountService: Thinking about init, mSystemReady=false, mDaemonConnected=true
04-06 00:53:47.012  1650  1723 D MountService: Thinking about reset, mSystemReady=false, mDaemonConnected=true
04-06 00:53:47.013  1650  1723 W MountService: No primary storage mounted!
04-06 00:53:47.013  1650  1723 D VoldConnector: SND -> {1 asec list}
04-06 00:53:47.024  1650  1724 D VoldConnector: RCV <- {200 1 asec operation succeeded}
04-06 00:53:47.054  1650  1723 W PackageManager: Not granting permission android.permission.MANAGE_DOCUMENTS to package com.google.android.youtube (protectionLevel=2 flags=0x38d83e45)
04-06 00:53:47.054  1650  1723 W PackageManager: Unknown permission com.google.android.launcher.permission.CONTENT_REDIRECT in package com.google.android.googlequicksearchbox
04-06 00:53:47.054  1650  1723 W PackageManager: Unknown permission com.google.android.voicesearch.SHORTCUTS_ACCESS in package com.google.android.googlequicksearchbox
04-06 00:53:47.054  1650  1723 W PackageManager: Unknown permission com.google.android.voicesearch.ACCESS_SETTINGS in package com.google.android.googlequicksearchbox
04-06 00:53:47.055  1650  1723 W PackageManager: Unknown permission com.android.browser.permission.PRELOAD in package com.google.android.googlequicksearchbox
04-06 00:53:47.055  1650  1723 W PackageManager: Unknown permission com.google.android.ears.permission.WRITE in package com.google.android.googlequicksearchbox
04-06 00:53:47.056  1650  1723 W PackageManager: Unknown permission com.google.android.apps.googlevoice.permission.AUTO_SEND in package com.google.android.googlequicksearchbox
04-06 00:53:47.056  1650  1723 W PackageManager: Unknown permission com.android.chrome.PRERENDER_URL in package com.google.android.googlequicksearchbox
04-06 00:53:47.056  1650  1723 W PackageManager: Not granting permission com.google.android.googleapps.permission.GOOGLE_AUTH to package com.android.providers.calendar (protectionLevel=2 flags=0x30883e45)
04-06 00:53:47.056  1650  1723 W PackageManager: Not granting permission com.google.android.googleapps.permission.GOOGLE_AUTH.cl to package com.android.providers.calendar (protectionLevel=2 flags=0x30883e45)
04-06 00:53:47.056  1650  1723 W PackageManager: Unknown permission com.android.launcher.permission.READ_SETTINGS in package com.android.launcher3
04-06 00:53:47.056  1650  1723 W PackageManager: Unknown permission com.android.launcher.permission.WRITE_SETTINGS in package com.android.launcher3
04-06 00:53:47.057  1650  1723 W PackageManager: Unknown permission com.google.android.email.permission.ACCESS_PROVIDER in package com.google.android.gm
04-06 00:53:47.057  1650  1723 W PackageManager: Unknown permission com.google.android.gm.exchange.BIND in package com.google.android.gm
04-06 00:53:47.057  1650  1723 W PackageManager: Unknown permission com.android.email.partnerprovider.PARTNER_PROVIDER in package com.google.android.gm
04-06 00:53:47.057  1650  1723 W PackageManager: Unknown permission com.android.vending.TOS_ACKED in package com.google.android.setupwizard
04-06 00:53:47.057  1650  1723 W PackageManager: Unknown permission com.android.vending.setup.PLAY_SETUP_SERVICE in package com.google.android.setupwizard
04-06 00:53:47.057  1650  1723 W PackageManager: Unknown permission android.permission.WRITE_SYNC_STATS in package com.google.android.apps.docs
04-06 00:53:47.058  1650  1723 W PackageManager: Not granting permission android.permission.INTERACT_ACROSS_USERS to package com.google.android.syncadapters.contacts (protectionLevel=50 flags=0x38883e45)
04-06 00:53:47.058  1650  1723 W PackageManager: Unknown permission com.google.android.syncadapters.contacts.permission.GAL_SEARCH in package com.google.android.syncadapters.contacts
04-06 00:53:47.058  1650  1723 W PackageManager: Unknown permission com.chrome.permission.DEVICE_EXTRAS in package com.android.chrome
04-06 00:53:47.058  1650  1723 W PackageManager: Unknown permission com.sec.enterprise.knox.MDM_CONTENT_PROVIDER in package com.android.chrome
04-06 00:53:47.058  1650  1723 W PackageManager: Unknown permission com.google.android.permission.INSTALL_WEARABLE_PACKAGES in package com.google.android.packageinstaller
04-06 00:53:47.058  1650  1723 W PackageManager: Unknown permission com.google.android.apps.enterprise.dmagent.permission.AutoSyncPermission in package com.google.android.gms
04-06 00:53:47.058  1650  1723 W PackageManager: Unknown permission android.permission.CONNECTIVITY_USE_RESTRICTED_NETWORKS in package com.google.android.gms
04-06 00:53:47.058  1650  1723 W PackageManager: Unknown permission com.google.android.wearable.READ_SETTINGS in package com.google.android.gms
04-06 00:53:47.058  1650  1723 W PackageManager: Unknown permission com.android.vending.setup.PLAY_SETUP_SERVICE in package com.google.android.gms
04-06 00:53:47.058  1650  1723 W PackageManager: Unknown permission com.google.android.vending.verifier.ACCESS_VERIFIER in package com.google.android.gms
04-06 00:53:47.058  1650  1723 W PackageManager: Unknown permission com.android.launcher.permission.PRELOAD_WORKSPACE in package com.google.android.partnersetup
04-06 00:53:47.058  1650  1723 W PackageManager: Not granting permission com.google.android.googleapps.permission.GOOGLE_AUTH to package com.google.android.videos (protectionLevel=2 flags=0x38dbbe45)
04-06 00:53:47.059  1650  1723 W PackageManager: Not granting permission android.permission.READ_CONTACTS to package com.example.android.apis because it was previously installed without
04-06 00:53:47.059  1650  1723 W PackageManager: Not granting permission android.permission.WRITE_CONTACTS to package com.example.android.apis because it was previously installed without
04-06 00:53:47.059  1650  1723 W PackageManager: Not granting permission android.permission.ACCESS_COARSE_LOCATION to package com.example.android.apis because it was previously installed without
04-06 00:53:47.059  1650  1723 W PackageManager: Not granting permission android.permission.WRITE_EXTERNAL_STORAGE to package com.example.android.apis because it was previously installed without
04-06 00:53:47.059  1650  1723 W PackageManager: Not granting permission android.permission.SEND_SMS to package com.example.android.apis because it was previously installed without
04-06 00:53:47.059  1650  1723 W PackageManager: Not granting permission android.permission.RECEIVE_SMS to package com.example.android.apis because it was previously installed without
04-06 00:53:47.059  1650  1723 W PackageManager: Not granting permission android.permission.RECEIVE_MMS to package com.example.android.apis because it was previously installed without
04-06 00:53:47.059  1650  1723 W PackageManager: Not granting permission android.permission.READ_SMS to package com.example.android.apis because it was previously installed without
04-06 00:53:47.059  1650  1723 W PackageManager: Not granting permission android.permission.READ_PHONE_STATE to package com.example.android.apis because it was previously installed without
04-06 00:53:47.059  1650  1723 W PackageManager: Not granting permission android.permission.RECORD_AUDIO to package com.example.android.apis because it was previously installed without
04-06 00:53:47.059  1650  1723 W PackageManager: Not granting permission android.permission.CAMERA to package com.example.android.apis because it was previously installed without
04-06 00:53:47.059  1650  1723 W PackageManager: Not granting permission android.permission.READ_EXTERNAL_STORAGE to package com.example.android.apis because it was previously installed without
04-06 00:53:47.059  1650  1723 W PackageManager: Unknown permission android.permission.RUN_INSTRUMENTATION in package org.chromium.webview_shell
04-06 00:53:47.059  1650  1723 W PackageManager: Unknown permission com.google.android.gallery3d.permission.PICASA_STORE in package com.google.android.apps.photos
04-06 00:53:47.059  1650  1723 W PackageManager: Not granting permission android.permission.WRITE_MEDIA_STORAGE to package com.google.android.apps.photos (protectionLevel=18 flags=0x38d8be45)
04-06 00:53:47.059  1650  1723 W PackageManager: Unknown permission com.google.android.gm.exchange.BIND in package com.google.android.calendar
04-06 00:53:47.059  1650  1723 W PackageManager: Not granting permission android.permission.CONTROL_KEYGUARD to package com.google.android.gsf.login (protectionLevel=2 flags=0x30c8be45)
04-06 00:53:47.059  1650  1723 W PackageManager: Unknown permission com.android.vending.billing.BILLING_ACCOUNT_SERVICE in package com.google.android.gsf.login
04-06 00:53:47.059  1650  1723 W PackageManager: Unknown permission com.android.vending.billing.ADD_CREDIT_CARD in package com.google.android.gsf.login
04-06 00:53:47.059  1650  1723 W PackageManager: Unknown permission com.android.vending.billing.IBillingAccountService.BIND2 in package com.google.android.gsf.login
04-06 00:53:47.059  1650  1723 W PackageManager: Unknown permission com.android.vending.TOS_ACKED in package com.google.android.gsf.login
04-06 00:53:47.059  1650  1723 W PackageManager: Unknown permission com.android.launcher.permission.READ_SETTINGS in package com.android.settings
04-06 00:53:47.059  1650  1723 W PackageManager: Unknown permission com.android.launcher.permission.WRITE_SETTINGS in package com.android.settings
04-06 00:53:47.060  1650  1723 W PackageManager: Not granting permission android.permission.REGISTER_CONNECTION_MANAGER to package com.google.android.talk (protectionLevel=18 flags=0x30c9be45)
04-06 00:53:47.060  1650  1723 W PackageManager: Unknown permission com.android.smspush.WAPPUSH_MANAGER_BIND in package com.android.phone
04-06 00:53:47.060  1650  1723 W PackageManager: Not granting permission android.permission.BIND_APPWIDGET to package com.android.widgetpreview (protectionLevel=18 flags=0x3808be44)
04-06 00:53:47.095  1650  1723 W MountService: No primary storage mounted!
04-06 00:53:47.095  1650  1723 D VoldConnector: SND -> {2 asec list}
04-06 00:53:47.096  1650  1724 D VoldConnector: RCV <- {200 2 asec operation succeeded}
--------- beginning of main
04-06 00:53:50.796  1749  1749 I dex2oat : /system/bin/dex2oat --compiler-filter=interpret-only
04-06 00:53:50.872  1749  1749 I dex2oat : dex2oat took 76.150ms (threads: 2) arena alloc=1016B (1016B) java alloc=68KB (70160B) native alloc=885KB (906320B) free=1162KB (1190832B)
04-06 00:53:50.875  1650  1650 W PackageManager: No disk maintenance in 1491465230875; running immediately
04-06 00:53:50.875  1650  1650 I SystemServer: StartLockSettingsService
04-06 00:53:50.875  1650  1650 I SystemServiceManager: Starting com.android.server.LockSettingsService$Lifecycle
04-06 00:53:50.877  1650  1723 I MountService: Running fstrim idle maintenance
04-06 00:53:50.877  1650  1723 D VoldConnector: SND -> {3 fstrim dotrim}
04-06 00:53:50.877  1650  1724 D VoldConnector: RCV <- {200 3 Command succeeded}
04-06 00:53:50.877  1264  1752 D vold    : Starting trim of /cache
04-06 00:53:50.878  1264  1752 W vold    : Trim failed on /cache: Operation not supported on transport endpoint
04-06 00:53:50.878  1264  1752 D vold    : Starting trim of /data
04-06 00:53:50.878  1650  1724 D VoldConnector: RCV <- {662 /cache -1 -1}
04-06 00:53:50.878  1264  1752 W vold    : Trim failed on /data: Operation not supported on transport endpoint
04-06 00:53:50.878  1650  1724 D VoldConnector: RCV <- {662 /data -1 -1}
04-06 00:53:50.879  1650  1671 E VoldConnector: Error handling '662 /cache -1 -1': java.lang.NullPointerException: Attempt to invoke virtual method 'void android.os.DropBoxManager.addText(java.lang.String, java.lang.String)' on a null object reference
04-06 00:53:50.879  1650  1671 E VoldConnector: Error handling '662 /data -1 -1': java.lang.NullPointerException: Attempt to invoke virtual method 'void android.os.DropBoxManager.addText(java.lang.String, java.lang.String)' on a null object reference
04-06 00:53:50.892  1650  1650 I SystemServiceManager: Starting com.android.server.DeviceIdleController
04-06 00:53:50.895  1650  1650 I SystemServiceManager: Starting com.android.server.devicepolicy.DevicePolicyManagerService$Lifecycle
04-06 00:53:50.908  1650  1650 I SystemServer: StartStatusBarManagerService
04-06 00:53:50.912  1650  1650 I SystemServer: StartClipboardService
04-06 00:53:50.914  1650  1650 I SystemServer: StartNetworkManagementService
04-06 00:53:50.919  1650  1754 I NetworkManagement: onDaemonConnected()
04-06 00:53:50.920  1650  1650 I SystemServiceManager: Starting com.android.server.TextServicesManagerService$Lifecycle
04-06 00:53:50.923  1650  1650 I SystemServer: StartNetworkScoreService
04-06 00:53:50.923  1650  1650 I SystemServer: StartNetworkStatsService
04-06 00:53:50.938  1650  1650 I SystemServer: StartNetworkPolicyManagerService
04-06 00:53:50.957  1650  1650 I SystemServer: No Wi-Fi NAN Service (NAN support Not Present)
04-06 00:53:51.003  1650  1650 I SystemServiceManager: Starting com.android.server.wifi.p2p.WifiP2pService
04-06 00:53:51.065  1650  1650 I WifiP2pService: Registering wifip2p
04-06 00:53:51.066  1650  1650 I SystemServiceManager: Starting com.android.server.wifi.WifiService
04-06 00:53:51.169  1650  1650 D HS20    : Passpoint is disabled
04-06 00:53:51.181  1650  1760 E IpManager.wlan0: Failed to clear addresses or disable IPv6java.lang.IllegalStateException: command '1 interface ipv6 wlan0 disable' failed with '400 1 Failed to change IPv6 state (No such file or directory)'
04-06 00:53:51.384  1650  1759 D WifiApConfigStore: 2G band allowed channels are:1,6,11
04-06 00:53:51.387  1650  1759 E WifiApConfigStore: Error reading hotspot configuration java.io.FileNotFoundException: /data/misc/wifi/softap.conf (No such file or directory)
04-06 00:53:51.387  1650  1759 D WifiApConfigStore: Fallback to use default AP configuration
04-06 00:53:51.390  1650  1650 E WifiLogger: no ring buffers found
04-06 00:53:51.391  1650  1650 E WifiLogger: Failed to start packet fate monitoring
04-06 00:53:51.395  1650  1650 D WifiController: isAirplaneModeOn = false, isWifiEnabled = false, isScanningAvailable = false
04-06 00:53:51.396  1650  1650 I WifiService: Registering wifi
04-06 00:53:51.398  1650  1650 I SystemServiceManager: Starting com.android.server.wifi.scanner.WifiScanningService
04-06 00:53:51.398  1650  1650 I WifiScanningService: Creating wifiscanner
04-06 00:53:51.403  1650  1650 I WifiScanningService: Publishing wifiscanner
04-06 00:53:51.404  1650  1650 I SystemServiceManager: Starting com.android.server.wifi.RttService
04-06 00:53:51.404  1650  1650 I RttService: Creating rttmanager
04-06 00:53:51.406  1650  1650 I RttService: Starting rttmanager
04-06 00:53:51.406  1650  1650 I SystemServer: StartConnectivityService
04-06 00:53:51.411  1650  1650 D ConnectivityService: ConnectivityService starting up
04-06 00:53:51.414  1650  1650 D ConnectivityService: wifiOnly=false
04-06 00:53:51.419  1650  1650 I SystemServer: StartNsdService
04-06 00:53:51.421  1650  1650 I SystemServer: StartUpdateLockService
04-06 00:53:51.422  1650  1650 I SystemServiceManager: Starting com.android.server.RecoverySystemService
04-06 00:53:51.428  1650  1650 I SystemServiceManager: Starting com.android.server.notification.NotificationManagerService
04-06 00:53:51.463  1650  1650 D ConditionProviders.SCP: new ScheduleConditionProvider()
04-06 00:53:51.475  1650  1650 D ZenLog  : set_zen_mode: off,init
04-06 00:53:51.477  1650  1650 I SystemServiceManager: Starting com.android.server.storage.DeviceStorageMonitorService
04-06 00:53:51.478  1650  1650 I SystemServer: StartLocationManagerService
04-06 00:53:51.481  1650  1650 I SystemServer: StartCountryDetectorService
04-06 00:53:51.482  1650  1650 I SystemServer: StartSearchManagerService
04-06 00:53:51.482  1650  1650 I SystemServiceManager: Starting com.android.server.search.SearchManagerService$Lifecycle
04-06 00:53:51.483  1650  1650 I SystemServiceManager: Starting com.android.server.DropBoxManagerService
04-06 00:53:51.484  1650  1650 I SystemServer: StartWallpaperManagerService
04-06 00:53:51.484  1650  1650 I SystemServiceManager: Starting com.android.server.wallpaper.WallpaperManagerService$Lifecycle
04-06 00:53:51.485  1650  1650 E BitmapFactory: Unable to decode stream: java.io.FileNotFoundException: /data/system/users/0/wallpaper_orig (No such file or directory)
04-06 00:53:51.485  1650  1650 E WallpaperManagerService: Invalid wallpaper data
04-06 00:53:51.485  1650  1650 E WallpaperManagerService: Unable to apply new wallpaper
04-06 00:53:51.485  1650  1650 W WallpaperManagerService: no current wallpaper -- first boot?
04-06 00:53:51.486  1650  1650 I SystemServer: StartAudioService
04-06 00:53:51.486  1650  1650 I SystemServiceManager: Starting com.android.server.audio.AudioService$Lifecycle
04-06 00:53:51.494  1399  1430 D PermissionCache: checking android.permission.MODIFY_AUDIO_SETTINGS for uid=1000 => granted (193 us)
04-06 00:53:51.497  1650  1650 W TelecomManager: Telecom Service not found.
04-06 00:53:51.499  1399  1426 W AudioFlinger: no wake lock to update, system not ready yet
04-06 00:53:51.502  1650  1650 I SystemServiceManager: Starting com.android.server.DockObserver
04-06 00:53:51.503  1650  1650 W DockObserver: This kernel does not have dock station support
04-06 00:53:51.503  1650  1650 I SystemServer: StartWiredAccessoryManager
04-06 00:53:51.504  1650  1650 W WiredAccessoryManager: This kernel does not have usb audio support
04-06 00:53:51.504  1650  1650 W WiredAccessoryManager: This kernel does not have HDMI audio support
04-06 00:53:51.504  1650  1650 I SystemServiceManager: Starting com.android.server.midi.MidiService$Lifecycle
04-06 00:53:51.508  1650  1650 I SystemServer: StartSerialService
04-06 00:53:51.508  1650  1650 E HardwarePropertiesManagerService-JNI: Couldn't load thermal module (No such file or directory)
04-06 00:53:51.509  1650  1650 I SystemServiceManager: Starting com.android.server.twilight.TwilightService
04-06 00:53:51.511  1650  1650 I SystemServiceManager: Starting com.android.server.job.JobSchedulerService
04-06 00:53:51.515  1650  1650 I SystemServiceManager: Starting com.android.server.soundtrigger.SoundTriggerService
04-06 00:53:51.516  1650  1650 I SystemServiceManager: Starting com.android.server.backup.BackupManagerService$Lifecycle
04-06 00:53:51.520  1650  1650 I SystemServiceManager: Starting com.android.server.appwidget.AppWidgetService
04-06 00:53:51.542  1650  1650 I SystemServiceManager: Starting com.android.server.voiceinteraction.VoiceInteractionManagerService
04-06 00:53:51.547  1650  1650 I SystemServer: Gesture Launcher Service
04-06 00:53:51.548  1650  1650 I SystemServiceManager: Starting com.android.server.GestureLauncherService
04-06 00:53:51.548  1650  1650 I SystemServiceManager: Starting com.android.server.SensorNotificationService
04-06 00:53:51.548  1650  1650 I SystemServiceManager: Starting com.android.server.ContextHubSystemService
04-06 00:53:51.552  1650  1650 E ContextHubService: ** Could not load context_hub module : err No such file or directory
04-06 00:53:51.552  1650  1650 W ContextHubService: No Context Hub Module present
04-06 00:53:51.552  1650  1650 I SystemServer: StartDiskStatsService
04-06 00:53:51.554  1650  1650 I SystemServer: StartSamplingProfilerService
04-06 00:53:51.561  1650  1650 I SystemServer: StartNetworkTimeUpdateService
04-06 00:53:51.562  1650  1650 I SystemServer: StartCommonTimeManagementService
04-06 00:53:51.563  1650  1650 I SystemServer: CertBlacklister
04-06 00:53:51.566  1650  1650 I SystemServiceManager: Starting com.android.server.dreams.DreamManagerService
04-06 00:53:51.568  1650  1650 I SystemServer: StartAssetAtlasService
04-06 00:53:51.570  1650  1774 D AssetAtlas: Computing best atlas configuration...
04-06 00:53:51.570  1650  1650 I SystemServiceManager: Starting com.android.server.print.PrintManagerService
04-06 00:53:51.571  1650  1775 D AssetAtlas: Running Atlas Worker #1
04-06 00:53:51.575  1650  1650 I SystemServiceManager: Starting com.android.server.restrictions.RestrictionsManagerService
04-06 00:53:51.576  1650  1650 I SystemServiceManager: Starting com.android.server.media.MediaSessionService
04-06 00:53:51.578  1650  1776 D AssetAtlas: Running Atlas Worker #2
04-06 00:53:51.583  1650  1650 I SystemServer: StartMediaRouterService
04-06 00:53:51.584  1650  1650 I SystemServiceManager: Starting com.android.server.trust.TrustManagerService
04-06 00:53:51.585  1650  1650 I SystemServiceManager: Starting com.android.server.fingerprint.FingerprintService
04-06 00:53:51.598  1411  1411 D PermissionCache: checking android.permission.MANAGE_FINGERPRINT for uid=1000 => granted (2541 us)
04-06 00:53:51.599  1411  1411 V fingerprintd: nativeOpenHal()
04-06 00:53:51.599  1650  1774 D AssetAtlas: Found best atlas configuration (out of 546) in 0.03s
04-06 00:53:51.600  1650  1774 D AssetAtlas: Loaded configuration: SliceShortAxis (1536x576) flags=0x2 count=91
04-06 00:53:51.608  1411  1411 D FingerprintHal: ----------------> fingerprint_open ----------------->
04-06 00:53:51.608  1411  1411 E fingerprintd: Wrong fp version. Expected 512, got 513
04-06 00:53:51.608  1411  1411 D FingerprintHal: ----------------> set_notify_callback ----------------->
04-06 00:53:51.608  1411  1411 D FingerprintHal: fingerprint callback notification set
04-06 00:53:51.608  1411  1411 V fingerprintd: fingerprint HAL successfully initialized
04-06 00:53:51.609  1411  1777 D FingerprintHal: ----------------> listenerFunction ----------------->
04-06 00:53:51.612  1650  1650 I SELinux : SELinux: Loaded file_contexts contexts from /file_contexts.bin.
04-06 00:53:51.612  1411  1411 V fingerprintd: setActiveGroup(0, /data/system/users/0/fpdata, 27)
04-06 00:53:51.612  1411  1411 D FingerprintHal: ----------------> fingerprint_set_active_group -----------------> path /data/system/users/0/fpdata
04-06 00:53:51.612  1411  1411 D FingerprintHal: ----------------> loadFingerprints ----------------->
04-06 00:53:51.612  1411  1411 E FingerprintHal: Could not load fingerprints from storage at /data/system/users/0/fpdata/emufp.bin; it has not yet been created.
04-06 00:53:51.612  1411  1411 D FingerprintHal: ----------------> loadAuthenticatorId ----------------->
04-06 00:53:51.612  1411  1411 E FingerprintHal: Could not load authenticator id from storage at /data/system/users/0/fpdata/emuauthid.bin; it has not yet been created.
04-06 00:53:51.612  1411  1411 D FingerprintHal: ----------------> get_64bit_rand ----------------->
04-06 00:53:51.612  1411  1411 D FingerprintHal: ----------------> saveAuthenticatorId ----------------->
04-06 00:53:51.613  1411  1411 D FingerprintHal: Save authenticator id (0x6b8b4567327b23c6)
04-06 00:53:51.613  1411  1411 D FingerprintHal: ----------------> fingerprint_get_auth_id ----------------->
04-06 00:53:51.613  1411  1411 D FingerprintHal: ----------------> fingerprint_get_auth_id auth id 6b8b4567327b23c6----------------->
04-06 00:53:51.613  1650  1650 V FingerprintService: Fingerprint HAL id: 2981838848
04-06 00:53:51.613  1650  1650 I SystemServer: StartBackgroundDexOptService
04-06 00:53:51.615  1650  1650 I SystemServiceManager: Starting com.android.server.pm.ShortcutService$Lifecycle
04-06 00:53:51.616  1650  1650 I SystemServiceManager: Starting com.android.server.pm.LauncherAppsService
04-06 00:53:51.618  1650  1650 I SystemServiceManager: Starting com.android.server.media.projection.MediaProjectionManagerService
04-06 00:53:51.618  1650  1774 D         : HostConnection::get() New Host Connection established 0x9b1fe880, tid 1774
04-06 00:53:51.626  1650  1650 V MediaRouter: Adding route: RouteInfo{ name=Phone, description=null, status=null, category=RouteCategory{ name=null types=ROUTE_TYPE_LIVE_AUDIO ROUTE_TYPE_LIVE_VIDEO  groupable=false }, supportedTypes=ROUTE_TYPE_LIVE_AUDIO ROUTE_TYPE_LIVE_VIDEO , presentationDisplay=null }
04-06 00:53:51.627  1650  1650 V MediaRouter: Updating audio routes: AudioRoutesInfo{ type=SPEAKER }
04-06 00:53:51.628  1650  1650 V MediaRouter: Selecting route: RouteInfo{ name=Phone, description=null, status=null, category=RouteCategory{ name=null types=ROUTE_TYPE_LIVE_AUDIO ROUTE_TYPE_LIVE_VIDEO  groupable=false }, supportedTypes=ROUTE_TYPE_LIVE_AUDIO ROUTE_TYPE_LIVE_VIDEO , presentationDisplay=null }
04-06 00:53:51.629  1650  1650 I WindowManager: SAFE MODE not enabled
04-06 00:53:51.630  1650  1650 I SystemServiceManager: Starting com.android.server.MmsServiceBroker
04-06 00:53:51.633  1650  1650 W VibratorService: Tried to stop vibrating but there is no vibrator device.
04-06 00:53:51.670  1650  1650 E SQLiteLog: (1) no such table: locksettings
04-06 00:53:51.684  1650  1650 I LockSettingsService: Migrated lock settings to new location
04-06 00:53:51.685  1650  1774 D AssetAtlas: Rendered atlas in 51.28ms (25.83+25.45ms)
04-06 00:53:51.689  1650  1650 I LockSettingsService: Migrated per-user lock settings to new location
04-06 00:53:51.698  1650  1650 I LockSettingsService: Migrated biometric weak to use the fallback instead
04-06 00:53:51.702  1650  1650 I LockSettingsService: Migrated lockscreen disabled flag
04-06 00:53:51.704  1650  1650 E LockSettingsStorage: Cannot read file java.io.FileNotFoundException: /data/system/gatekeeper.password.key: open failed: ENOENT (No such file or directory)
04-06 00:53:51.704  1650  1650 E LockSettingsStorage: Cannot read file java.io.FileNotFoundException: /data/system/password.key: open failed: ENOENT (No such file or directory)
04-06 00:53:51.704  1650  1650 E LockSettingsStorage: Cannot read file java.io.FileNotFoundException: /data/system/gatekeeper.pattern.key: open failed: ENOENT (No such file or directory)
04-06 00:53:51.704  1650  1650 E LockSettingsStorage: Cannot read file java.io.FileNotFoundException: /data/system/gatekeeper.gesture.key: open failed: ENOENT (No such file or directory)
04-06 00:53:51.704  1650  1650 E LockSettingsStorage: Cannot read file java.io.FileNotFoundException: /data/system/gesture.key: open failed: ENOENT (No such file or directory)
04-06 00:53:51.704  1650  1650 I SystemServiceManager: Starting phase 480
04-06 00:53:51.715  1650  1650 I SystemServiceManager: Starting phase 500
04-06 00:53:51.725  1650  1650 D ConnectivityMetricsLoggerService: onBootPhase: PHASE_SYSTEM_SERVICES_READY
04-06 00:53:51.728  1650  1650 I WifiService: WifiService starting up with Wi-Fi disabled
04-06 00:53:51.729  1650  1650 I WifiScanningService: Starting wifiscanner
04-06 00:53:51.732  1650  1650 I RttService: Registering rttmanager
04-06 00:53:51.735  1650  1650 D ZenLog  : config: cleanUpZenRules,ZenModeConfig[user=0,allowCalls=true,allowRepeatCallers=false,allowMessages=false,allowCallsFrom=contacts,allowMessagesFrom=contacts,allowReminders=true,allowEvents=true,allowWhenScreenOff=true,allowWhenScreenOn=true,automaticRules={96891ca116ed418dbf0b5dace394fd25=ZenRule[enabled=false,snoozing=false,name=Weeknight,zenMode=ZEN_MODE_ALARMS,conditionId=condition://android/schedule?days=1.2.3.4.5&start=22.0&end=7.0&exitAtAlarm=false,condition=null,component=ComponentInfo{android/com.android.server.notification.ScheduleConditionProvider},id=96891ca116ed418dbf0b5dace394fd25,creationTime=1491465231458], f7acc0234f44439f930b1e4104856207=ZenRule[enabled=false,snoozing=false,name=Weekend,zenMode=ZEN_MODE_ALARMS,conditionId=condition://android/schedule?days=6.7&start=23.30&end=10.0&exitAtAlarm=false,condition=null,component=ComponentInfo{android/com.android.server.notification.ScheduleConditionProvider},id=f7acc0234f44439f930b1e4104856207,creationTime=1491465231458], 9b72d5e857dc41099b5469bf820bb0f4=ZenRule[enabled=false,snoozing=false,name=Event,zenMode=ZEN_MODE_ALARMS,conditionId=condition://android/event?userId=-10000&calendar=&reply=1,condition=null,component=ComponentInfo{android/com.android.server.notification.EventConditionProvider},id=9b72d5e857dc41099b5469bf820bb0f4,creationTime=1491465231458]},manualRule=null],Diff[]
04-06 00:53:51.735  1650  1650 D ZenLog  : set_zen_mode: off,onSystemReady
04-06 00:53:51.736  1399  1430 D PermissionCache: checking android.permission.CAPTURE_AUDIO_HOTWORD for uid=1000 => granted (83 us)
04-06 00:53:51.736  1650  1650 W SoundTriggerHelper: listModules status=0, # of modules=0
04-06 00:53:51.737  1650  1650 D ContextHubSystemService: onBootPhase: PHASE_SYSTEM_SERVICES_READY
04-06 00:53:51.767  1650  1650 I DefaultPermGrantPolicy: Granting permissions to platform components for user 0
04-06 00:53:51.768  1650  1650 D VoldConnector: SND -> {4 volume remount_uid 1001 none}
04-06 00:53:51.768  1264  1299 D vold    : Remounting 1001 as mode none
04-06 00:53:51.769  1264  1299 D vold    : Found matching PID 1409
04-06 00:53:51.769  1264  1299 W vold    : Skipping due to root namespace
04-06 00:53:51.769  1650  1675 W KeyguardServiceDelegate: onScreenTurningOn(): no keyguard service!
04-06 00:53:51.769  1650  1724 D VoldConnector: RCV <- {200 4 Command succeeded}
04-06 00:53:51.772  1650  1650 D VoldConnector: SND -> {5 volume remount_uid 1001 none}
04-06 00:53:51.773  1264  1299 D vold    : Remounting 1001 as mode none
04-06 00:53:51.774  1264  1299 D vold    : Found matching PID 1409
04-06 00:53:51.774  1264  1299 W vold    : Skipping due to root namespace
04-06 00:53:51.774  1650  1724 D VoldConnector: RCV <- {200 5 Command succeeded}
04-06 00:53:51.776  1650  1650 D VoldConnector: SND -> {6 volume remount_uid 1000 none}
04-06 00:53:51.777  1264  1299 D vold    : Remounting 1000 as mode none
04-06 00:53:51.777  1264  1299 D vold    : Found matching PID 1308
04-06 00:53:51.778  1264  1299 W vold    : Skipping due to root namespace
04-06 00:53:51.778  1264  1299 D vold    : Found matching PID 1309
04-06 00:53:51.778  1264  1299 W vold    : Skipping due to root namespace
04-06 00:53:51.778  1264  1299 D vold    : Found matching PID 1411
04-06 00:53:51.778  1264  1299 W vold    : Skipping due to root namespace
04-06 00:53:51.778  1264  1299 D vold    : Found matching PID 1412
04-06 00:53:51.778  1264  1299 W vold    : Skipping due to root namespace
04-06 00:53:51.778  1264  1299 D vold    : Found matching PID 1650
04-06 00:53:51.803  1650  1724 D VoldConnector: RCV <- {200 6 Command succeeded}
04-06 00:53:51.804  1650  1650 D VoldConnector: SND -> {7 volume remount_uid 1000 none}
04-06 00:53:51.804  1309  1325 D gralloc_ranchu: gralloc_alloc: Creating ashmem region of size 8294400
04-06 00:53:51.805  1264  1299 D vold    : Remounting 1000 as mode none
04-06 00:53:51.806  1264  1299 D vold    : Found matching PID 1308
04-06 00:53:51.806  1264  1299 W vold    : Skipping due to root namespace
04-06 00:53:51.806  1264  1299 D vold    : Found matching PID 1309
04-06 00:53:51.806  1264  1299 W vold    : Skipping due to root namespace
04-06 00:53:51.807  1264  1299 D vold    : Found matching PID 1411
04-06 00:53:51.807  1264  1299 W vold    : Skipping due to root namespace
04-06 00:53:51.807  1264  1299 D vold    : Found matching PID 1412
04-06 00:53:51.807  1264  1299 W vold    : Skipping due to root namespace
04-06 00:53:51.807  1264  1299 D vold    : Found matching PID 1650
04-06 00:53:51.821  1650  1667 D         : HostConnection::get() New Host Connection established 0xb4188100, tid 1667
04-06 00:53:51.842  1650  1724 D VoldConnector: RCV <- {200 7 Command succeeded}
04-06 00:53:51.853  1650  1650 D VoldConnector: SND -> {8 volume remount_uid 2000 none}
04-06 00:53:51.854  1264  1299 D vold    : Remounting 2000 as mode none
04-06 00:53:51.855  1264  1299 D vold    : Found matching PID 1311
04-06 00:53:51.855  1264  1299 W vold    : Skipping due to root namespace
04-06 00:53:51.855  1264  1299 D vold    : Found matching PID 1312
04-06 00:53:51.856  1264  1299 W vold    : Skipping due to root namespace
04-06 00:53:51.856  1650  1724 D VoldConnector: RCV <- {200 8 Command succeeded}
04-06 00:53:51.858  1650  1650 D VoldConnector: SND -> {9 volume remount_uid 2000 none}
04-06 00:53:51.859  1264  1299 D vold    : Remounting 2000 as mode none
04-06 00:53:51.860  1264  1299 D vold    : Found matching PID 1311
04-06 00:53:51.860  1264  1299 W vold    : Skipping due to root namespace
04-06 00:53:51.860  1264  1299 D vold    : Found matching PID 1312
04-06 00:53:51.860  1264  1299 W vold    : Skipping due to root namespace
04-06 00:53:51.860  1650  1724 D VoldConnector: RCV <- {200 9 Command succeeded}
04-06 00:53:51.862  1650  1650 D VoldConnector: SND -> {10 volume remount_uid 10026 none}
04-06 00:53:51.862  1264  1299 D vold    : Remounting 10026 as mode none
04-06 00:53:51.863  1650  1724 D VoldConnector: RCV <- {200 10 Command succeeded}
04-06 00:53:51.864  1650  1650 D VoldConnector: SND -> {11 volume remount_uid 10026 none}
04-06 00:53:51.865  1264  1299 D vold    : Remounting 10026 as mode none
04-06 00:53:51.866  1650  1724 D VoldConnector: RCV <- {200 11 Command succeeded}
04-06 00:53:51.869  1650  1650 I DefaultPermGrantPolicy: Granting permissions to default platform handlers for user 0
04-06 00:53:51.875  1650  1650 D VoldConnector: SND -> {12 volume remount_uid 10017 none}
04-06 00:53:51.881  1264  1299 D vold    : Remounting 10017 as mode none
04-06 00:53:51.882  1650  1724 D VoldConnector: RCV <- {200 12 Command succeeded}
04-06 00:53:51.889  1650  1650 D VoldConnector: SND -> {13 volume remount_uid 10054 none}
04-06 00:53:51.890  1264  1299 D vold    : Remounting 10054 as mode none
04-06 00:53:51.891  1650  1724 D VoldConnector: RCV <- {200 13 Command succeeded}
04-06 00:53:51.892  1650  1650 D VoldConnector: SND -> {14 volume remount_uid 10054 none}
04-06 00:53:51.893  1264  1299 D vold    : Remounting 10054 as mode none
04-06 00:53:51.893  1650  1724 D VoldConnector: RCV <- {200 14 Command succeeded}
04-06 00:53:51.894  1650  1650 D VoldConnector: SND -> {15 volume remount_uid 10010 none}
04-06 00:53:51.895  1264  1299 D vold    : Remounting 10010 as mode none
04-06 00:53:51.895  1650  1724 D VoldConnector: RCV <- {200 15 Command succeeded}
04-06 00:53:51.896  1650  1650 D VoldConnector: SND -> {16 volume remount_uid 10010 none}
04-06 00:53:51.897  1264  1299 D vold    : Remounting 10010 as mode none
04-06 00:53:51.897  1650  1724 D VoldConnector: RCV <- {200 16 Command succeeded}
04-06 00:53:51.898  1650  1650 D VoldConnector: SND -> {17 volume remount_uid 10012 none}
04-06 00:53:51.899  1264  1299 D vold    : Remounting 10012 as mode none
04-06 00:53:51.900  1650  1724 D VoldConnector: RCV <- {200 17 Command succeeded}
04-06 00:53:51.902  1650  1650 D VoldConnector: SND -> {18 volume remount_uid 10012 none}
04-06 00:53:51.903  1264  1299 D vold    : Remounting 10012 as mode none
04-06 00:53:51.904  1650  1724 D VoldConnector: RCV <- {200 18 Command succeeded}
04-06 00:53:51.915  1650  1650 D VoldConnector: SND -> {19 volume remount_uid 10002 none}
04-06 00:53:51.915  1264  1299 D vold    : Remounting 10002 as mode none
04-06 00:53:51.916  1650  1724 D VoldConnector: RCV <- {200 19 Command succeeded}
04-06 00:53:51.919  1650  1650 D VoldConnector: SND -> {20 volume remount_uid 10002 none}
04-06 00:53:51.920  1264  1299 D vold    : Remounting 10002 as mode none
04-06 00:53:51.923  1650  1724 D VoldConnector: RCV <- {200 20 Command succeeded}
04-06 00:53:51.946  1650  1650 D VoldConnector: SND -> {21 volume remount_uid 10013 none}
04-06 00:53:51.946  1264  1299 D vold    : Remounting 10013 as mode none
04-06 00:53:51.947  1650  1724 D VoldConnector: RCV <- {200 21 Command succeeded}
04-06 00:53:51.948  1650  1650 D VoldConnector: SND -> {22 volume remount_uid 10013 none}
04-06 00:53:51.948  1264  1299 D vold    : Remounting 10013 as mode none
04-06 00:53:51.949  1650  1724 D VoldConnector: RCV <- {200 22 Command succeeded}
04-06 00:53:51.950  1650  1650 D VoldConnector: SND -> {23 volume remount_uid 10058 none}
04-06 00:53:51.951  1264  1299 D vold    : Remounting 10058 as mode none
04-06 00:53:51.952  1650  1724 D VoldConnector: RCV <- {200 23 Command succeeded}
04-06 00:53:51.952  1650  1650 D VoldConnector: SND -> {24 volume remount_uid 10058 none}
04-06 00:53:51.953  1264  1299 D vold    : Remounting 10058 as mode none
04-06 00:53:51.954  1650  1724 D VoldConnector: RCV <- {200 24 Command succeeded}
04-06 00:53:51.957  1650  1650 V UserManagerService: Found /data/user_de/0 with serial number -1
04-06 00:53:51.957  1650  1650 D UserManagerService: Serial number missing on /data/user_de/0; assuming current is valid
04-06 00:53:51.957  1650  1650 V UserManagerService: Found /data/user/0 with serial number -1
04-06 00:53:51.957  1650  1650 D UserManagerService: Serial number missing on /data/user/0; assuming current is valid
04-06 00:53:51.957  1650  1650 V UserManagerService: Found /data/system_de/0 with serial number -1
04-06 00:53:51.957  1650  1650 D UserManagerService: Serial number missing on /data/system_de/0; assuming current is valid
04-06 00:53:51.967  1650  1650 I ActivityManager: System now ready
04-06 00:53:51.975  1650  1650 I SystemServer: Making services ready
04-06 00:53:51.975  1650  1650 I SystemServiceManager: Starting phase 550
04-06 00:53:51.978  1650  1650 E InputMethodManagerService: Ignoring updateSystemUiLocked due to an invalid token. uid:1000 token:null
04-06 00:53:51.992  1650  1650 W InputMethodManagerService: Reset the default IME as "Resource" is ready here.
04-06 00:53:51.998  1650  1650 I InputMethodManagerService: Default found, using com.android.inputmethod.latin/.LatinIME
04-06 00:53:51.998  1650  1650 W InputMethodManagerService: Illegal subtype state: old subtype = null, new subtype = android.view.inputmethod.InputMethodSubtype@c9194f98
04-06 00:53:52.003  1650  1650 I Zygote  : Process: zygote socket opened, supported ABIS: x86
04-06 00:53:52.010  1650  1650 I ActivityManager: Start proc 1783:com.android.inputmethod.latin/u0a53 for service com.android.inputmethod.latin/.LatinIME
04-06 00:53:52.010  1783  1783 W art     : Unexpected CPU variant for X86 using defaults: x86
04-06 00:53:52.011  1650  1650 V InputMethodManagerService: Adding window token: android.os.Binder@3f0e4d
04-06 00:53:52.011  1650  1723 D MountService: Thinking about init, mSystemReady=true, mDaemonConnected=true
04-06 00:53:52.011  1650  1723 D MountService: Setting up emulation state, initlocked=false
04-06 00:53:52.011  1650  1723 D CryptdConnector: SND -> {1 cryptfs unlock_user_key 0 0 ! !}
04-06 00:53:52.012  1264  1300 D vold    : e4crypt_unlock_user_key 0 serial=0 token_present=0
04-06 00:53:52.012  1264  1300 E vold    : Failed to chmod /data/system_ce/0: No such file or directory
04-06 00:53:52.012  1264  1300 E vold    : Failed to chmod /data/misc_ce/0: No such file or directory
04-06 00:53:52.012  1264  1300 E vold    : Failed to chmod /data/media/0: No such file or directory
04-06 00:53:52.012  1650  1725 D CryptdConnector: RCV <- {200 1 Command succeeded}
04-06 00:53:52.013  1650  1650 I SystemServer: WebViewFactory preparation
04-06 00:53:52.014  1650  1723 D MountService: Thinking about reset, mSystemReady=true, mDaemonConnected=true
04-06 00:53:52.015  1650  1723 D VoldConnector: SND -> {25 volume reset}
04-06 00:53:52.016  1650  1666 I ActivityManager: Force stopping com.android.providers.media appid=10010 user=-1: vold reset
04-06 00:53:52.016  1264  1299 D vold    : Recognized experimental block major ID 253 as virtio-blk (emulator's virtual SD card device)
04-06 00:53:52.016  1264  1299 V vold    : /system/bin/sgdisk
04-06 00:53:52.016  1264  1299 V vold    :     --android-dump
04-06 00:53:52.016  1264  1299 V vold    :     /dev/block/vold/disk:253,64
04-06 00:53:52.016  1650  1724 D VoldConnector: RCV <- {651 emulated 7}
04-06 00:53:52.016  1650  1724 D VoldConnector: RCV <- {659 emulated}
04-06 00:53:52.017  1650  1724 D VoldConnector: RCV <- {650 emulated 2 "" ""}
04-06 00:53:52.017  1650  1724 D VoldConnector: RCV <- {651 emulated 0}
04-06 00:53:52.018  1650  1724 D VoldConnector: RCV <- {651 public:253,64 7}
04-06 00:53:52.018  1650  1724 D VoldConnector: RCV <- {659 public:253,64}
04-06 00:53:52.018  1650  1724 D VoldConnector: RCV <- {649 disk:253,64}
04-06 00:53:52.019  1650  1671 V MountService: Found primary storage at VolumeInfo{emulated}:
04-06 00:53:52.019  1650  1671 V MountService:     type=EMULATED diskId=null partGuid=null mountFlags=0 mountUserId=-1 
04-06 00:53:52.019  1650  1671 V MountService:     state=UNMOUNTED 
