04-06 00:54:34.507  2600  3528 W MediaProvider: Missing volume for /system/media/audio/ringtones/Seville.ogg; assuming invalid
04-06 00:54:34.508  2600  3528 W MediaProvider: Missing volume for /system/media/audio/ringtones/Shes_All_That.ogg; assuming invalid
04-06 00:54:34.509  2600  3528 W MediaProvider: Missing volume for /system/media/audio/ringtones/SilkyWay.ogg; assuming invalid
04-06 00:54:34.511  2600  3528 W MediaProvider: Missing volume for /system/media/audio/ringtones/SitarVsSitar.ogg; assuming invalid
04-06 00:54:34.513  2600  3528 W MediaProvider: Missing volume for /system/media/audio/ringtones/Solarium.ogg; assuming invalid
04-06 00:54:34.514  2600  3528 W MediaProvider: Missing volume for /system/media/audio/ringtones/SpringyJalopy.ogg; assuming invalid
04-06 00:54:34.515  2600  3528 W MediaProvider: Missing volume for /system/media/audio/ringtones/Steppin_Out.ogg; assuming invalid
04-06 00:54:34.516  2600  3528 W MediaProvider: Missing volume for /system/media/audio/ringtones/Terminated.ogg; assuming invalid
04-06 00:54:34.518  2600  3528 W MediaProvider: Missing volume for /system/media/audio/ringtones/Testudo.ogg; assuming invalid
04-06 00:54:34.520  2600  3528 W MediaProvider: Missing volume for /system/media/audio/ringtones/Themos.ogg; assuming invalid
04-06 00:54:34.522  2600  3528 W MediaProvider: Missing volume for /system/media/audio/ringtones/Third_Eye.ogg; assuming invalid
04-06 00:54:34.523  2600  3528 W MediaProvider: Missing volume for /system/media/audio/ringtones/Thunderfoot.ogg; assuming invalid
04-06 00:54:34.524  2600  3528 W MediaProvider: Missing volume for /system/media/audio/ringtones/TwirlAway.ogg; assuming invalid
04-06 00:54:34.525  2600  3528 W MediaProvider: Missing volume for /system/media/audio/ringtones/URSAMINOR.ogg; assuming invalid
04-06 00:54:34.528  2600  3528 W MediaProvider: Missing volume for /system/media/audio/ringtones/UrsaMinor.ogg; assuming invalid
04-06 00:54:34.530  2600  3528 W MediaProvider: Missing volume for /system/media/audio/ringtones/VeryAlarmed.ogg; assuming invalid
04-06 00:54:34.531  2600  3528 W MediaProvider: Missing volume for /system/media/audio/ringtones/Vespa.ogg; assuming invalid
04-06 00:54:34.533  2600  3528 W MediaProvider: Missing volume for /system/media/audio/ringtones/World.ogg; assuming invalid
04-06 00:54:34.536  2600  3528 W MediaProvider: Missing volume for /system/media/audio/ringtones/Zeta.ogg; assuming invalid
04-06 00:54:34.537  2600  3528 W MediaProvider: Missing volume for /system/media/audio/ringtones/hydra.ogg; assuming invalid
04-06 00:54:34.541  2600  3528 W MediaProvider: Missing volume for /system/media/audio/ui/Dock.ogg; assuming invalid
04-06 00:54:34.543  1407  3754 E MetadataRetrieverClient: failed to extract an album art
04-06 00:54:34.543  2600  3528 W MediaProvider: Missing volume for /system/media/audio/ui/Effect_Tick.ogg; assuming invalid
04-06 00:54:34.545  2600  3528 W MediaProvider: Missing volume for /system/media/audio/ui/KeypressDelete.ogg; assuming invalid
04-06 00:54:34.548  2600  3528 W MediaProvider: Missing volume for /system/media/audio/ui/KeypressInvalid.ogg; assuming invalid
04-06 00:54:34.550  2600  3528 W MediaProvider: Missing volume for /system/media/audio/ui/KeypressReturn.ogg; assuming invalid
04-06 00:54:34.552  2600  3528 W MediaProvider: Missing volume for /system/media/audio/ui/KeypressSpacebar.ogg; assuming invalid
04-06 00:54:34.554  2600  3528 W MediaProvider: Missing volume for /system/media/audio/ui/KeypressStandard.ogg; assuming invalid
04-06 00:54:34.556  2600  3528 W MediaProvider: Missing volume for /system/media/audio/ui/Lock.ogg; assuming invalid
04-06 00:54:34.558  2600  3528 W MediaProvider: Missing volume for /system/media/audio/ui/LowBattery.ogg; assuming invalid
04-06 00:54:34.560  2600  3528 W MediaProvider: Missing volume for /system/media/audio/ui/Trusted.ogg; assuming invalid
04-06 00:54:34.562  2600  3528 W MediaProvider: Missing volume for /system/media/audio/ui/Undock.ogg; assuming invalid
04-06 00:54:34.564  2600  3528 W MediaProvider: Missing volume for /system/media/audio/ui/Unlock.ogg; assuming invalid
04-06 00:54:34.566  2600  3528 W MediaProvider: Missing volume for /system/media/audio/ui/VideoRecord.ogg; assuming invalid
04-06 00:54:34.567  2600  3528 W MediaProvider: Missing volume for /system/media/audio/ui/VideoStop.ogg; assuming invalid
04-06 00:54:34.569  2600  3528 W MediaProvider: Missing volume for /system/media/audio/ui/WirelessChargingStarted.ogg; assuming invalid
04-06 00:54:34.572  2600  3528 W MediaProvider: Missing volume for /system/media/audio/ui/camera_click.ogg; assuming invalid
04-06 00:54:34.574  2600  3528 W MediaProvider: Missing volume for /system/media/audio/ui/camera_focus.ogg; assuming invalid
04-06 00:54:34.587  2676  2676 D MusicLifecycle: com.google.android.music.store.MediaStoreImportService$Receiver generated event: Broadcast received with context android.app.ReceiverRestrictedContext@1395ad4 and intent Intent { act=android.intent.action.MEDIA_SCANNER_FINISHED dat=file:///system/media flg=0x10 cmp=com.google.android.music/.store.MediaStoreImportService$Receiver }
04-06 00:54:34.592  2676  2676 D MusicLifecycle: com.google.android.music.store.MediaStoreImportService$Receiver generated event: Broadcast received with context android.app.ReceiverRestrictedContext@1395ad4 and intent Intent { act=android.intent.action.MEDIA_SCANNER_STARTED dat=file:///storage/emulated/0 flg=0x10 cmp=com.google.android.music/.store.MediaStoreImportService$Receiver }
04-06 00:54:34.596  2676  2676 D MusicLifecycle: com.google.android.music.store.MediaStoreImportService generated event: Service created
04-06 00:54:34.599  2676  2676 D MusicLifecycle: com.google.android.music.store.MediaStoreImportService generated event: Service destroyed
04-06 00:54:34.636  2396  3887 I chatty  : uid=10013(com.google.android.gms) expire 1 line
04-06 00:54:34.662  3184  3184 D Babel   : RefCountedService(com.google.android.apps.hangouts.requestwriter.RequestWriter) onDestroy (count=0, startId=2 stopped=true)
04-06 00:54:34.663  1650  2301 I ActivityManager: Killing 3400:com.android.gallery3d/u0a46 (adj 906): empty #17
04-06 00:54:34.694  1650  3569 D ActivityManager: cleanUpApplicationRecord -- 3400
04-06 00:54:34.730  1407  1407 E MetadataRetrieverClient: failed to extract an album art
04-06 00:54:34.744  2600  3528 V MediaScanner: pruneDeadThumbnailFiles... android.content.ContentProviderClient$CursorWrapperInner@ffd3711
04-06 00:54:34.744  2600  3528 V MediaScanner: /pruneDeadThumbnailFiles... android.content.ContentProviderClient$CursorWrapperInner@ffd3711
04-06 00:54:34.746  1407  1433 E MetadataRetrieverClient: failed to extract an album art
04-06 00:54:34.750  2676  2676 D MusicLifecycle: com.google.android.music.store.MediaStoreImportService$Receiver generated event: Broadcast received with context android.app.ReceiverRestrictedContext@1395ad4 and intent Intent { act=android.intent.action.MEDIA_SCANNER_FINISHED dat=file:///storage/emulated/0 flg=0x10 cmp=com.google.android.music/.store.MediaStoreImportService$Receiver }
04-06 00:54:34.757  2676  2676 D MusicLifecycle: com.google.android.music.store.MediaStoreImportService generated event: Service created
04-06 00:54:34.791  2676  3888 I MediaStoreImporter: Update: incremental Added music: 0 Updated music: 0 Deleted music: 0 Created playlists: 0 Updated playlists: 0 Deleted playlists: 0 Inserted playlist items: 0 Deleted playlist items: 0 Removed orphaned playlist items: 0
04-06 00:54:34.793  2676  2676 D MusicLifecycle: com.google.android.music.wear.WearBroadcastReceiver generated event: Broadcast received with context android.app.ReceiverRestrictedContext@1395ad4 and intent Intent { act=com.google.android.music.IMPORT_COMPLETE flg=0x10 cmp=com.google.android.music/.wear.WearBroadcastReceiver }
04-06 00:54:34.798  2676  2676 D MusicLifecycle: com.google.android.music.store.MediaStoreImportService generated event: Service destroyed
04-06 00:54:34.807  2676  3889 E GmsUtils: Failed to connect to Google API client: ConnectionResult{statusCode=API_UNAVAILABLE, resolution=null, message=null}
04-06 00:54:35.353  1650  1722 I InputReader: Reconfiguring input devices.  changes=0x00000010
04-06 00:54:35.359  1650  1722 I InputReader: Reconfiguring input devices.  changes=0x00000010
04-06 00:54:35.365  1650  2300 W ActivityManager: Permission Denial: Accessing service ComponentInfo{com.google.android.music/com.google.android.music.dial.DialMediaRouteProviderService} from pid=3735, uid=10071 that is not exported from uid 10058
04-06 00:54:35.368  1896  1896 D CarrierSvcBindHelper: No carrier app for: 0
04-06 00:54:35.372  1650  1722 I InputReader: Reconfiguring input devices.  changes=0x00000010
04-06 00:54:35.375  1650  1722 I InputReader: Reconfiguring input devices.  changes=0x00000010
04-06 00:54:35.385  1896  1896 D CarrierSvcBindHelper: No carrier app for: 0
04-06 00:54:35.397  1650  1985 W ActivityManager: Permission Denial: Accessing service ComponentInfo{com.google.android.music/com.google.android.music.dial.DialMediaRouteProviderService} from pid=3735, uid=10071 that is not exported from uid 10058
04-06 00:54:35.399  1896  1896 D CarrierSvcBindHelper: No carrier app for: 0
04-06 00:54:35.407  1650  1662 E RecoverySystemService: Timed out connecting to uncrypt socket
04-06 00:54:35.409  1650  1662 E RecoverySystemService: Failed to connect to uncrypt socket
04-06 00:54:35.410  1650  3653 W ActivityManager: Permission Denial: Accessing service ComponentInfo{com.google.android.music/com.google.android.music.dial.DialMediaRouteProviderService} from pid=3735, uid=10071 that is not exported from uid 10058
04-06 00:54:35.416  1896  1896 D CarrierSvcBindHelper: No carrier app for: 0
04-06 00:54:35.418  1650  1661 W ActivityManager: Permission Denial: Accessing service ComponentInfo{com.google.android.music/com.google.android.music.dial.DialMediaRouteProviderService} from pid=3735, uid=10071 that is not exported from uid 10058
04-06 00:54:35.425  2171  2171 I chatty  : uid=10013 com.google.android.gms.persistent expire 29 lines
04-06 00:54:35.435  2396  2771 I chatty  : uid=10013(com.google.android.gms) expire 2 lines
04-06 00:54:35.495  2396  3890 I chatty  : uid=10013(com.google.android.gms) expire 4 lines
04-06 00:54:35.518  3891  3891 W uncrypt : type=1400 audit(0.0:10): avc: denied { write } for name="kmsg" dev="tmpfs" ino=144 scontext=u:r:uncrypt:s0 tcontext=u:object_r:kmsg_device:s0 tclass=chr_file permissive=0
04-06 00:54:35.518  3891  3891 W uncrypt : type=1400 audit(0.0:11): avc: denied { write } for name="/" dev="tmpfs" ino=97 scontext=u:r:uncrypt:s0 tcontext=u:object_r:device:s0 tclass=dir permissive=0
04-06 00:54:35.523  3891  3891 E uncrypt : failed to read /fstab.ranchu
04-06 00:54:39.675  1650  1985 I ActivityManager: Killing 3434:com.google.android.apps.maps/u0a57 (adj 906): empty #17
04-06 00:54:39.676  1650  1985 I ActivityManager: Killing 2793:com.android.managedprovisioning/u0a20 (adj 906): empty #18
04-06 00:54:39.723  1650  2149 D ActivityManager: cleanUpApplicationRecord -- 3434
04-06 00:54:39.744  1650  2151 D ActivityManager: cleanUpApplicationRecord -- 2793
04-06 00:54:39.861  1650  1666 I ActivityManager: Waited long enough for: ServiceRecord{1f9865 u0 com.google.android.calendar/com.android.calendar.alerts.InitAlarmsService}
04-06 00:54:40.435  1650  1661 I ActivityManager: Killing 3530:com.google.android.apps.photos:CameraShortcut/u0a63 (adj 906): empty #17
04-06 00:54:40.484  1650  1985 D ActivityManager: cleanUpApplicationRecord -- 3530
04-06 00:54:41.010  2396  3884 I chatty  : uid=10013(com.google.android.gms) expire 1 line
04-06 00:54:43.375  3184  3201 W Babel   : bcq TOOK TOO LONG! (15042ms > 10000ms)
04-06 00:54:44.636  2600  3898 D DownloadManager: [1] Starting
04-06 00:54:44.638  2600  3900 D DownloadManager: [2] Starting
04-06 00:54:44.667  2600  3898 D NetworkSecurityConfig: No Network Security Config specified, using platform default
04-06 00:54:44.669  2600  3900 D NetworkSecurityConfig: No Network Security Config specified, using platform default
04-06 00:54:44.699  2396  3897 I chatty  : uid=10013(com.google.android.gms) expire 1 line
04-06 00:54:44.779  2600  3900 W DownloadManager: fallocate() not supported; falling back to ftruncate()
04-06 00:54:45.153  2600  3900 D DownloadManager: [2] Finished with status SUCCESS
04-06 00:54:45.158  1650  2149 I ActivityManager: Killing 3286:com.google.android.configupdater/u0a4 (adj 906): empty #17
04-06 00:54:45.242  1650  1799 D ActivityManager: cleanUpApplicationRecord -- 3286
04-06 00:54:45.274  2310  3906 I LanguagePackUpdateContr: Not processing download: 2, not a language pack
04-06 00:54:45.304  2310  3907 W BlobLobber: Not processing download id 2, not a BlobLobber blob
04-06 00:54:45.304  2310  3907 E BlobLobber: Notification for download id 2 which we didn't know or failed
04-06 00:54:45.749  2600  3898 D DownloadManager: [1] Finished with status SUCCESS
04-06 00:54:45.786  2396  3910 D ActivityThread: Loading provider com.google.android.gms.matchstick.dataprovider: com.google.android.gms.matchstick.data.DatabaseProvider
04-06 00:54:45.897  2600  2741 V DownloadManager: Deleting /data/data/com.android.providers.downloads/cache/libAppDataSearchExt_x86.v7.so via provider delete
04-06 00:55:01.405  1650  2301 I ActivityManager: Killing 2811:com.google.android.apps.messaging/u0a65 (adj 906): empty #17
04-06 00:55:01.444  1650  2149 D ActivityManager: cleanUpApplicationRecord -- 2811
04-06 00:55:04.909  1650  2150 I ActivityManager: Killing 2491:android.process.acore/u0a1 (adj 906): empty #17
04-06 00:55:04.925  1650  2149 D ActivityManager: cleanUpApplicationRecord -- 2491
04-06 00:55:04.932  3925  3925 W art     : Unexpected CPU variant for X86 using defaults: x86
04-06 00:55:04.940  1650  2149 I ActivityManager: Start proc 3925:android.process.acore/u0a1 for content provider com.android.providers.contacts/.ContactsProvider2
04-06 00:55:04.945  1650  2150 I ActivityManager: Killing 3609:com.google.android.onetimeinitializer/u0a16 (adj 906): empty #17
04-06 00:55:04.955  3925  3925 W System  : ClassLoader referenced unknown path: /system/priv-app/ContactsProvider/lib/x86
04-06 00:55:04.961  1650  1985 D CountryDetector: No listener is left
04-06 00:55:04.982  1650  2150 D ActivityManager: cleanUpApplicationRecord -- 3609
04-06 00:55:04.992  1650  1668 W libprocessgroup: failed to open /acct/uid_10001/pid_2491/cgroup.procs: No such file or directory
04-06 00:55:05.038  3925  3925 W System  : ClassLoader referenced unknown path: /system/priv-app/BlockedNumberProvider/lib/x86
04-06 00:55:05.077  3925  3925 W System  : ClassLoader referenced unknown path: /system/app/UserDictionaryProvider/lib/x86
04-06 00:55:05.150  3925  3940 I ContactLocale: AddressBook Labels [[en_US]]: [, A, B, C, D, E, F, G, H, I, J, K, L, M, N, O, P, Q, R, S, T, U, V, W, X, Y, Z, , , , , , , , , , , , , , , , , , , , , , , , , , , , , , , , , , , , , , , , , , , , , , , , , , , , , , , , , , , , , , , , , , , , , , , , , , , , , , , , , , , , , , , , , , , , , , , , , , , , , , , , , , , , , , , , , , , , , , , , , , , , , , , , , , , , , , , , , , , , , , , , , , , , , , , , , , , , , , , , , , , , , , , , , , , , , , , , , , , , , , , , , , , #, ]
04-06 00:55:05.279  3925  3940 D ContactDirectoryManager: Found com.google.android.gm.exchange.bundled.directory.provider
04-06 00:55:05.279  3925  3940 D ContactDirectoryManager: Found com.google.contacts.gal.provider
04-06 00:55:05.297  3925  3940 I ContactDirectoryManager: deleted 0 stale rows which don't have any relevant directory
04-06 00:55:05.307  3925  3940 I ContactDirectoryManager: Discovered 0 contact directories in 76ms
04-06 00:55:05.594  1650  2300 E RecoverySystemService: Timed out connecting to uncrypt socket
04-06 00:55:05.594  1650  2300 E RecoverySystemService: Failed to connect to uncrypt socket
04-06 00:55:14.955  1650  2149 W ActivityManager: Unable to launch app com.android.providers.contacts/10001 for provider com.android.contacts: launching app became null
04-06 00:55:14.956  1650  1666 I ActivityManager: Killing 3925:android.process.acore/u0a1 (adj 900): timeout publishing content providers
04-06 00:55:14.956  2396  3924 E ActivityThread: Failed to find provider info for com.android.contacts
04-06 00:55:14.956  2396  3924 I chatty  : uid=10013(com.google.android.gms) expire 2 lines
04-06 00:55:14.957  1650  1666 D ActivityManager: cleanUpApplicationRecord -- 3925
04-06 00:55:14.973  3947  3947 W art     : Unexpected CPU variant for X86 using defaults: x86
04-06 00:55:14.974  1650  2150 I ActivityManager: Start proc 3947:android.process.acore/u0a1 for content provider com.android.providers.contacts/.ContactsProvider2
04-06 00:55:14.997  3947  3947 W System  : ClassLoader referenced unknown path: /system/priv-app/ContactsProvider/lib/x86
04-06 00:55:15.045  3947  3947 W System  : ClassLoader referenced unknown path: /system/priv-app/BlockedNumberProvider/lib/x86
04-06 00:55:15.060  3947  3947 W System  : ClassLoader referenced unknown path: /system/app/UserDictionaryProvider/lib/x86
04-06 00:55:15.092  3947  3963 I ContactLocale: AddressBook Labels [[en_US]]: [, A, B, C, D, E, F, G, H, I, J, K, L, M, N, O, P, Q, R, S, T, U, V, W, X, Y, Z, , , , , , , , , , , , , , , , , , , , , , , , , , , , , , , , , , , , , , , , , , , , , , , , , , , , , , , , , , , , , , , , , , , , , , , , , , , , , , , , , , , , , , , , , , , , , , , , , , , , , , , , , , , , , , , , , , , , , , , , , , , , , , , , , , , , , , , , , , , , , , , , , , , , , , , , , , , , , , , , , , , , , , , , , , , , , , , , , , , , , , , , , , , #, ]
04-06 00:55:15.586  2396  3083 I chatty  : uid=10013(com.google.android.gms) expire 1 line
04-06 00:55:17.320  2396  3968 I chatty  : uid=10013(com.google.android.gms) expire 2 lines
04-06 00:55:17.433  1650  2300 D VoldConnector: SND -> {41 volume mkdirs /storage/0F15-3906/Android/data/com.google.android.gms/files/}
04-06 00:55:17.442  1650  1724 D VoldConnector: RCV <- {200 41 Command succeeded}
04-06 00:55:17.502  1400  1400 V EmulatedCamera_Camera: getCameraInfo
04-06 00:55:17.502  1400  1400 V EmulatedCamera_BaseCamera: getCameraInfo
04-06 00:55:17.503  1400  1646 V EmulatedCamera_Camera: getCameraInfo
04-06 00:55:17.503  1400  1646 V EmulatedCamera_BaseCamera: getCameraInfo
04-06 00:55:17.883  2396  3983 I chatty  : uid=10013(com.google.android.gms) expire 2 lines
04-06 00:55:18.058  2171  3985 I chatty  : uid=10013 com.google.android.gms.persistent expire 1 line
04-06 00:55:18.072  2396  3980 I chatty  : uid=10013(com.google.android.gms) expire 1 line
04-06 00:55:18.079  2396  3986 I chatty  : uid=10013(com.google.android.gms) expire 1 line
04-06 00:55:18.131  2171  2190 I chatty  : uid=10013(com.google.android.gms) HeapTaskDaemon expire 1 line
04-06 00:55:18.196  2171  3992 I chatty  : uid=10013 com.google.android.gms.persistent expire 1 line
04-06 00:55:18.198  2171  3991 I chatty  : uid=10013(com.google.android.gms) lowpool[16] expire 6 lines
04-06 00:55:18.272  2171  3990 I chatty  : uid=10013 com.google.android.gms.persistent expire 11 lines
04-06 00:55:18.329  2171  3988 I chatty  : uid=10013 com.google.android.gms.persistent expire 24 lines
04-06 00:55:18.495  2171  3338 I chatty  : uid=10013(com.google.android.gms) lowpool[7] expire 10 lines
04-06 00:55:18.513  2171  2171 I chatty  : uid=10013 com.google.android.gms.persistent expire 49 lines
04-06 00:55:18.517  2171  3990 I chatty  : uid=10013 com.google.android.gms.persistent expire 14 lines
04-06 00:55:18.718  2171  2584 I chatty  : uid=10013 com.google.android.gms.persistent expire 10 lines
04-06 00:55:19.016  2171  2889 I chatty  : uid=10013 com.google.android.gms.persistent expire 5 lines
04-06 00:55:19.042  2171  2584 I GCoreUlr: Starting service, intent=Intent { act=com.google.android.location.reporting.ACTION_UPDATE_WORLD cmp=com.google.android.gms/com.google.android.location.reporting.service.DispatchingService (has extras) }, extras=Bundle[{receiverAction=com.google.android.location.reporting.PHENOTYPE_FLAGS_CHANGED}]
04-06 00:55:19.046  2171  2171 E BluetoothAdapter: Bluetooth binder is null
04-06 00:55:19.075  2171  3338 I GCoreUlr: WorldUpdater received intent Intent { act=com.google.android.location.reporting.ACTION_UPDATE_WORLD cmp=com.google.android.gms/com.google.android.location.reporting.service.DispatchingService (has extras) } with receiverAction com.google.android.location.reporting.PHENOTYPE_FLAGS_CHANGED
04-06 00:55:19.080  2171  3338 E GCoreUlr: Bad errorId configuring silent feedback
04-06 00:55:19.080  2171  3338 I GCoreUlr: WorldUpdater:com.google.android.location.reporting.PHENOTYPE_FLAGS_CHANGED: Ensuring that reporting is stopped because of reasons: (no Google accounts)
04-06 00:55:19.085  2171  3338 I GCoreUlr: Unbound from all location providers
04-06 00:55:19.085  2171  3338 I GCoreUlr: Place inference reporting - stop
04-06 00:55:19.089  2171  2171 I GCoreUlr: DispatchingService.onDestroy()
04-06 00:55:19.089  2171  2171 I GCoreUlr: Stopping handler for UlrDispSvcFast
04-06 00:55:19.092  2171  2171 I GCoreUlr: Unbound from all location providers
04-06 00:55:19.092  2171  2171 I GCoreUlr: Place inference reporting - stop
04-06 00:55:19.105  2171  2889 I GCoreUlr: Starting service, intent=Intent { act=com.google.android.location.reporting.ACTION_UPDATE_WORLD cmp=com.google.android.gms/com.google.android.location.reporting.service.DispatchingService (has extras) }, extras=Bundle[{receiverAction=com.google.android.location.reporting.PHENOTYPE_FLAGS_CHANGED}]
04-06 00:55:19.109  2171  2171 E BluetoothAdapter: Bluetooth binder is null
04-06 00:55:19.166  2171  2889 I GCoreUlr: WorldUpdater received intent Intent { act=com.google.android.location.reporting.ACTION_UPDATE_WORLD cmp=com.google.android.gms/com.google.android.location.reporting.service.DispatchingService (has extras) } with receiverAction com.google.android.location.reporting.PHENOTYPE_FLAGS_CHANGED
04-06 00:55:19.167  2171  2889 E GCoreUlr: Bad errorId configuring silent feedback
04-06 00:55:19.167  2171  2889 I GCoreUlr: WorldUpdater:com.google.android.location.reporting.PHENOTYPE_FLAGS_CHANGED: Ensuring that reporting is stopped because of reasons: (no Google accounts)
04-06 00:55:19.174  2171  2889 I GCoreUlr: Unbound from all location providers
04-06 00:55:19.174  2171  2889 I GCoreUlr: Place inference reporting - stop
04-06 00:55:19.177  2171  2171 I GCoreUlr: DispatchingService.onDestroy()
04-06 00:55:19.178  2171  2171 I GCoreUlr: Stopping handler for UlrDispSvcFast
04-06 00:55:19.184  2171  2171 I GCoreUlr: Unbound from all location providers
04-06 00:55:19.184  2171  2171 I GCoreUlr: Place inference reporting - stop
04-06 00:55:19.189  2171  3338 I GCoreUlr: Starting service, intent=Intent { act=com.google.android.location.reporting.ACTION_UPDATE_WORLD cmp=com.google.android.gms/com.google.android.location.reporting.service.DispatchingService (has extras) }, extras=Bundle[{receiverAction=com.google.android.location.reporting.PHENOTYPE_FLAGS_CHANGED}]
04-06 00:55:19.193  2171  2171 E BluetoothAdapter: Bluetooth binder is null
04-06 00:55:19.220  2171  3338 I GCoreUlr: WorldUpdater received intent Intent { act=com.google.android.location.reporting.ACTION_UPDATE_WORLD cmp=com.google.android.gms/com.google.android.location.reporting.service.DispatchingService (has extras) } with receiverAction com.google.android.location.reporting.PHENOTYPE_FLAGS_CHANGED
04-06 00:55:19.222  2171  3338 E GCoreUlr: Bad errorId configuring silent feedback
04-06 00:55:19.223  2171  3338 I GCoreUlr: WorldUpdater:com.google.android.location.reporting.PHENOTYPE_FLAGS_CHANGED: Ensuring that reporting is stopped because of reasons: (no Google accounts)
04-06 00:55:19.226  2171  3338 I GCoreUlr: Unbound from all location providers
04-06 00:55:19.226  2171  3338 I GCoreUlr: Place inference reporting - stop
04-06 00:55:19.230  2171  2171 I GCoreUlr: DispatchingService.onDestroy()
04-06 00:55:19.232  2171  2171 I GCoreUlr: Stopping handler for UlrDispSvcFast
04-06 00:55:19.236  2171  2171 I GCoreUlr: Unbound from all location providers
04-06 00:55:19.236  2171  2171 I GCoreUlr: Place inference reporting - stop
04-06 00:55:19.249  2171  2584 I GCoreUlr: Starting service, intent=Intent { act=com.google.android.location.reporting.ACTION_UPDATE_WORLD cmp=com.google.android.gms/com.google.android.location.reporting.service.DispatchingService (has extras) }, extras=Bundle[{receiverAction=com.google.android.location.reporting.PHENOTYPE_FLAGS_CHANGED}]
04-06 00:55:19.253  2171  2171 E BluetoothAdapter: Bluetooth binder is null
04-06 00:55:19.283  2171  2584 I GCoreUlr: WorldUpdater received intent Intent { act=com.google.android.location.reporting.ACTION_UPDATE_WORLD cmp=com.google.android.gms/com.google.android.location.reporting.service.DispatchingService (has extras) } with receiverAction com.google.android.location.reporting.PHENOTYPE_FLAGS_CHANGED
04-06 00:55:19.285  2171  2584 E GCoreUlr: Bad errorId configuring silent feedback
04-06 00:55:19.285  2171  2584 I GCoreUlr: WorldUpdater:com.google.android.location.reporting.PHENOTYPE_FLAGS_CHANGED: Ensuring that reporting is stopped because of reasons: (no Google accounts)
04-06 00:55:19.290  2171  2584 I GCoreUlr: Unbound from all location providers
04-06 00:55:19.290  2171  2584 I GCoreUlr: Place inference reporting - stop
04-06 00:55:19.305  2171  2171 I GCoreUlr: DispatchingService.onDestroy()
04-06 00:55:19.306  2171  2171 I GCoreUlr: Stopping handler for UlrDispSvcFast
04-06 00:55:19.310  2171  2171 I GCoreUlr: Unbound from all location providers
04-06 00:55:19.310  2171  2171 I GCoreUlr: Place inference reporting - stop
04-06 00:55:19.314  2171  3338 I GCoreUlr: Starting service, intent=Intent { act=com.google.android.location.reporting.ACTION_UPDATE_WORLD cmp=com.google.android.gms/com.google.android.location.reporting.service.DispatchingService (has extras) }, extras=Bundle[{receiverAction=com.google.android.location.reporting.PHENOTYPE_FLAGS_CHANGED}]
04-06 00:55:19.320  2171  2171 E BluetoothAdapter: Bluetooth binder is null
04-06 00:55:19.354  2171  3338 I GCoreUlr: WorldUpdater received intent Intent { act=com.google.android.location.reporting.ACTION_UPDATE_WORLD cmp=com.google.android.gms/com.google.android.location.reporting.service.DispatchingService (has extras) } with receiverAction com.google.android.location.reporting.PHENOTYPE_FLAGS_CHANGED
04-06 00:55:19.356  2171  3338 E GCoreUlr: Bad errorId configuring silent feedback
04-06 00:55:19.356  2171  3338 I GCoreUlr: WorldUpdater:com.google.android.location.reporting.PHENOTYPE_FLAGS_CHANGED: Ensuring that reporting is stopped because of reasons: (no Google accounts)
04-06 00:55:19.360  2171  3338 I GCoreUlr: Unbound from all location providers
04-06 00:55:19.360  2171  3338 I GCoreUlr: Place inference reporting - stop
04-06 00:55:19.366  2171  2171 I GCoreUlr: DispatchingService.onDestroy()
04-06 00:55:19.367  2171  2171 I GCoreUlr: Stopping handler for UlrDispSvcFast
04-06 00:55:19.373  2171  2171 I GCoreUlr: Unbound from all location providers
04-06 00:55:19.373  2171  2171 I GCoreUlr: Place inference reporting - stop
04-06 00:55:19.378  2171  2584 I GCoreUlr: Starting service, intent=Intent { act=com.google.android.location.reporting.ACTION_UPDATE_WORLD cmp=com.google.android.gms/com.google.android.location.reporting.service.DispatchingService (has extras) }, extras=Bundle[{receiverAction=com.google.android.location.reporting.PHENOTYPE_FLAGS_CHANGED}]
04-06 00:55:19.381  2171  2171 E BluetoothAdapter: Bluetooth binder is null
04-06 00:55:19.410  2171  3990 I GCoreUlr: WorldUpdater received intent Intent { act=com.google.android.location.reporting.ACTION_UPDATE_WORLD cmp=com.google.android.gms/com.google.android.location.reporting.service.DispatchingService (has extras) } with receiverAction com.google.android.location.reporting.PHENOTYPE_FLAGS_CHANGED
04-06 00:55:19.410  2171  3990 E GCoreUlr: Bad errorId configuring silent feedback
04-06 00:55:19.411  2171  3990 I GCoreUlr: WorldUpdater:com.google.android.location.reporting.PHENOTYPE_FLAGS_CHANGED: Ensuring that reporting is stopped because of reasons: (no Google accounts)
04-06 00:55:19.419  2171  3990 I GCoreUlr: Unbound from all location providers
04-06 00:55:19.419  2171  3990 I GCoreUlr: Place inference reporting - stop
04-06 00:55:19.425  2171  2171 I GCoreUlr: DispatchingService.onDestroy()
04-06 00:55:19.427  2171  2171 I GCoreUlr: Stopping handler for UlrDispSvcFast
04-06 00:55:19.432  2171  2171 I GCoreUlr: Unbound from all location providers
04-06 00:55:19.432  2171  2171 I GCoreUlr: Place inference reporting - stop
04-06 00:55:19.434  2171  3338 I GCoreUlr: Starting service, intent=Intent { act=com.google.android.location.reporting.ACTION_UPDATE_WORLD cmp=com.google.android.gms/com.google.android.location.reporting.service.DispatchingService (has extras) }, extras=Bundle[{receiverAction=com.google.android.location.reporting.PHENOTYPE_FLAGS_CHANGED}]
04-06 00:55:19.438  2171  2171 E BluetoothAdapter: Bluetooth binder is null
04-06 00:55:19.461  2171  3338 I GCoreUlr: WorldUpdater received intent Intent { act=com.google.android.location.reporting.ACTION_UPDATE_WORLD cmp=com.google.android.gms/com.google.android.location.reporting.service.DispatchingService (has extras) } with receiverAction com.google.android.location.reporting.PHENOTYPE_FLAGS_CHANGED
04-06 00:55:19.464  2171  3338 E GCoreUlr: Bad errorId configuring silent feedback
04-06 00:55:19.464  2171  3338 I GCoreUlr: WorldUpdater:com.google.android.location.reporting.PHENOTYPE_FLAGS_CHANGED: Ensuring that reporting is stopped because of reasons: (no Google accounts)
04-06 00:55:19.467  2171  3338 I GCoreUlr: Unbound from all location providers
04-06 00:55:19.467  2171  3338 I GCoreUlr: Place inference reporting - stop
04-06 00:55:19.470  2171  2171 I GCoreUlr: DispatchingService.onDestroy()
04-06 00:55:19.471  2171  2171 I GCoreUlr: Stopping handler for UlrDispSvcFast
04-06 00:55:19.473  2171  2171 I GCoreUlr: Unbound from all location providers
04-06 00:55:19.473  2171  2171 I GCoreUlr: Place inference reporting - stop
04-06 00:55:19.489  2171  3990 I GCoreUlr: Starting service, intent=Intent { act=com.google.android.location.reporting.ACTION_UPDATE_WORLD cmp=com.google.android.gms/com.google.android.location.reporting.service.DispatchingService (has extras) }, extras=Bundle[{receiverAction=com.google.android.location.reporting.PHENOTYPE_FLAGS_CHANGED}]
04-06 00:55:19.493  2171  2171 E BluetoothAdapter: Bluetooth binder is null
04-06 00:55:19.517  2171  3990 I GCoreUlr: WorldUpdater received intent Intent { act=com.google.android.location.reporting.ACTION_UPDATE_WORLD cmp=com.google.android.gms/com.google.android.location.reporting.service.DispatchingService (has extras) } with receiverAction com.google.android.location.reporting.PHENOTYPE_FLAGS_CHANGED
04-06 00:55:19.520  2171  3990 E GCoreUlr: Bad errorId configuring silent feedback
04-06 00:55:19.520  2171  3990 I GCoreUlr: WorldUpdater:com.google.android.location.reporting.PHENOTYPE_FLAGS_CHANGED: Ensuring that reporting is stopped because of reasons: (no Google accounts)
04-06 00:55:19.526  2171  3990 I GCoreUlr: Unbound from all location providers
04-06 00:55:19.526  2171  3990 I GCoreUlr: Place inference reporting - stop
04-06 00:55:19.528  2171  2171 I GCoreUlr: DispatchingService.onDestroy()
04-06 00:55:19.529  2171  2171 I GCoreUlr: Stopping handler for UlrDispSvcFast
04-06 00:55:19.533  2171  2171 I GCoreUlr: Unbound from all location providers
04-06 00:55:19.533  2171  2171 I GCoreUlr: Place inference reporting - stop
04-06 00:55:19.551  2171  3338 I GCoreUlr: Starting service, intent=Intent { act=com.google.android.location.reporting.ACTION_UPDATE_WORLD cmp=com.google.android.gms/com.google.android.location.reporting.service.DispatchingService (has extras) }, extras=Bundle[{receiverAction=com.google.android.location.reporting.PHENOTYPE_FLAGS_CHANGED}]
04-06 00:55:19.554  2171  2171 E BluetoothAdapter: Bluetooth binder is null
04-06 00:55:19.587  2171  3338 I GCoreUlr: WorldUpdater received intent Intent { act=com.google.android.location.reporting.ACTION_UPDATE_WORLD cmp=com.google.android.gms/com.google.android.location.reporting.service.DispatchingService (has extras) } with receiverAction com.google.android.location.reporting.PHENOTYPE_FLAGS_CHANGED
04-06 00:55:19.588  2171  3338 E GCoreUlr: Bad errorId configuring silent feedback
04-06 00:55:19.589  2171  3338 I GCoreUlr: WorldUpdater:com.google.android.location.reporting.PHENOTYPE_FLAGS_CHANGED: Ensuring that reporting is stopped because of reasons: (no Google accounts)
04-06 00:55:19.592  2171  3338 I GCoreUlr: Unbound from all location providers
04-06 00:55:19.592  2171  3338 I GCoreUlr: Place inference reporting - stop
04-06 00:55:19.600  2171  2171 I GCoreUlr: DispatchingService.onDestroy()
04-06 00:55:19.601  2171  2171 I GCoreUlr: Stopping handler for UlrDispSvcFast
04-06 00:55:19.605  2171  2171 I GCoreUlr: Unbound from all location providers
04-06 00:55:19.605  2171  2171 I GCoreUlr: Place inference reporting - stop
04-06 00:55:19.609  2171  3990 I GCoreUlr: Starting service, intent=Intent { act=com.google.android.location.reporting.ACTION_UPDATE_WORLD cmp=com.google.android.gms/com.google.android.location.reporting.service.DispatchingService (has extras) }, extras=Bundle[{receiverAction=com.google.android.location.reporting.PHENOTYPE_FLAGS_CHANGED}]
04-06 00:55:19.613  2171  2171 E BluetoothAdapter: Bluetooth binder is null
04-06 00:55:19.641  2171  3990 I GCoreUlr: WorldUpdater received intent Intent { act=com.google.android.location.reporting.ACTION_UPDATE_WORLD cmp=com.google.android.gms/com.google.android.location.reporting.service.DispatchingService (has extras) } with receiverAction com.google.android.location.reporting.PHENOTYPE_FLAGS_CHANGED
04-06 00:55:19.644  2171  3990 E GCoreUlr: Bad errorId configuring silent feedback
04-06 00:55:19.644  2171  3990 I GCoreUlr: WorldUpdater:com.google.android.location.reporting.PHENOTYPE_FLAGS_CHANGED: Ensuring that reporting is stopped because of reasons: (no Google accounts)
04-06 00:55:19.646  2171  3990 I GCoreUlr: Unbound from all location providers
04-06 00:55:19.646  2171  3990 I GCoreUlr: Place inference reporting - stop
04-06 00:55:19.652  2171  2171 I GCoreUlr: DispatchingService.onDestroy()
04-06 00:55:19.653  2171  2171 I GCoreUlr: Stopping handler for UlrDispSvcFast
04-06 00:55:19.656  2171  2171 I GCoreUlr: Unbound from all location providers
04-06 00:55:19.656  2171  2171 I GCoreUlr: Place inference reporting - stop
04-06 00:55:19.670  2171  3338 I GCoreUlr: Starting service, intent=Intent { act=com.google.android.location.reporting.ACTION_UPDATE_WORLD cmp=com.google.android.gms/com.google.android.location.reporting.service.DispatchingService (has extras) }, extras=Bundle[{receiverAction=com.google.android.location.reporting.PHENOTYPE_FLAGS_CHANGED}]
04-06 00:55:19.674  2171  2171 E BluetoothAdapter: Bluetooth binder is null
04-06 00:55:19.705  2171  3991 I GCoreUlr: WorldUpdater received intent Intent { act=com.google.android.location.reporting.ACTION_UPDATE_WORLD cmp=com.google.android.gms/com.google.android.location.reporting.service.DispatchingService (has extras) } with receiverAction com.google.android.location.reporting.PHENOTYPE_FLAGS_CHANGED
04-06 00:55:19.707  2171  3991 E GCoreUlr: Bad errorId configuring silent feedback
04-06 00:55:19.708  2171  3991 I GCoreUlr: WorldUpdater:com.google.android.location.reporting.PHENOTYPE_FLAGS_CHANGED: Ensuring that reporting is stopped because of reasons: (no Google accounts)
04-06 00:55:19.711  2171  3991 I GCoreUlr: Unbound from all location providers
04-06 00:55:19.711  2171  3991 I GCoreUlr: Place inference reporting - stop
04-06 00:55:19.714  2171  2171 I GCoreUlr: DispatchingService.onDestroy()
04-06 00:55:19.715  2171  2171 I GCoreUlr: Stopping handler for UlrDispSvcFast
04-06 00:55:19.719  2171  2171 I GCoreUlr: Unbound from all location providers
04-06 00:55:19.719  2171  2171 I GCoreUlr: Place inference reporting - stop
04-06 00:55:19.732  2171  3990 I GCoreUlr: Starting service, intent=Intent { act=com.google.android.location.reporting.ACTION_UPDATE_WORLD cmp=com.google.android.gms/com.google.android.location.reporting.service.DispatchingService (has extras) }, extras=Bundle[{receiverAction=com.google.android.location.reporting.PHENOTYPE_FLAGS_CHANGED}]
04-06 00:55:19.736  2171  2171 E BluetoothAdapter: Bluetooth binder is null
04-06 00:55:19.770  2171  3990 I GCoreUlr: WorldUpdater received intent Intent { act=com.google.android.location.reporting.ACTION_UPDATE_WORLD cmp=com.google.android.gms/com.google.android.location.reporting.service.DispatchingService (has extras) } with receiverAction com.google.android.location.reporting.PHENOTYPE_FLAGS_CHANGED
04-06 00:55:19.773  2171  3990 E GCoreUlr: Bad errorId configuring silent feedback
04-06 00:55:19.773  2171  3990 I GCoreUlr: WorldUpdater:com.google.android.location.reporting.PHENOTYPE_FLAGS_CHANGED: Ensuring that reporting is stopped because of reasons: (no Google accounts)
04-06 00:55:19.779  2171  3990 I GCoreUlr: Unbound from all location providers
04-06 00:55:19.779  2171  3990 I GCoreUlr: Place inference reporting - stop
04-06 00:55:19.785  2171  2171 I GCoreUlr: DispatchingService.onDestroy()
04-06 00:55:19.786  2171  2171 I GCoreUlr: Stopping handler for UlrDispSvcFast
04-06 00:55:19.792  2171  2171 I GCoreUlr: Unbound from all location providers
04-06 00:55:19.793  2171  2171 I GCoreUlr: Place inference reporting - stop
04-06 00:55:19.798  2171  3991 I GCoreUlr: Starting service, intent=Intent { act=com.google.android.location.reporting.ACTION_UPDATE_WORLD cmp=com.google.android.gms/com.google.android.location.reporting.service.DispatchingService (has extras) }, extras=Bundle[{receiverAction=com.google.android.location.reporting.PHENOTYPE_FLAGS_CHANGED}]
04-06 00:55:19.802  2171  2171 E BluetoothAdapter: Bluetooth binder is null
04-06 00:55:19.832  2171  3991 I GCoreUlr: WorldUpdater received intent Intent { act=com.google.android.location.reporting.ACTION_UPDATE_WORLD cmp=com.google.android.gms/com.google.android.location.reporting.service.DispatchingService (has extras) } with receiverAction com.google.android.location.reporting.PHENOTYPE_FLAGS_CHANGED
04-06 00:55:19.838  2171  3991 E GCoreUlr: Bad errorId configuring silent feedback
04-06 00:55:19.838  2171  3991 I GCoreUlr: WorldUpdater:com.google.android.location.reporting.PHENOTYPE_FLAGS_CHANGED: Ensuring that reporting is stopped because of reasons: (no Google accounts)
04-06 00:55:19.843  2171  3991 I GCoreUlr: Unbound from all location providers
04-06 00:55:19.843  2171  3991 I GCoreUlr: Place inference reporting - stop
04-06 00:55:19.849  2171  2171 I GCoreUlr: DispatchingService.onDestroy()
04-06 00:55:19.849  2171  2171 I GCoreUlr: Stopping handler for UlrDispSvcFast
04-06 00:55:19.852  2171  2171 I GCoreUlr: Unbound from all location providers
04-06 00:55:19.852  2171  2171 I GCoreUlr: Place inference reporting - stop
04-06 00:55:19.864  2171  3990 I GCoreUlr: Starting service, intent=Intent { act=com.google.android.location.reporting.ACTION_UPDATE_WORLD cmp=com.google.android.gms/com.google.android.location.reporting.service.DispatchingService (has extras) }, extras=Bundle[{receiverAction=com.google.android.location.reporting.PHENOTYPE_FLAGS_CHANGED}]
04-06 00:55:19.867  2171  2171 E BluetoothAdapter: Bluetooth binder is null
04-06 00:55:19.899  2171  3990 I GCoreUlr: WorldUpdater received intent Intent { act=com.google.android.location.reporting.ACTION_UPDATE_WORLD cmp=com.google.android.gms/com.google.android.location.reporting.service.DispatchingService (has extras) } with receiverAction com.google.android.location.reporting.PHENOTYPE_FLAGS_CHANGED
04-06 00:55:19.901  2171  3990 E GCoreUlr: Bad errorId configuring silent feedback
04-06 00:55:19.902  2171  3990 I GCoreUlr: WorldUpdater:com.google.android.location.reporting.PHENOTYPE_FLAGS_CHANGED: Ensuring that reporting is stopped because of reasons: (no Google accounts)
04-06 00:55:19.906  2171  3990 I GCoreUlr: Unbound from all location providers
04-06 00:55:19.906  2171  3990 I GCoreUlr: Place inference reporting - stop
04-06 00:55:19.910  2171  2171 I GCoreUlr: DispatchingService.onDestroy()
04-06 00:55:19.912  2171  2171 I GCoreUlr: Stopping handler for UlrDispSvcFast
04-06 00:55:19.914  2171  2171 I GCoreUlr: Unbound from all location providers
04-06 00:55:19.914  2171  2171 I GCoreUlr: Place inference reporting - stop
04-06 00:55:19.930  2171  3991 I GCoreUlr: Starting service, intent=Intent { act=com.google.android.location.reporting.ACTION_UPDATE_WORLD cmp=com.google.android.gms/com.google.android.location.reporting.service.DispatchingService (has extras) }, extras=Bundle[{receiverAction=com.google.android.location.reporting.PHENOTYPE_FLAGS_CHANGED}]
04-06 00:55:19.934  2171  2171 E BluetoothAdapter: Bluetooth binder is null
04-06 00:55:19.973  2171  3991 I GCoreUlr: WorldUpdater received intent Intent { act=com.google.android.location.reporting.ACTION_UPDATE_WORLD cmp=com.google.android.gms/com.google.android.location.reporting.service.DispatchingService (has extras) } with receiverAction com.google.android.location.reporting.PHENOTYPE_FLAGS_CHANGED
04-06 00:55:19.994  2171  3990 I GCoreUlr: Starting service, intent=Intent { act=com.google.android.location.reporting.ACTION_UPDATE_WORLD cmp=com.google.android.gms/com.google.android.location.reporting.service.DispatchingService (has extras) }, extras=Bundle[{receiverAction=com.google.android.location.reporting.PHENOTYPE_FLAGS_CHANGED}]
04-06 00:55:19.995  2171  3991 E GCoreUlr: Bad errorId configuring silent feedback
04-06 00:55:19.995  2171  3991 I GCoreUlr: WorldUpdater:com.google.android.location.reporting.PHENOTYPE_FLAGS_CHANGED: Ensuring that reporting is stopped because of reasons: (no Google accounts)
04-06 00:55:19.998  2171  3991 I GCoreUlr: Unbound from all location providers
04-06 00:55:19.998  2171  3991 I GCoreUlr: Place inference reporting - stop
04-06 00:55:20.005  2171  3991 I GCoreUlr: WorldUpdater received intent Intent { act=com.google.android.location.reporting.ACTION_UPDATE_WORLD cmp=com.google.android.gms/com.google.android.location.reporting.service.DispatchingService (has extras) } with receiverAction com.google.android.location.reporting.PHENOTYPE_FLAGS_CHANGED
04-06 00:55:20.007  2171  3991 E GCoreUlr: Bad errorId configuring silent feedback
04-06 00:55:20.008  2171  3991 I GCoreUlr: WorldUpdater:com.google.android.location.reporting.PHENOTYPE_FLAGS_CHANGED: Ensuring that reporting is stopped because of reasons: (no Google accounts)
04-06 00:55:20.012  2171  3991 I GCoreUlr: Unbound from all location providers
04-06 00:55:20.012  2171  3991 I GCoreUlr: Place inference reporting - stop
04-06 00:55:20.015  2171  2171 I GCoreUlr: DispatchingService.onDestroy()
04-06 00:55:20.016  2171  2171 I GCoreUlr: Stopping handler for UlrDispSvcFast
04-06 00:55:20.019  2171  2171 I GCoreUlr: Unbound from all location providers
04-06 00:55:20.019  2171  2171 I GCoreUlr: Place inference reporting - stop
04-06 00:55:20.653  2396  3083 W PlatformStatsUtil: Could not retrieve Usage & Diagnostics setting. Giving up.
04-06 00:55:25.716  2396  3083 W PlatformStatsUtil: Could not retrieve Usage & Diagnostics setting. Giving up.
04-06 00:55:30.777  2396  3083 W PlatformStatsUtil: Could not retrieve Usage & Diagnostics setting. Giving up.
04-06 00:55:35.355  1650  3653 I ActivityManager: Killing 2458:com.google.android.partnersetup/u0a18 (adj 906): empty #17
04-06 00:55:35.389  2396  4001 W IcingInternalCorpora: getNumBytesRead when not calculated.
04-06 00:55:35.395  2396  2405 W SQLiteConnectionPool: A SQLiteConnection object for database '/data/user/0/com.google.android.gms/databases/networkstatistics.sqlite' was leaked!  Please fix your application to end transactions in progress properly and to close the database when it is no longer needed.
04-06 00:55:35.403  1650  3653 D ActivityManager: cleanUpApplicationRecord -- 2458
04-06 00:55:35.823  2396  3083 W PlatformStatsUtil: Could not retrieve Usage & Diagnostics setting. Giving up.
04-06 00:55:40.878  2396  3083 W PlatformStatsUtil: Could not retrieve Usage & Diagnostics setting. Giving up.
04-06 00:55:45.944  2396  3083 W PlatformStatsUtil: Could not retrieve Usage & Diagnostics setting. Giving up.
04-06 00:55:51.010  2396  3083 W PlatformStatsUtil: Could not retrieve Usage & Diagnostics setting. Giving up.
04-06 00:55:56.076  2396  3083 W PlatformStatsUtil: Could not retrieve Usage & Diagnostics setting. Giving up.
04-06 00:55:56.084  1650  1661 I ActivityManager: Killing 3113:com.google.process.gapps/u0a47 (adj 906): empty #17
04-06 00:55:56.123  1650  2149 D ActivityManager: cleanUpApplicationRecord -- 3113
04-06 00:56:01.138  2396  3083 W PlatformStatsUtil: Could not retrieve Usage & Diagnostics setting. Giving up.
04-06 00:56:06.204  2396  3083 W PlatformStatsUtil: Could not retrieve Usage & Diagnostics setting. Giving up.
04-06 00:56:11.274  2396  3083 W PlatformStatsUtil: Could not retrieve Usage & Diagnostics setting. Giving up.
04-06 00:56:16.342  2396  3083 W PlatformStatsUtil: Could not retrieve Usage & Diagnostics setting. Giving up.
04-06 00:56:21.396  2396  3083 W PlatformStatsUtil: Could not retrieve Usage & Diagnostics setting. Giving up.
04-06 00:56:26.460  2396  3083 W PlatformStatsUtil: Could not retrieve Usage & Diagnostics setting. Giving up.
04-06 00:56:31.518  2396  3083 W PlatformStatsUtil: Could not retrieve Usage & Diagnostics setting. Giving up.
04-06 00:56:36.589  2396  3083 W PlatformStatsUtil: Could not retrieve Usage & Diagnostics setting. Giving up.
04-06 00:56:41.654  2396  3083 W PlatformStatsUtil: Could not retrieve Usage & Diagnostics setting. Giving up.
04-06 00:56:46.713  2396  3083 W PlatformStatsUtil: Could not retrieve Usage & Diagnostics setting. Giving up.
04-06 00:58:55.894  4062  4062 D AndroidRuntime: >>>>>> START com.android.internal.os.RuntimeInit uid 2000 <<<<<<
04-06 00:58:55.896  4062  4062 D AndroidRuntime: CheckJNI is ON
04-06 00:58:55.989  4062  4062 W art     : Unexpected CPU variant for X86 using defaults: x86
04-06 00:58:55.998  4062  4062 D ICU     : No timezone override file found: /data/misc/zoneinfo/current/icu/icu_tzdata.dat
04-06 00:58:56.056  4062  4062 E memtrack: Couldn't load memtrack module (No such file or directory)
04-06 00:58:56.056  4062  4062 E android.os.Debug: failed to load memtrack module: -2
04-06 00:58:56.057  4062  4062 I Radio-JNI: register_android_hardware_Radio DONE
04-06 00:58:56.120  4062  4062 D AndroidRuntime: Calling main entry com.android.commands.wm.Wm
04-06 00:58:56.133  4062  4062 D AndroidRuntime: Shutting down VM
04-06 01:04:45.386  2310  4146 I UpdateIcingCorporaServi: Updating corpora: APPS=MAYBE, CONTACTS=FORCE_ALL
04-06 01:04:45.404  2396  4147 W IcingInternalCorpora: getNumBytesRead when not calculated.
04-06 01:04:45.430  2310  4146 I UpdateIcingCorporaServi: UpdateCorporaTask done [took 44 ms] updated apps [took 13 ms] updated contacts [took 31 ms]
04-06 01:11:18.472  4235  4235 D AndroidRuntime: >>>>>> START com.android.internal.os.RuntimeInit uid 2000 <<<<<<
04-06 01:11:18.475  4235  4235 D AndroidRuntime: CheckJNI is ON
04-06 01:11:18.498  4233  4233 D AndroidRuntime: >>>>>> START com.android.internal.os.RuntimeInit uid 2000 <<<<<<
04-06 01:11:18.500  4233  4233 D AndroidRuntime: CheckJNI is ON
04-06 01:11:18.507  4235  4235 W art     : Unexpected CPU variant for X86 using defaults: x86
04-06 01:11:18.511  4235  4235 D ICU     : No timezone override file found: /data/misc/zoneinfo/current/icu/icu_tzdata.dat
04-06 01:11:18.536  4235  4235 E memtrack: Couldn't load memtrack module (No such file or directory)
04-06 01:11:18.536  4235  4235 E android.os.Debug: failed to load memtrack module: -2
04-06 01:11:18.539  4235  4235 I Radio-JNI: register_android_hardware_Radio DONE
04-06 01:11:18.543  4233  4233 W art     : Unexpected CPU variant for X86 using defaults: x86
04-06 01:11:18.547  4233  4233 D ICU     : No timezone override file found: /data/misc/zoneinfo/current/icu/icu_tzdata.dat
04-06 01:11:18.550  4235  4235 D AndroidRuntime: Calling main entry com.android.commands.pm.Pm
04-06 01:11:18.578  4233  4233 E memtrack: Couldn't load memtrack module (No such file or directory)
04-06 01:11:18.578  4233  4233 E android.os.Debug: failed to load memtrack module: -2
04-06 01:11:18.579  4233  4233 I Radio-JNI: register_android_hardware_Radio DONE
04-06 01:11:18.587  4235  4235 I art     : System.exit called, status: 0
04-06 01:11:18.587  4235  4235 I AndroidRuntime: VM exiting with result code 0.
04-06 01:11:18.593  4233  4233 D AndroidRuntime: Calling main entry com.android.commands.pm.Pm
04-06 01:11:18.618  4233  4233 I art     : System.exit called, status: 0
04-06 01:11:18.618  4233  4233 I AndroidRuntime: VM exiting with result code 0.
04-06 01:11:18.648  4233  4253 W MessageQueue: Handler (android.os.Handler) {2e92230} sending message to a Handler on a dead thread
04-06 01:11:18.648  4233  4253 W MessageQueue: java.lang.IllegalStateException: Handler (android.os.Handler) {2e92230} sending message to a Handler on a dead thread
04-06 01:11:18.648  4233  4253 W MessageQueue: 	at android.os.MessageQueue.enqueueMessage(MessageQueue.java:543)
04-06 01:11:18.648  4233  4253 W MessageQueue: 	at android.os.Handler.enqueueMessage(Handler.java:643)
04-06 01:11:18.648  4233  4253 W MessageQueue: 	at android.os.Handler.sendMessageAtTime(Handler.java:612)
04-06 01:11:18.648  4233  4253 W MessageQueue: 	at android.os.Handler.sendMessageDelayed(Handler.java:582)
04-06 01:11:18.648  4233  4253 W MessageQueue: 	at android.os.Handler.post(Handler.java:338)
04-06 01:11:18.648  4233  4253 W MessageQueue: 	at android.os.ResultReceiver$MyResultReceiver.send(ResultReceiver.java:57)
